Archive member included because of file (symbol)

C:\Users\ashis\SimplicityStudio\v4_workspace\Final-Project-Client\platform\radio\rail_lib\autogen\librail_release\librail_efr32xg1_gcc_release.a(rail_pti.o)
                              ./pti.o (RAIL_ConfigPti)
C:\Users\ashis\SimplicityStudio\v4_workspace\Final-Project-Client\platform\radio\rail_lib\autogen\librail_release\librail_efr32xg1_gcc_release.a(rail_rf_hal.o)
                              C:\Users\ashis\SimplicityStudio\v4_workspace\Final-Project-Client\platform\radio\rail_lib\autogen\librail_release\librail_efr32xg1_gcc_release.a(rail_pti.o) (RFHAL_ConfigPti)
C:\Users\ashis\SimplicityStudio\v4_workspace\Final-Project-Client\platform\radio\rail_lib\autogen\librail_release\librail_efr32xg1_gcc_release.a(rail_singleprotocol.o)
                              C:\Users\ashis\SimplicityStudio\v4_workspace\Final-Project-Client\platform\radio\rail_lib\autogen\librail_release\librail_efr32xg1_gcc_release.a(rail_rf_hal.o) (RAIL_ActiveHandle)
C:\Users\ashis\SimplicityStudio\v4_workspace\Final-Project-Client\platform\radio\rail_lib\autogen\librail_release\librail_efr32xg1_gcc_release.a(rail_rf.o)
                              C:\Users\ashis\SimplicityStudio\v4_workspace\Final-Project-Client\platform\radio\rail_lib\autogen\librail_release\librail_efr32xg1_gcc_release.a(rail_singleprotocol.o) (RAILCore_Init)
C:\Users\ashis\SimplicityStudio\v4_workspace\Final-Project-Client\platform\radio\rail_lib\autogen\librail_release\librail_efr32xg1_gcc_release.a(rail_rx.o)
                              C:\Users\ashis\SimplicityStudio\v4_workspace\Final-Project-Client\platform\radio\rail_lib\autogen\librail_release\librail_efr32xg1_gcc_release.a(rail_rf_hal.o) (RAILCore_StartRx)
C:\Users\ashis\SimplicityStudio\v4_workspace\Final-Project-Client\platform\radio\rail_lib\autogen\librail_release\librail_efr32xg1_gcc_release.a(rail_tx.o)
                              C:\Users\ashis\SimplicityStudio\v4_workspace\Final-Project-Client\platform\radio\rail_lib\autogen\librail_release\librail_efr32xg1_gcc_release.a(rail_singleprotocol.o) (RAILCore_StartTx)
C:\Users\ashis\SimplicityStudio\v4_workspace\Final-Project-Client\platform\radio\rail_lib\autogen\librail_release\librail_efr32xg1_gcc_release.a(rail_calibration.o)
                              C:\Users\ashis\SimplicityStudio\v4_workspace\Final-Project-Client\platform\radio\rail_lib\autogen\librail_release\librail_efr32xg1_gcc_release.a(rail_rf_hal.o) (RAILInt_PendCal)
C:\Users\ashis\SimplicityStudio\v4_workspace\Final-Project-Client\platform\radio\rail_lib\autogen\librail_release\librail_efr32xg1_gcc_release.a(rail_assert.o)
                              C:\Users\ashis\SimplicityStudio\v4_workspace\Final-Project-Client\platform\radio\rail_lib\autogen\librail_release\librail_efr32xg1_gcc_release.a(rail_rf.o) (RAILInt_Assert)
C:\Users\ashis\SimplicityStudio\v4_workspace\Final-Project-Client\platform\radio\rail_lib\autogen\librail_release\librail_efr32xg1_gcc_release.a(rail_rssi.o)
                              C:\Users\ashis\SimplicityStudio\v4_workspace\Final-Project-Client\platform\radio\rail_lib\autogen\librail_release\librail_efr32xg1_gcc_release.a(rail_singleprotocol.o) (RAILCore_GetRssi)
C:\Users\ashis\SimplicityStudio\v4_workspace\Final-Project-Client\platform\radio\rail_lib\autogen\librail_release\librail_efr32xg1_gcc_release.a(bufc.o)
                              C:\Users\ashis\SimplicityStudio\v4_workspace\Final-Project-Client\platform\radio\rail_lib\autogen\librail_release\librail_efr32xg1_gcc_release.a(rail_rf_hal.o) (BUFC_SetTxBuffer)
C:\Users\ashis\SimplicityStudio\v4_workspace\Final-Project-Client\platform\radio\rail_lib\autogen\librail_release\librail_efr32xg1_gcc_release.a(ir_cal.o)
                              C:\Users\ashis\SimplicityStudio\v4_workspace\Final-Project-Client\platform\radio\rail_lib\autogen\librail_release\librail_efr32xg1_gcc_release.a(rail_rf_hal.o) (IRCAL_Set)
C:\Users\ashis\SimplicityStudio\v4_workspace\Final-Project-Client\platform\radio\rail_lib\autogen\librail_release\librail_efr32xg1_gcc_release.a(pa.o)
                              C:\Users\ashis\SimplicityStudio\v4_workspace\Final-Project-Client\platform\radio\rail_lib\autogen\librail_release\librail_efr32xg1_gcc_release.a(rail_rf_hal.o) (PA_GetTxPowerConfig)
C:\Users\ashis\SimplicityStudio\v4_workspace\Final-Project-Client\platform\radio\rail_lib\autogen\librail_release\librail_efr32xg1_gcc_release.a(protimer.o)
                              C:\Users\ashis\SimplicityStudio\v4_workspace\Final-Project-Client\platform\radio\rail_lib\autogen\librail_release\librail_efr32xg1_gcc_release.a(rail_rf_hal.o) (PROTIMER_Start)
C:\Users\ashis\SimplicityStudio\v4_workspace\Final-Project-Client\platform\radio\rail_lib\autogen\librail_release\librail_efr32xg1_gcc_release.a(pti.o)
[...]
Memory Configuration

Name             Origin             Length             Attributes
FLASH_BOOTLOADER 0x00000000         0x00004000         xr
FLASH            0x00004000         0x0003b000         xr
RAM              0x20000000         0x00007bfc         xrw
*default*        0x00000000         0xffffffff

Linker script and memory map

LOAD c:/siliconlabs/simplicitystudio/v4/developer/toolchains/gnu_arm/4.9_2015q3/bin/../lib/gcc/arm-none-eabi/4.9.3/armv7e-m/softfp/crti.o
LOAD c:/siliconlabs/simplicitystudio/v4/developer/toolchains/gnu_arm/4.9_2015q3/bin/../lib/gcc/arm-none-eabi/4.9.3/armv7e-m/softfp/crtbegin.o
LOAD c:/siliconlabs/simplicitystudio/v4/developer/toolchains/gnu_arm/4.9_2015q3/bin/../lib/gcc/arm-none-eabi/4.9.3/../../../../arm-none-eabi/lib/armv7e-m/softfp/crt0.o
START GROUP
LOAD ./application_properties.o
LOAD ./gatt_db.o
LOAD ./init_app.o
LOAD ./init_board.o
LOAD ./init_mcu.o
LOAD ./main.o
LOAD ./pti.o
LOAD ./hardware/kit/common/bsp/bsp_stk.o
LOAD ./hardware/kit/common/drivers/mx25flash_spi.o
LOAD ./lcd_graphics/bmp.o
LOAD ./lcd_graphics/display.o
LOAD ./lcd_graphics/displayls013b7dh03.o
LOAD ./lcd_graphics/displaypalemlib.o
LOAD ./lcd_graphics/dmd_display.o
LOAD ./lcd_graphics/glib.o
LOAD ./lcd_graphics/glib_bitmap.o
LOAD ./lcd_graphics/glib_circle.o
LOAD ./lcd_graphics/glib_font_narrow_6x8.o
LOAD ./lcd_graphics/glib_font_normal_8x8.o
LOAD ./lcd_graphics/glib_font_number_16x20.o
LOAD ./lcd_graphics/glib_line.o
LOAD ./lcd_graphics/glib_polygon.o
LOAD ./lcd_graphics/glib_rectangle.o
LOAD ./lcd_graphics/glib_string.o
LOAD ./lcd_graphics/graphics.o
LOAD ./lcd_graphics/udelay.o
LOAD ./platform/Device/SiliconLabs/EFR32BG1B/Source/GCC/startup_efr32bg1b.o
LOAD ./platform/Device/SiliconLabs/EFR32BG1B/Source/system_efr32bg1b.o
LOAD ./platform/emdrv/sleep/src/sleep.o
LOAD ./platform/emdrv/tempdrv/src/tempdrv.o
LOAD ./platform/emlib/src/em_cmu.o
LOAD ./platform/emlib/src/em_core.o
LOAD ./platform/emlib/src/em_cryotimer.o
LOAD ./platform/emlib/src/em_crypto.o
LOAD ./platform/emlib/src/em_dma.o
LOAD ./platform/emlib/src/em_emu.o
LOAD ./platform/emlib/src/em_gpio.o
LOAD ./platform/emlib/src/em_i2c.o
LOAD ./platform/emlib/src/em_lcd.o
LOAD ./platform/emlib/src/em_ldma.o
LOAD ./platform/emlib/src/em_letimer.o
LOAD ./platform/emlib/src/em_msc.o
LOAD ./platform/emlib/src/em_rmu.o
LOAD ./platform/emlib/src/em_rtcc.o
LOAD ./platform/emlib/src/em_system.o
LOAD ./platform/emlib/src/em_usart.o
LOAD ./src/cmu.o
LOAD ./src/gpio.o
LOAD ./src/i2c.o
LOAD ./src/letimer.o
LOAD C:\Users\ashis\SimplicityStudio\v4_workspace\Final-Project-Client\protocol\bluetooth_2.7\lib\EFR32BG1B\GCC\libmbedtls.a
LOAD C:\Users\ashis\SimplicityStudio\v4_workspace\Final-Project-Client\platform\radio\rail_lib\autogen\librail_release\librail_efr32xg1_gcc_release.a
LOAD C:\Users\ashis\SimplicityStudio\v4_workspace\Final-Project-Client\protocol\bluetooth_2.7\lib\EFR32BG1B\GCC\libpsstore.a
LOAD C:\Users\ashis\SimplicityStudio\v4_workspace\Final-Project-Client\protocol\bluetooth_2.7\lib\EFR32BG1B\GCC\libbluetooth.a
LOAD C:\Users\ashis\SimplicityStudio\v4_workspace\Final-Project-Client\protocol\bluetooth_2.7\lib\EFR32BG1B\GCC\binapploader.o
LOAD c:/siliconlabs/simplicitystudio/v4/developer/toolchains/gnu_arm/4.9_2015q3/bin/../lib/gcc/arm-none-eabi/4.9.3/../../../../arm-none-eabi/lib/armv7e-m/softfp\libm.a
END GROUP
START GROUP
LOAD c:/siliconlabs/simplicitystudio/v4/developer/toolchains/gnu_arm/4.9_2015q3/bin/../lib/gcc/arm-none-eabi/4.9.3/armv7e-m/softfp\libgcc.a
LOAD c:/siliconlabs/simplicitystudio/v4/developer/toolchains/gnu_arm/4.9_2015q3/bin/../lib/gcc/arm-none-eabi/4.9.3/../../../../arm-none-eabi/lib/armv7e-m/softfp\libc_nano.a
LOAD c:/siliconlabs/simplicitystudio/v4/developer/toolchains/gnu_arm/4.9_2015q3/bin/../lib/gcc/arm-none-eabi/4.9.3/../../../../arm-none-eabi/lib/armv7e-m/softfp\libnosys.a
END GROUP
START GROUP
LOAD c:/siliconlabs/simplicitystudio/v4/developer/toolchains/gnu_arm/4.9_2015q3/bin/../lib/gcc/arm-none-eabi/4.9.3/armv7e-m/softfp\libgcc.a
LOAD c:/siliconlabs/simplicitystudio/v4/developer/toolchains/gnu_arm/4.9_2015q3/bin/../lib/gcc/arm-none-eabi/4.9.3/../../../../arm-none-eabi/lib/armv7e-m/softfp\libg_nano.a
LOAD c:/siliconlabs/simplicitystudio/v4/developer/toolchains/gnu_arm/4.9_2015q3/bin/../lib/gcc/arm-none-eabi/4.9.3/../../../../arm-none-eabi/lib/armv7e-m/softfp\libc_nano.a
END GROUP
START GROUP
LOAD c:/siliconlabs/simplicitystudio/v4/developer/toolchains/gnu_arm/4.9_2015q3/bin/../lib/gcc/arm-none-eabi/4.9.3/armv7e-m/softfp\libgcc.a
LOAD c:/siliconlabs/simplicitystudio/v4/developer/toolchains/gnu_arm/4.9_2015q3/bin/../lib/gcc/arm-none-eabi/4.9.3/../../../../arm-none-eabi/lib/armv7e-m/softfp\libc_nano.a
END GROUP
LOAD c:/siliconlabs/simplicitystudio/v4/developer/toolchains/gnu_arm/4.9_2015q3/bin/../lib/gcc/arm-none-eabi/4.9.3/armv7e-m/softfp/crtend.o
LOAD c:/siliconlabs/simplicitystudio/v4/developer/toolchains/gnu_arm/4.9_2015q3/bin/../lib/gcc/arm-none-eabi/4.9.3/armv7e-m/softfp/crtn.o

.text_bootloader
                0x00000000        0x0
 *(.binbootloader*)
                0x00000000                . = ALIGN (0x4000)

.text_apploader
                0x00004000     0x8fc0
 *(.binapploader*)
 .binapploader  0x00004000     0x8fc0 C:\Users\ashis\SimplicityStudio\v4_workspace\Final-Project-Client\protocol\bluetooth_2.7\lib\EFR32BG1B\GCC\binapploader.o

.text_signature
                0x0000cfc0       0x40
                0x0000d000                . = ALIGN (0x800)
 *fill*         0x0000cfc0       0x40 
                0x0000d000                __text_start__ = .

.text_application
                0x0000d000    0x24514
 *(.vectors)
 .vectors       0x0000d000       0xc8 ./platform/Device/SiliconLabs/EFR32BG1B/Source/GCC/startup_efr32bg1b.o
                0x0000d000                __Vectors
                0x0000d0c8                __Vectors_End = .
                0x000000c8                __Vectors_Size = (__Vectors_End - __Vectors)
                0x0000d0c8                __end__ = .
 *(.application_properties)
 .application_properties
                0x0000d0c8       0x38 ./application_properties.o
                0x0000d0c8                applicationProperties
 *(.gecko_configuration)
 *(.xo_configuration)
 *(.gatt_header)
 .gatt_header   0x0000d100       0x34 ./gatt_db.o
                0x0000d100                bg_gattdb_data
 *(.gatt_data)
 .gatt_data     0x0000d134      0x49d ./gatt_db.o
                0x0000d134                bg_gattdb_data_uuidtable_16_map
                0x0000d170                bg_gattdb_data_uuidtable_128_map
                0x0000d190                bg_gattdb_data_attribute_field_54
                0x0000d198                bg_gattdb_data_attribute_field_53
                0x0000d1a0                bg_gattdb_data_attribute_field_52
                0x0000d1a4                bg_gattdb_data_attribute_field_51
                0x0000d1ac                bg_gattdb_data_attribute_field_50
                0x0000d1b4                bg_gattdb_data_attribute_field_48
                0x0000d1bc                bg_gattdb_data_attribute_field_47
                0x0000d1c4                bg_gattdb_data_attribute_field_46
                0x0000d1cc                bg_gattdb_data_attribute_field_45
                0x0000d1d4                bg_gattdb_data_attribute_field_43
                0x0000d1dc                bg_gattdb_data_attribute_field_42
                0x0000d1e4                bg_gattdb_data_attribute_field_41
                0x0000d1ec                bg_gattdb_data_attribute_field_40
                0x0000d1f4                bg_gattdb_data_attribute_field_39
                0x0000d1f8                bg_gattdb_data_attribute_field_37
                0x0000d200                bg_gattdb_data_attribute_field_36
                0x0000d208                bg_gattdb_data_attribute_field_35
                0x0000d210                bg_gattdb_data_attribute_field_34
                0x0000d218                bg_gattdb_data_attribute_field_32
                0x0000d220                bg_gattdb_data_attribute_field_31
                0x0000d228                bg_gattdb_data_attribute_field_29
                0x0000d230                bg_gattdb_data_attribute_field_28
                0x0000d238                bg_gattdb_data_attribute_field_27
                0x0000d23c                bg_gattdb_data_attribute_field_26
                0x0000d244                bg_gattdb_data_attribute_field_25
                0x0000d24c                bg_gattdb_data_attribute_field_24
                0x0000d254                bg_gattdb_data_attribute_field_23
                0x0000d25c                bg_gattdb_data_attribute_field_21
                0x0000d264                bg_gattdb_data_attribute_field_20
                0x0000d26c                bg_gattdb_data_attribute_field_19
                0x0000d270                bg_gattdb_data_attribute_field_18
                0x0000d278                bg_gattdb_data_attribute_field_17
                0x0000d290                bg_gattdb_data_attribute_field_16
                0x0000d2a4                bg_gattdb_data_attribute_field_15
                0x0000d2ac                bg_gattdb_data_attribute_field_14
                0x0000d2b4                bg_gattdb_data_attribute_field_13
                0x0000d2c0                bg_gattdb_data_attribute_field_12
                0x0000d2c8                bg_gattdb_data_attribute_field_11
                0x0000d2d8                bg_gattdb_data_attribute_field_10
                0x0000d2e0                bg_gattdb_data_attribute_field_9
                0x0000d2e4                bg_gattdb_data_attribute_field_8
                0x0000d2e8                bg_gattdb_data_attribute_field_7
                0x0000d2f0                bg_gattdb_data_attribute_field_6
                0x0000d2f8                bg_gattdb_data_attribute_field_5
                0x0000d300                bg_gattdb_data_attribute_field_4
                0x0000d304                bg_gattdb_data_attribute_field_2
                0x0000d30c                bg_gattdb_data_attribute_field_1
                0x0000d314                bg_gattdb_data_attribute_field_0
                0x0000d318                bg_gattdb_data_attributes_map
                0x0000d5ac                bg_gattdb_data_attributes_dynamic_mapping_map
                0x0000d5cc                bg_gattdb_data_adv_uuid16_map
                0x0000d5d0                bg_gattdb_data_adv_uuid128_map
 *(.text*)
 *fill*         0x0000d5d1        0x3 
 .text          0x0000d5d4       0x5c c:/siliconlabs/simplicitystudio/v4/developer/toolchains/gnu_arm/4.9_2015q3/bin/../lib/gcc/arm-none-eabi/4.9.3/armv7e-m/softfp/crtbegin.o
 .text          0x0000d630       0x74 c:/siliconlabs/simplicitystudio/v4/developer/toolchains/gnu_arm/4.9_2015q3/bin/../lib/gcc/arm-none-eabi/4.9.3/../../../../arm-none-eabi/lib/armv7e-m/softfp/crt0.o
                0x0000d630                _start
                0x0000d630                _mainCRTStartup
 .text.initBoard
                0x0000d6a4       0x48 ./init_board.o
                0x0000d6a4                initBoard
 .text.BUS_RegBitWrite
                0x0000d6ec       0x2c ./init_mcu.o
 .text.SYSTEM_GetProdRev
                0x0000d718       0x1c ./init_mcu.o
 .text.CHIP_Init
                0x0000d734       0xb4 ./init_mcu.o
 .text.initMcu  0x0000d7e8       0x70 ./init_mcu.o
                0x0000d7e8                initMcu
 .text.initMcu_clocks
                0x0000d858       0xa4 ./init_mcu.o
 .text.BUS_RegBitRead
                0x0000d8fc       0x2c ./main.o
 .text.GPIO_PinInGet
                0x0000d928       0x54 ./main.o
 .text.gecko_initCoexHAL
                0x0000d97c        0xc ./main.o
 .text.gecko_init
                0x0000d988       0x48 ./main.o
 .text.gecko_cmd_system_reset
                0x0000d9d0       0x44 ./main.o
 .text.gecko_cmd_system_set_tx_power
                0x0000da14       0x50 ./main.o
 .text.gecko_cmd_le_gap_open
                0x0000da64       0x6c ./main.o
 .text.gecko_cmd_le_gap_set_mode
                0x0000dad0       0x5c ./main.o
 .text.gecko_cmd_le_gap_discover
                0x0000db2c       0x50 ./main.o
 .text.gecko_cmd_le_gap_end_procedure
                0x0000db7c       0x48 ./main.o
 .text.gecko_cmd_le_gap_set_scan_parameters
                0x0000dbc4       0x64 ./main.o
 .text.gecko_cmd_gatt_discover_primary_services_by_uuid
                0x0000dc28       0x8c ./main.o
 .text.gecko_cmd_gatt_discover_characteristics_by_uuid
                0x0000dcb4       0x98 ./main.o
 .text.gecko_cmd_gatt_set_characteristic_notification
                0x0000dd4c       0x68 ./main.o
 .text.gecko_cmd_gatt_server_send_user_write_response
                0x0000ddb4       0x68 ./main.o
 .text.gecko_cmd_endpoint_close
                0x0000de1c       0x50 ./main.o
 .text.gecko_cmd_sm_set_bondable_mode
                0x0000de6c       0x50 ./main.o
 .text.gecko_cmd_sm_configure
                0x0000debc       0x5c ./main.o
 .text.gecko_cmd_sm_delete_bondings
                0x0000df18       0x48 ./main.o
 .text.gecko_cmd_sm_passkey_confirm
                0x0000df60       0x5c ./main.o
 .text.ldma_initialize
                0x0000dfbc       0x68 ./main.o
                0x0000dfbc                ldma_initialize
 .text.LDMA_IRQHandler
                0x0000e024       0x98 ./main.o
                0x0000e024                LDMA_IRQHandler
 .text.main     0x0000e0bc      0x604 ./main.o
                0x0000e0bc                main
 .text.BUS_RegMaskedSet
                0x0000e6c0       0x24 ./hardware/kit/common/drivers/mx25flash_spi.o
 .text.BUS_RegMaskedClear
                0x0000e6e4       0x24 ./hardware/kit/common/drivers/mx25flash_spi.o
 .text.GPIO_PinOutClear
                0x0000e708       0x58 ./hardware/kit/common/drivers/mx25flash_spi.o
 .text.GPIO_PinOutSet
                0x0000e760       0x58 ./hardware/kit/common/drivers/mx25flash_spi.o
 .text.MX25_init
                0x0000e7b8       0x98 ./hardware/kit/common/drivers/mx25flash_spi.o
                0x0000e7b8                MX25_init
 .text.Wait_Flash_WarmUp
                0x0000e850       0x24 ./hardware/kit/common/drivers/mx25flash_spi.o
                0x0000e850                Wait_Flash_WarmUp
 .text.Initial_Spi
                0x0000e874        0xc ./hardware/kit/common/drivers/mx25flash_spi.o
                0x0000e874                Initial_Spi
 .text.CS_Low   0x0000e880       0x10 ./hardware/kit/common/drivers/mx25flash_spi.o
                0x0000e880                CS_Low
 .text.CS_High  0x0000e890       0x10 ./hardware/kit/common/drivers/mx25flash_spi.o
                0x0000e890                CS_High
 .text.InsertDummyCycle
                0x0000e8a0       0x38 ./hardware/kit/common/drivers/mx25flash_spi.o
                0x0000e8a0                InsertDummyCycle
 .text.SendByte
                0x0000e8d8       0x3c ./hardware/kit/common/drivers/mx25flash_spi.o
                0x0000e8d8                SendByte
 .text.MX25_DP  0x0000e914       0x34 ./hardware/kit/common/drivers/mx25flash_spi.o
                0x0000e914                MX25_DP
 .text.DISPLAY_Init
                0x0000e948       0x54 ./lcd_graphics/display.o
                0x0000e948                DISPLAY_Init
 .text.DISPLAY_DeviceGet
                0x0000e99c       0x60 ./lcd_graphics/display.o
                0x0000e99c                DISPLAY_DeviceGet
 .text.DISPLAY_DeviceRegister
                0x0000e9fc       0x6c ./lcd_graphics/display.o
                0x0000e9fc                DISPLAY_DeviceRegister
 .text.DISPLAY_Ls013b7dh03Init
                0x0000ea68       0xd0 ./lcd_graphics/displayls013b7dh03.o
                0x0000ea68                DISPLAY_Ls013b7dh03Init
 .text.DriverRefresh
                0x0000eb38       0x20 ./lcd_graphics/displayls013b7dh03.o
 .text.DisplayEnable
                0x0000eb58       0x30 ./lcd_graphics/displayls013b7dh03.o
 .text.DisplayClear
                0x0000eb88       0x48 ./lcd_graphics/displayls013b7dh03.o
 .text.DisplayPolarityInverse
                0x0000ebd0       0x10 ./lcd_graphics/displayls013b7dh03.o
 .text.PixelMatrixAllocate
                0x0000ebe0       0x70 ./lcd_graphics/displayls013b7dh03.o
 .text.PixelMatrixFree
                0x0000ec50       0x1c ./lcd_graphics/displayls013b7dh03.o
 .text.PixelMatrixClear
                0x0000ec6c       0x40 ./lcd_graphics/displayls013b7dh03.o
 .text.PixelMatrixDraw
                0x0000ecac       0xb8 ./lcd_graphics/displayls013b7dh03.o
 .text.BUS_RegMaskedSet
                0x0000ed64       0x24 ./lcd_graphics/displaypalemlib.o
 .text.BUS_RegMaskedClear
                0x0000ed88       0x24 ./lcd_graphics/displaypalemlib.o
 .text.GPIO_PinOutClear
                0x0000edac       0x58 ./lcd_graphics/displaypalemlib.o
 .text.GPIO_PinOutSet
                0x0000ee04       0x58 ./lcd_graphics/displaypalemlib.o
 .text.PAL_SpiInit
                0x0000ee5c       0x64 ./lcd_graphics/displaypalemlib.o
                0x0000ee5c                PAL_SpiInit
 .text.PAL_SpiTransmit
                0x0000eec0       0x74 ./lcd_graphics/displaypalemlib.o
                0x0000eec0                PAL_SpiTransmit
 .text.PAL_TimerInit
                0x0000ef34       0x18 ./lcd_graphics/displaypalemlib.o
                0x0000ef34                PAL_TimerInit
 .text.PAL_TimerMicroSecondsDelay
                0x0000ef4c       0x1c ./lcd_graphics/displaypalemlib.o
                0x0000ef4c                PAL_TimerMicroSecondsDelay
 .text.PAL_TimerRepeat
                0x0000ef68       0x30 ./lcd_graphics/displaypalemlib.o
                0x0000ef68                PAL_TimerRepeat
 .text.PAL_GpioInit
                0x0000ef98       0x20 ./lcd_graphics/displaypalemlib.o
                0x0000ef98                PAL_GpioInit
 .text.PAL_GpioPinModeSet
                0x0000efb8       0x44 ./lcd_graphics/displaypalemlib.o
                0x0000efb8                PAL_GpioPinModeSet
 .text.PAL_GpioPinOutSet
                0x0000effc       0x24 ./lcd_graphics/displaypalemlib.o
                0x0000effc                PAL_GpioPinOutSet
 .text.PAL_GpioPinOutClear
                0x0000f020       0x24 ./lcd_graphics/displaypalemlib.o
                0x0000f020                PAL_GpioPinOutClear
 .text.DMD_init
                0x0000f044       0xc8 ./lcd_graphics/dmd_display.o
                0x0000f044                DMD_init
 .text.DMD_getDisplayGeometry
                0x0000f10c       0x38 ./lcd_graphics/dmd_display.o
                0x0000f10c                DMD_getDisplayGeometry
 .text.DMD_setClippingArea
                0x0000f144       0x8c ./lcd_graphics/dmd_display.o
                0x0000f144                DMD_setClippingArea
 .text.DMD_writeColor
                0x0000f1d0      0x2b4 ./lcd_graphics/dmd_display.o
                0x0000f1d0                DMD_writeColor
 .text.DMD_allocateFramebuffer
                0x0000f484       0x54 ./lcd_graphics/dmd_display.o
                0x0000f484                DMD_allocateFramebuffer
 .text.DMD_updateDisplay
                0x0000f4d8      0x114 ./lcd_graphics/dmd_display.o
                0x0000f4d8                DMD_updateDisplay
 .text.GLIB_colorTranslate24bppInl
                0x0000f5ec       0x34 ./lcd_graphics/glib.o
 .text.GLIB_contextInit
                0x0000f620       0x84 ./lcd_graphics/glib.o
                0x0000f620                GLIB_contextInit
 .text.GLIB_setClippingRegion
                0x0000f6a4       0xa4 ./lcd_graphics/glib.o
                0x0000f6a4                GLIB_setClippingRegion
 .text.GLIB_clear
                0x0000f748       0x70 ./lcd_graphics/glib.o
                0x0000f748                GLIB_clear
 .text.GLIB_resetDisplayClippingArea
                0x0000f7b8       0x30 ./lcd_graphics/glib.o
                0x0000f7b8                GLIB_resetDisplayClippingArea
 .text.GLIB_applyClippingRegion
                0x0000f7e8       0x58 ./lcd_graphics/glib.o
                0x0000f7e8                GLIB_applyClippingRegion
 .text.GLIB_colorTranslate24bpp
                0x0000f840       0x20 ./lcd_graphics/glib.o
                0x0000f840                GLIB_colorTranslate24bpp
 .text.GLIB_drawPixel
                0x0000f860       0x6c ./lcd_graphics/glib.o
                0x0000f860                GLIB_drawPixel
 .text.GLIB_drawPixelColor
                0x0000f8cc       0x6c ./lcd_graphics/glib.o
                0x0000f8cc                GLIB_drawPixelColor
 .text.GLIB_rectContainsPoint
                0x0000f938       0x4c ./lcd_graphics/glib_rectangle.o
                0x0000f938                GLIB_rectContainsPoint
 .text.GLIB_drawChar
                0x0000f984      0x1d8 ./lcd_graphics/glib_string.o
                0x0000f984                GLIB_drawChar
 .text.GLIB_drawString
                0x0000fb5c       0xd0 ./lcd_graphics/glib_string.o
                0x0000fb5c                GLIB_drawString
 .text.GLIB_setFont
                0x0000fc2c       0x44 ./lcd_graphics/glib_string.o
                0x0000fc2c                GLIB_setFont
 .text.GRAPHICS_Init
                0x0000fc70       0x58 ./lcd_graphics/graphics.o
                0x0000fc70                GRAPHICS_Init
 .text.GRAPHICS_Update
                0x0000fcc8        0xc ./lcd_graphics/graphics.o
                0x0000fcc8                GRAPHICS_Update
 .text.GRAPHICS_Clear
                0x0000fcd4       0x24 ./lcd_graphics/graphics.o
                0x0000fcd4                GRAPHICS_Clear
 .text.GRAPHICS_AppendString
                0x0000fcf8       0x58 ./lcd_graphics/graphics.o
                0x0000fcf8                GRAPHICS_AppendString
 .text.rtcIntCallbackRegister
                0x0000fd50       0x1c ./lcd_graphics/graphics.o
                0x0000fd50                rtcIntCallbackRegister
 .text.NVIC_ClearPendingIRQ
                0x0000fd6c       0x34 ./lcd_graphics/udelay.o
 .text.RTCC_CounterGet
                0x0000fda0       0x18 ./lcd_graphics/udelay.o
 .text.UDELAY_Calibrate
                0x0000fdb8      0x190 ./lcd_graphics/udelay.o
                0x0000fdb8                UDELAY_Calibrate
 .text.UDELAY_Delay
                0x0000ff48       0x38 ./lcd_graphics/udelay.o
                0x0000ff48                UDELAY_Delay
 .text.calibrate_delay
                0x0000ff80       0xd8 ./lcd_graphics/udelay.o
 .text.clock    0x00010058       0x10 ./lcd_graphics/udelay.o
 .text._delay   0x00010068       0x18 ./lcd_graphics/udelay.o
 .text.Reset_Handler
                0x00010080       0x3c ./platform/Device/SiliconLabs/EFR32BG1B/Source/GCC/startup_efr32bg1b.o
                0x00010080                Reset_Handler
 .text.Default_Handler
                0x000100bc        0x8 ./platform/Device/SiliconLabs/EFR32BG1B/Source/GCC/startup_efr32bg1b.o
                0x000100bc                DebugMon_Handler
                0x000100bc                USART0_TX_IRQHandler
                0x000100bc                I2C0_IRQHandler
                0x000100bc                HardFault_Handler
                0x000100bc                SysTick_Handler
                0x000100bc                USART1_RX_IRQHandler
                0x000100bc                PendSV_Handler
                0x000100bc                NMI_Handler
                0x000100bc                WDOG0_IRQHandler
                0x000100bc                USART1_TX_IRQHandler
                0x000100bc                MSC_IRQHandler
                0x000100bc                ADC0_IRQHandler
                0x000100bc                UsageFault_Handler
                0x000100bc                LEUART0_IRQHandler
                0x000100bc                FPUEH_IRQHandler
                0x000100bc                GPIO_EVEN_IRQHandler
                0x000100bc                TIMER0_IRQHandler
                0x000100bc                TIMER1_IRQHandler
                0x000100bc                Default_Handler
                0x000100bc                CRYOTIMER_IRQHandler
                0x000100bc                PCNT0_IRQHandler
                0x000100bc                ACMP0_IRQHandler
                0x000100bc                USART0_RX_IRQHandler
                0x000100bc                MemManage_Handler
                0x000100bc                SVC_Handler
                0x000100bc                RTCC_IRQHandler
                0x000100bc                CRYPTO_IRQHandler
                0x000100bc                CMU_IRQHandler
                0x000100bc                GPIO_ODD_IRQHandler
                0x000100bc                BusFault_Handler
                0x000100bc                IDAC0_IRQHandler
 .text.SystemCoreClockGet
                0x000100c4       0x44 ./platform/Device/SiliconLabs/EFR32BG1B/Source/system_efr32bg1b.o
                0x000100c4                SystemCoreClockGet
 .text.SystemMaxCoreClockGet
                0x00010108       0x14 ./platform/Device/SiliconLabs/EFR32BG1B/Source/system_efr32bg1b.o
                0x00010108                SystemMaxCoreClockGet
 .text.SystemHFClockGet
                0x0001011c       0x70 ./platform/Device/SiliconLabs/EFR32BG1B/Source/system_efr32bg1b.o
                0x0001011c                SystemHFClockGet
 .text.SystemHFXOClockGet
                0x0001018c       0x18 ./platform/Device/SiliconLabs/EFR32BG1B/Source/system_efr32bg1b.o
                0x0001018c                SystemHFXOClockGet
 .text.SystemHFXOClockSet
                0x000101a4       0x30 ./platform/Device/SiliconLabs/EFR32BG1B/Source/system_efr32bg1b.o
                0x000101a4                SystemHFXOClockSet
 .text.SystemInit
                0x000101d4       0x5c ./platform/Device/SiliconLabs/EFR32BG1B/Source/system_efr32bg1b.o
                0x000101d4                SystemInit
 .text.SystemLFRCOClockGet
                0x00010230       0x14 ./platform/Device/SiliconLabs/EFR32BG1B/Source/system_efr32bg1b.o
                0x00010230                SystemLFRCOClockGet
 .text.SystemULFRCOClockGet
                0x00010244       0x14 ./platform/Device/SiliconLabs/EFR32BG1B/Source/system_efr32bg1b.o
                0x00010244                SystemULFRCOClockGet
 .text.SystemLFXOClockGet
                0x00010258       0x18 ./platform/Device/SiliconLabs/EFR32BG1B/Source/system_efr32bg1b.o
                0x00010258                SystemLFXOClockGet
 .text.SystemLFXOClockSet
                0x00010270       0x30 ./platform/Device/SiliconLabs/EFR32BG1B/Source/system_efr32bg1b.o
                0x00010270                SystemLFXOClockSet
 .text.BUS_RegBitWrite
                0x000102a0       0x2c ./platform/emdrv/sleep/src/sleep.o
 .text.EMU_EnterEM1
                0x000102cc       0x20 ./platform/emdrv/sleep/src/sleep.o
 .text.EMU_EM2Block
                0x000102ec       0x14 ./platform/emdrv/sleep/src/sleep.o
 .text.EMU_EM2UnBlock
                0x00010300       0x14 ./platform/emdrv/sleep/src/sleep.o
 .text.sleepCallbackWrapper
                0x00010314       0x2c ./platform/emdrv/sleep/src/sleep.o
 .text.SLEEP_Init
                0x00010340       0x60 ./platform/emdrv/sleep/src/sleep.o
                0x00010340                SLEEP_Init
 .text.SLEEP_Sleep
                0x000103a0       0x90 ./platform/emdrv/sleep/src/sleep.o
                0x000103a0                SLEEP_Sleep
 .text.SLEEP_SleepBlockBegin
                0x00010430       0x48 ./platform/emdrv/sleep/src/sleep.o
                0x00010430                SLEEP_SleepBlockBegin
 .text.SLEEP_SleepBlockEnd
                0x00010478       0x58 ./platform/emdrv/sleep/src/sleep.o
                0x00010478                SLEEP_SleepBlockEnd
 .text.SLEEP_LowestEnergyModeGet
                0x000104d0       0x40 ./platform/emdrv/sleep/src/sleep.o
                0x000104d0                SLEEP_LowestEnergyModeGet
 .text.enterEMx
                0x00010510       0xa0 ./platform/emdrv/sleep/src/sleep.o
 .text.NVIC_EnableIRQ
                0x000105b0       0x30 ./platform/emdrv/tempdrv/src/tempdrv.o
 .text.NVIC_ClearPendingIRQ
                0x000105e0       0x34 ./platform/emdrv/tempdrv/src/tempdrv.o
 .text.EMU_IntClear
                0x00010614       0x1c ./platform/emdrv/tempdrv/src/tempdrv.o
 .text.EMU_IntDisable
                0x00010630       0x24 ./platform/emdrv/tempdrv/src/tempdrv.o
 .text.EMU_IntEnable
                0x00010654       0x24 ./platform/emdrv/tempdrv/src/tempdrv.o
 .text.EMU_IntGetEnabled
                0x00010678       0x24 ./platform/emdrv/tempdrv/src/tempdrv.o
 .text.EMU_IRQHandler
                0x0001069c        0xc ./platform/emdrv/tempdrv/src/tempdrv.o
                0x0001069c                EMU_IRQHandler
 .text.TEMPDRV_IRQHandler
                0x000106a8       0xa0 ./platform/emdrv/tempdrv/src/tempdrv.o
                0x000106a8                TEMPDRV_IRQHandler
 .text.errataCallback
                0x00010748       0x20 ./platform/emdrv/tempdrv/src/tempdrv.o
 .text.errataStateUpdate
                0x00010768       0xbc ./platform/emdrv/tempdrv/src/tempdrv.o
 .text.errataInit
                0x00010824       0x8c ./platform/emdrv/tempdrv/src/tempdrv.o
 .text.convertToTemp
                0x000108b0       0x58 ./platform/emdrv/tempdrv/src/tempdrv.o
 .text.convertToEmu
                0x00010908       0x48 ./platform/emdrv/tempdrv/src/tempdrv.o
 .text.disableInterrupts
                0x00010950       0x18 ./platform/emdrv/tempdrv/src/tempdrv.o
 .text.updateInterrupts
                0x00010968      0x140 ./platform/emdrv/tempdrv/src/tempdrv.o
 .text.TEMPDRV_Init
                0x00010aa8       0xd4 ./platform/emdrv/tempdrv/src/tempdrv.o
                0x00010aa8                TEMPDRV_Init
 .text.TEMPDRV_GetTemp
                0x00010b7c       0x1c ./platform/emdrv/tempdrv/src/tempdrv.o
                0x00010b7c                TEMPDRV_GetTemp
 .text.BUS_RegBitWrite
                0x00010b98       0x2c ./platform/emlib/src/em_cmu.o
 .text.BUS_RegBitRead
                0x00010bc4       0x2c ./platform/emlib/src/em_cmu.o
 .text.BUS_RegMaskedSet
                0x00010bf0       0x24 ./platform/emlib/src/em_cmu.o
 .text.BUS_RegMaskedClear
                0x00010c14       0x24 ./platform/emlib/src/em_cmu.o
 .text.BUS_RegMaskedWrite
                0x00010c38       0x24 ./platform/emlib/src/em_cmu.o
 .text.CMU_Log2ToDiv
                0x00010c5c       0x1c ./platform/emlib/src/em_cmu.o
 .text.CMU_PrescToLog2
                0x00010c78       0x28 ./platform/emlib/src/em_cmu.o
 .text.setHfLeConfig
                0x00010ca0       0x64 ./platform/emlib/src/em_cmu.o
 .text.auxClkGet
                0x00010d04       0x20 ./platform/emlib/src/em_cmu.o
 .text.hfSrcClkGet
                0x00010d24       0x2c ./platform/emlib/src/em_cmu.o
 .text.dbgClkGet
                0x00010d50       0x40 ./platform/emlib/src/em_cmu.o
 .text.adcAsyncClkGet
                0x00010d90       0x80 ./platform/emlib/src/em_cmu.o
 .text.flashWaitStateControl
                0x00010e10       0x7c ./platform/emlib/src/em_cmu.o
 .text.flashWaitStateMax
                0x00010e8c       0x14 ./platform/emlib/src/em_cmu.o
 .text.CMU_UpdateWaitStates
                0x00010ea0       0x18 ./platform/emlib/src/em_cmu.o
                0x00010ea0                CMU_UpdateWaitStates
 .text.getRegIshUpperVal
                0x00010eb8       0x38 ./platform/emlib/src/em_cmu.o
 .text.getHfxoTuningMode
                0x00010ef0       0x1c ./platform/emlib/src/em_cmu.o
 .text.setHfxoTuningMode
                0x00010f0c       0x28 ./platform/emlib/src/em_cmu.o
 .text.lfClkGet
                0x00010f34       0xf4 ./platform/emlib/src/em_cmu.o
 .text.syncReg  0x00011028       0x38 ./platform/emlib/src/em_cmu.o
 .text.CMU_ClockDivGet
                0x00011060       0x1c ./platform/emlib/src/em_cmu.o
                0x00011060                CMU_ClockDivGet
 .text.CMU_ClockDivSet
                0x0001107c       0x1c ./platform/emlib/src/em_cmu.o
                0x0001107c                CMU_ClockDivSet
 .text.CMU_ClockEnable
                0x00011098       0xcc ./platform/emlib/src/em_cmu.o
                0x00011098                CMU_ClockEnable
 .text.CMU_ClockFreqGet
                0x00011164      0x198 ./platform/emlib/src/em_cmu.o
                0x00011164                CMU_ClockFreqGet
 .text.CMU_ClockPrescGet
                0x000112fc      0x120 ./platform/emlib/src/em_cmu.o
                0x000112fc                CMU_ClockPrescGet
 .text.CMU_ClockPrescSet
                0x0001141c      0x1e0 ./platform/emlib/src/em_cmu.o
                0x0001141c                CMU_ClockPrescSet
 .text.CMU_ClockSelectGet
                0x000115fc      0x19c ./platform/emlib/src/em_cmu.o
                0x000115fc                CMU_ClockSelectGet
 .text.CMU_ClockSelectSet
                0x00011798      0x260 ./platform/emlib/src/em_cmu.o
                0x00011798                CMU_ClockSelectSet
 .text.CMU_HFXOAutostartEnable
                0x000119f8       0x7c ./platform/emlib/src/em_cmu.o
                0x000119f8                CMU_HFXOAutostartEnable
 .text.CMU_HFXOInit
                0x00011a74       0xf4 ./platform/emlib/src/em_cmu.o
                0x00011a74                CMU_HFXOInit
 .text.CMU_LFXOInit
                0x00011b68       0x50 ./platform/emlib/src/em_cmu.o
                0x00011b68                CMU_LFXOInit
 .text.CMU_OscillatorEnable
                0x00011bb8      0x174 ./platform/emlib/src/em_cmu.o
                0x00011bb8                CMU_OscillatorEnable
 .text.CMU_OscillatorTuningGet
                0x00011d2c       0x74 ./platform/emlib/src/em_cmu.o
                0x00011d2c                CMU_OscillatorTuningGet
 .text.CMU_OscillatorTuningSet
                0x00011da0      0x100 ./platform/emlib/src/em_cmu.o
                0x00011da0                CMU_OscillatorTuningSet
 .text.CMU_OscillatorTuningWait
                0x00011ea0       0x94 ./platform/emlib/src/em_cmu.o
                0x00011ea0                CMU_OscillatorTuningWait
 .text.CMU_OscillatorTuningOptimize
                0x00011f34       0x58 ./platform/emlib/src/em_cmu.o
                0x00011f34                CMU_OscillatorTuningOptimize
 .text.CORE_EnterCritical
                0x00011f8c       0x20 ./platform/emlib/src/em_core.o
                0x00011f8c                CORE_EnterCritical
 .text.CORE_ExitCritical
                0x00011fac       0x1c ./platform/emlib/src/em_core.o
                0x00011fac                CORE_ExitCritical
 .text.CORE_AtomicDisableIrq
                0x00011fc8       0x10 ./platform/emlib/src/em_core.o
                0x00011fc8                CORE_AtomicDisableIrq
 .text.CORE_AtomicEnableIrq
                0x00011fd8       0x10 ./platform/emlib/src/em_core.o
                0x00011fd8                CORE_AtomicEnableIrq
 .text.CORE_EnterAtomic
                0x00011fe8       0x20 ./platform/emlib/src/em_core.o
                0x00011fe8                CORE_EnterAtomic
 .text.CORE_ExitAtomic
                0x00012008       0x1c ./platform/emlib/src/em_core.o
                0x00012008                CORE_ExitAtomic
 .text.CORE_SetNvicRamTableHandler
                0x00012024       0x44 ./platform/emlib/src/em_core.o
                0x00012024                CORE_SetNvicRamTableHandler
 .text.CORE_InitNvicVectorTable
                0x00012068       0xc8 ./platform/emlib/src/em_core.o
                0x00012068                CORE_InitNvicVectorTable
 .text.CRYPTO_BurstFromCrypto
                0x00012130       0x40 ./platform/emlib/src/em_crypto.o
 .text.CRYPTO_ModulusSet
                0x00012170       0x88 ./platform/emlib/src/em_crypto.o
                0x00012170                CRYPTO_ModulusSet
 .text.CRYPTO_KeyRead
                0x000121f8       0x38 ./platform/emlib/src/em_crypto.o
                0x000121f8                CRYPTO_KeyRead
 .text.SystemCoreClockUpdate
                0x00012230        0xc ./platform/emlib/src/em_emu.o
 .text.BUS_RegBitWrite
                0x0001223c       0x2c ./platform/emlib/src/em_emu.o
 .text.BUS_RegBitRead
                0x00012268       0x2c ./platform/emlib/src/em_emu.o
 .text.EMU_Unlock
                0x00012294       0x18 ./platform/emlib/src/em_emu.o
 .text.CMU_Lock
                0x000122ac       0x18 ./platform/emlib/src/em_emu.o
 .text.CMU_Unlock
                0x000122c4       0x1c ./platform/emlib/src/em_emu.o
 .text.SYSTEM_GetDevinfoRev
                0x000122e0       0x18 ./platform/emlib/src/em_emu.o
 .text.emState  0x000122f8       0xcc ./platform/emlib/src/em_emu.o
 .text.dcdcFetCntSet
                0x000123c4       0x50 ./platform/emlib/src/em_emu.o
 .text.dcdcHsFixLnBlock
                0x00012414       0x48 ./platform/emlib/src/em_emu.o
 .text.EMU_EnterEM2
                0x0001245c       0x50 ./platform/emlib/src/em_emu.o
                0x0001245c                EMU_EnterEM2
 .text.EMU_EnterEM3
                0x000124ac       0x78 ./platform/emlib/src/em_emu.o
                0x000124ac                EMU_EnterEM3
 .text.EMU_Save
                0x00012524        0xc ./platform/emlib/src/em_emu.o
                0x00012524                EMU_Save
 .text.EMU_Restore
                0x00012530        0xc ./platform/emlib/src/em_emu.o
                0x00012530                EMU_Restore
 .text.EMU_EnterEM4
                0x0001253c       0xbc ./platform/emlib/src/em_emu.o
                0x0001253c                EMU_EnterEM4
 .text.dcdcConstCalibrationLoad
                0x000125f8       0xc4 ./platform/emlib/src/em_emu.o
 .text.dcdcValidatedConfigSet
                0x000126bc       0xb0 ./platform/emlib/src/em_emu.o
 .text.currentLimitersUpdate
                0x0001276c       0xe4 ./platform/emlib/src/em_emu.o
 .text.userCurrentLimitsSet
                0x00012850       0x2c ./platform/emlib/src/em_emu.o
 .text.compCtrlSet
                0x0001287c       0x3c ./platform/emlib/src/em_emu.o
 .text.lpCmpHystCalibrationLoad
                0x000128b8       0xd0 ./platform/emlib/src/em_emu.o
 .text.lpGetDevinfoVrefLowHigh
                0x00012988      0x164 ./platform/emlib/src/em_emu.o
 .text.EMU_DCDCModeSet
                0x00012aec       0xb8 ./platform/emlib/src/em_emu.o
                0x00012aec                EMU_DCDCModeSet
 .text.EMU_DCDCInit
                0x00012ba4      0x114 ./platform/emlib/src/em_emu.o
                0x00012ba4                EMU_DCDCInit
 .text.EMU_DCDCOutputVoltageSet
                0x00012cb8      0x20c ./platform/emlib/src/em_emu.o
                0x00012cb8                EMU_DCDCOutputVoltageSet
 .text.EMU_DCDCOptimizeSlice
                0x00012ec4       0xd8 ./platform/emlib/src/em_emu.o
                0x00012ec4                EMU_DCDCOptimizeSlice
 .text.EMU_DCDCLnRcoBandSet
                0x00012f9c       0x54 ./platform/emlib/src/em_emu.o
                0x00012f9c                EMU_DCDCLnRcoBandSet
 .text.EMU_SetBiasMode
                0x00012ff0       0xa4 ./platform/emlib/src/em_emu.o
                0x00012ff0                EMU_SetBiasMode
 .text.BUS_RegMaskedSet
                0x00013094       0x24 ./platform/emlib/src/em_gpio.o
 .text.BUS_RegMaskedClear
                0x000130b8       0x24 ./platform/emlib/src/em_gpio.o
 .text.BUS_RegMaskedWrite
                0x000130dc       0x24 ./platform/emlib/src/em_gpio.o
 .text.GPIO_PinOutClear
                0x00013100       0x58 ./platform/emlib/src/em_gpio.o
 .text.GPIO_PinOutSet
                0x00013158       0x58 ./platform/emlib/src/em_gpio.o
 .text.GPIO_DriveStrengthSet
                0x000131b0       0x60 ./platform/emlib/src/em_gpio.o
                0x000131b0                GPIO_DriveStrengthSet
 .text.GPIO_PinModeSet
                0x00013210      0x10c ./platform/emlib/src/em_gpio.o
                0x00013210                GPIO_PinModeSet
 .text.NVIC_EnableIRQ
                0x0001331c       0x30 ./platform/emlib/src/em_ldma.o
 .text.NVIC_ClearPendingIRQ
                0x0001334c       0x34 ./platform/emlib/src/em_ldma.o
 .text.NVIC_SetPriority
                0x00013380       0x54 ./platform/emlib/src/em_ldma.o
 .text.LDMA_Init
                0x000133d4       0x70 ./platform/emlib/src/em_ldma.o
                0x000133d4                LDMA_Init
 .text.MSC_Init
                0x00013444       0x24 ./platform/emlib/src/em_msc.o
                0x00013444                MSC_Init
 .text.MSC_Deinit
                0x00013468       0x24 ./platform/emlib/src/em_msc.o
                0x00013468                MSC_Deinit
 .text.RMU_ResetCauseClear
                0x0001348c       0x18 ./platform/emlib/src/em_rmu.o
                0x0001348c                RMU_ResetCauseClear
 .text.RMU_ResetCauseGet
                0x000134a4       0xdc ./platform/emlib/src/em_rmu.o
                0x000134a4                RMU_ResetCauseGet
 .text.BUS_RegBitWrite
                0x00013580       0x2c ./platform/emlib/src/em_rtcc.o
 .text.RTCC_ChannelInit
                0x000135ac       0x5c ./platform/emlib/src/em_rtcc.o
                0x000135ac                RTCC_ChannelInit
 .text.RTCC_Enable
                0x00013608       0x20 ./platform/emlib/src/em_rtcc.o
                0x00013608                RTCC_Enable
 .text.RTCC_Init
                0x00013628       0x94 ./platform/emlib/src/em_rtcc.o
                0x00013628                RTCC_Init
 .text.SYSTEM_ChipRevisionGet
                0x000136bc       0x78 ./platform/emlib/src/em_system.o
                0x000136bc                SYSTEM_ChipRevisionGet
 .text.USART_BaudrateSyncSet
                0x00013734       0x40 ./platform/emlib/src/em_usart.o
                0x00013734                USART_BaudrateSyncSet
 .text.USART_InitSync
                0x00013774       0xf0 ./platform/emlib/src/em_usart.o
                0x00013774                USART_InitSync
 .text.USART_Reset
                0x00013864       0x9c ./platform/emlib/src/em_usart.o
                0x00013864                USART_Reset
 .text.USART_SpiTransfer
                0x00013900       0x40 ./platform/emlib/src/em_usart.o
                0x00013900                USART_SpiTransfer
 .text.USART_Tx
                0x00013940       0x2c ./platform/emlib/src/em_usart.o
                0x00013940                USART_Tx
 .text.USART_TxDouble
                0x0001396c       0x2c ./platform/emlib/src/em_usart.o
                0x0001396c                USART_TxDouble
 .text.cmu_init
                0x00013998       0x14 ./src/cmu.o
                0x00013998                cmu_init
 .text.gpio_init
                0x000139ac       0x40 ./src/gpio.o
                0x000139ac                gpio_init
 .text.BUS_RegMaskedClear
                0x000139ec       0x24 ./src/letimer.o
 .text.GPIO_PinOutClear
                0x00013a10       0x58 ./src/letimer.o
 .text.LETIMER_IntClear
                0x00013a68       0x1c ./src/letimer.o
 .text.LETIMER_IntGet
                0x00013a84       0x18 ./src/letimer.o
 .text.gecko_cmd_flash_ps_save
                0x00013a9c       0x8c ./src/letimer.o
 .text.gecko_cmd_flash_ps_load
                0x00013b28       0x50 ./src/letimer.o
 .text.service_letimer
                0x00013b78      0x19c ./src/letimer.o
                0x00013b78                service_letimer
 .text.LETIMER0_IRQHandler
                0x00013d14       0x3c ./src/letimer.o
                0x00013d14                LETIMER0_IRQHandler
 .text.eventDefault
                0x00013d50        0x2 C:\Users\ashis\SimplicityStudio\v4_workspace\Final-Project-Client\platform\radio\rail_lib\autogen\librail_release\librail_efr32xg1_gcc_release.a(rail_rf_hal.o)
 *fill*         0x00013d52        0x2 
 .text.setRssiPeriod
                0x00013d54       0x18 C:\Users\ashis\SimplicityStudio\v4_workspace\Final-Project-Client\platform\radio\rail_lib\autogen\librail_release\librail_efr32xg1_gcc_release.a(rail_rf_hal.o)
 .text.RFHAL_NotifyUserOfIrCal
                0x00013d6c       0x80 C:\Users\ashis\SimplicityStudio\v4_workspace\Final-Project-Client\platform\radio\rail_lib\autogen\librail_release\librail_efr32xg1_gcc_release.a(rail_rf_hal.o)
 *fill*         0x00013dec        0x4 
 .text.GENERIC_PHY_EventCallback
                0x00013df0      0x19c C:\Users\ashis\SimplicityStudio\v4_workspace\Final-Project-Client\platform\radio\rail_lib\autogen\librail_release\librail_efr32xg1_gcc_release.a(rail_rf_hal.o)
                0x00013df0                GENERIC_PHY_EventCallback
 .text.RFHAL_IntEnable
                0x00013f8c       0x56 C:\Users\ashis\SimplicityStudio\v4_workspace\Final-Project-Client\platform\radio\rail_lib\autogen\librail_release\librail_efr32xg1_gcc_release.a(rail_rf_hal.o)
                0x00013f8c                RFHAL_IntEnable
 *fill*         0x00013fe2        0x2 
 .text.RFHAL_SetEventCallback
                0x00013fe4       0x18 C:\Users\ashis\SimplicityStudio\v4_workspace\Final-Project-Client\platform\radio\rail_lib\autogen\librail_release\librail_efr32xg1_gcc_release.a(rail_rf_hal.o)
                0x00013fe4                RFHAL_SetEventCallback
 .text.RFHAL_SetPtiProtocol
                0x00013ffc       0x20 C:\Users\ashis\SimplicityStudio\v4_workspace\Final-Project-Client\platform\radio\rail_lib\autogen\librail_release\librail_efr32xg1_gcc_release.a(rail_rf_hal.o)
                0x00013ffc                RFHAL_SetPtiProtocol
 .text.RFHAL_Idle
                0x0001401c       0x40 C:\Users\ashis\SimplicityStudio\v4_workspace\Final-Project-Client\platform\radio\rail_lib\autogen\librail_release\librail_efr32xg1_gcc_release.a(rail_rf_hal.o)
                0x0001401c                RFHAL_Idle
 .text.RFHAL_GetRadioState
                0x0001405c       0x7c C:\Users\ashis\SimplicityStudio\v4_workspace\Final-Project-Client\platform\radio\rail_lib\autogen\librail_release\librail_efr32xg1_gcc_release.a(rail_rf_hal.o)
                0x0001405c                RFHAL_GetRadioState
 .text.RFHAL_OkToTransmit
                0x000140d8       0x14 C:\Users\ashis\SimplicityStudio\v4_workspace\Final-Project-Client\platform\radio\rail_lib\autogen\librail_release\librail_efr32xg1_gcc_release.a(rail_rf_hal.o)
                0x000140d8                RFHAL_OkToTransmit
 .text.RFHAL_ScheduleRx
                0x000140ec       0x74 C:\Users\ashis\SimplicityStudio\v4_workspace\Final-Project-Client\platform\radio\rail_lib\autogen\librail_release\librail_efr32xg1_gcc_release.a(rail_rf_hal.o)
                0x000140ec                RFHAL_ScheduleRx
 .text.RFHAL_EnableRxRawCapture
                0x00014160       0x5c C:\Users\ashis\SimplicityStudio\v4_workspace\Final-Project-Client\platform\radio\rail_lib\autogen\librail_release\librail_efr32xg1_gcc_release.a(rail_rf_hal.o)
                0x00014160                RFHAL_EnableRxRawCapture
 .text.RFHAL_DisableRxRawCapture
                0x000141bc       0x38 C:\Users\ashis\SimplicityStudio\v4_workspace\Final-Project-Client\platform\radio\rail_lib\autogen\librail_release\librail_efr32xg1_gcc_release.a(rail_rf_hal.o)
                0x000141bc                RFHAL_DisableRxRawCapture
 .text.RFHAL_AcceptCrcErrors
                0x000141f4       0x18 C:\Users\ashis\SimplicityStudio\v4_workspace\Final-Project-Client\platform\radio\rail_lib\autogen\librail_release\librail_efr32xg1_gcc_release.a(rail_rf_hal.o)
                0x000141f4                RFHAL_AcceptCrcErrors
 .text.RFHAL_ConfigRxOptions
                0x0001420c       0x74 C:\Users\ashis\SimplicityStudio\v4_workspace\Final-Project-Client\platform\radio\rail_lib\autogen\librail_release\librail_efr32xg1_gcc_release.a(rail_rf_hal.o)
                0x0001420c                RFHAL_ConfigRxOptions
 .text.RFHAL_CancelTimer
                0x00014280       0x28 C:\Users\ashis\SimplicityStudio\v4_workspace\Final-Project-Client\platform\radio\rail_lib\autogen\librail_release\librail_efr32xg1_gcc_release.a(rail_rf_hal.o)
                0x00014280                RFHAL_CancelTimer
 .text.RFHAL_SetTimer
                0x000142a8       0x80 C:\Users\ashis\SimplicityStudio\v4_workspace\Final-Project-Client\platform\radio\rail_lib\autogen\librail_release\librail_efr32xg1_gcc_release.a(rail_rf_hal.o)
                0x000142a8                RFHAL_SetTimer
 .text.RFHAL_SetTxTransitions
                0x00014328       0x1c C:\Users\ashis\SimplicityStudio\v4_workspace\Final-Project-Client\platform\radio\rail_lib\autogen\librail_release\librail_efr32xg1_gcc_release.a(rail_rf_hal.o)
                0x00014328                RFHAL_SetTxTransitions
 .text.RFHAL_SetRxTransitions
                0x00014344       0x1c C:\Users\ashis\SimplicityStudio\v4_workspace\Final-Project-Client\platform\radio\rail_lib\autogen\librail_release\librail_efr32xg1_gcc_release.a(rail_rf_hal.o)
                0x00014344                RFHAL_SetRxTransitions
 .text.RFHAL_SetCRCInitVal
                0x00014360        0x4 C:\Users\ashis\SimplicityStudio\v4_workspace\Final-Project-Client\platform\radio\rail_lib\autogen\librail_release\librail_efr32xg1_gcc_release.a(rail_rf_hal.o)
                0x00014360                RFHAL_SetCRCInitVal
 .text.RFHAL_ConfigTxPower
                0x00014364        0xc C:\Users\ashis\SimplicityStudio\v4_workspace\Final-Project-Client\platform\radio\rail_lib\autogen\librail_release\librail_efr32xg1_gcc_release.a(rail_rf_hal.o)
                0x00014364                RFHAL_ConfigTxPower
 .text.RFHAL_SetTxPowerUnchecked
                0x00014370       0x18 C:\Users\ashis\SimplicityStudio\v4_workspace\Final-Project-Client\platform\radio\rail_lib\autogen\librail_release\librail_efr32xg1_gcc_release.a(rail_rf_hal.o)
                0x00014370                RFHAL_SetTxPowerUnchecked
 .text.RFHAL_SetTxPower
                0x00014388       0x3c C:\Users\ashis\SimplicityStudio\v4_workspace\Final-Project-Client\platform\radio\rail_lib\autogen\librail_release\librail_efr32xg1_gcc_release.a(rail_rf_hal.o)
                0x00014388                RFHAL_SetTxPower
 .text.RFHAL_GetTxPowerConfig
                0x000143c4        0xc C:\Users\ashis\SimplicityStudio\v4_workspace\Final-Project-Client\platform\radio\rail_lib\autogen\librail_release\librail_efr32xg1_gcc_release.a(rail_rf_hal.o)
                0x000143c4                RFHAL_GetTxPowerConfig
 .text.RFHAL_GetTxPower
                0x000143d0        0x4 C:\Users\ashis\SimplicityStudio\v4_workspace\Final-Project-Client\platform\radio\rail_lib\autogen\librail_release\librail_efr32xg1_gcc_release.a(rail_rf_hal.o)
                0x000143d0                RFHAL_GetTxPower
 .text.RFHAL_SetChannel
                0x000143d4       0x98 C:\Users\ashis\SimplicityStudio\v4_workspace\Final-Project-Client\platform\radio\rail_lib\autogen\librail_release\librail_efr32xg1_gcc_release.a(rail_rf_hal.o)
                0x000143d4                RFHAL_SetChannel
 .text.RFHAL_IsAutoAckEnabled
                0x0001446c        0x6 C:\Users\ashis\SimplicityStudio\v4_workspace\Final-Project-Client\platform\radio\rail_lib\autogen\librail_release\librail_efr32xg1_gcc_release.a(rail_rf_hal.o)
                0x0001446c                RFHAL_IsAutoAckEnabled
 *fill*         0x00014472        0x2 
 .text.RFHAL_AutoAckWaitForAck
                0x00014474       0x18 C:\Users\ashis\SimplicityStudio\v4_workspace\Final-Project-Client\platform\radio\rail_lib\autogen\librail_release\librail_efr32xg1_gcc_release.a(rail_rf_hal.o)
                0x00014474                RFHAL_AutoAckWaitForAck
 .text.preTxOps
                0x0001448c       0xc4 C:\Users\ashis\SimplicityStudio\v4_workspace\Final-Project-Client\platform\radio\rail_lib\autogen\librail_release\librail_efr32xg1_gcc_release.a(rail_rf_hal.o)
 .text.RFHAL_StartTx
                0x00014550       0x12 C:\Users\ashis\SimplicityStudio\v4_workspace\Final-Project-Client\platform\radio\rail_lib\autogen\librail_release\librail_efr32xg1_gcc_release.a(rail_rf_hal.o)
                0x00014550                RFHAL_StartTx
 .text.RFHAL_StartScheduledTx
                0x00014562       0x3a C:\Users\ashis\SimplicityStudio\v4_workspace\Final-Project-Client\platform\radio\rail_lib\autogen\librail_release\librail_efr32xg1_gcc_release.a(rail_rf_hal.o)
                0x00014562                RFHAL_StartScheduledTx
 .text.RFHAL_GetRxPacketInfo
                0x0001459c       0x48 C:\Users\ashis\SimplicityStudio\v4_workspace\Final-Project-Client\platform\radio\rail_lib\autogen\librail_release\librail_efr32xg1_gcc_release.a(rail_rf_hal.o)
                0x0001459c                RFHAL_GetRxPacketInfo
 .text.RFHAL_GetRxPacketDetails
                0x000145e4       0xcc C:\Users\ashis\SimplicityStudio\v4_workspace\Final-Project-Client\platform\radio\rail_lib\autogen\librail_release\librail_efr32xg1_gcc_release.a(rail_rf_hal.o)
                0x000145e4                RFHAL_GetRxPacketDetails
 .text.RFHAL_SetTxBuffer
                0x000146b0       0x3a C:\Users\ashis\SimplicityStudio\v4_workspace\Final-Project-Client\platform\radio\rail_lib\autogen\librail_release\librail_efr32xg1_gcc_release.a(rail_rf_hal.o)
                0x000146b0                RFHAL_SetTxBuffer
 *fill*         0x000146ea        0x2 
 .text.RFHAL_ResetTxFifo
                0x000146ec       0x2c C:\Users\ashis\SimplicityStudio\v4_workspace\Final-Project-Client\platform\radio\rail_lib\autogen\librail_release\librail_efr32xg1_gcc_release.a(rail_rf_hal.o)
                0x000146ec                RFHAL_ResetTxFifo
 .text.RFHAL_WriteTxFifo
                0x00014718       0x28 C:\Users\ashis\SimplicityStudio\v4_workspace\Final-Project-Client\platform\radio\rail_lib\autogen\librail_release\librail_efr32xg1_gcc_release.a(rail_rf_hal.o)
                0x00014718                RFHAL_WriteTxFifo
 .text.RFHAL_ResetRxFifo
                0x00014740       0x40 C:\Users\ashis\SimplicityStudio\v4_workspace\Final-Project-Client\platform\radio\rail_lib\autogen\librail_release\librail_efr32xg1_gcc_release.a(rail_rf_hal.o)
                0x00014740                RFHAL_ResetRxFifo
 .text.RFHAL_ConfigData
                0x00014780       0x7c C:\Users\ashis\SimplicityStudio\v4_workspace\Final-Project-Client\platform\radio\rail_lib\autogen\librail_release\librail_efr32xg1_gcc_release.a(rail_rf_hal.o)
                0x00014780                RFHAL_ConfigData
 .text.RFHAL_Init
                0x000147fc       0xa0 C:\Users\ashis\SimplicityStudio\v4_workspace\Final-Project-Client\platform\radio\rail_lib\autogen\librail_release\librail_efr32xg1_gcc_release.a(rail_rf_hal.o)
                0x000147fc                RFHAL_Init
 .text.RFHAL_SetFixedLength
                0x0001489c       0x8c C:\Users\ashis\SimplicityStudio\v4_workspace\Final-Project-Client\platform\radio\rail_lib\autogen\librail_release\librail_efr32xg1_gcc_release.a(rail_rf_hal.o)
                0x0001489c                RFHAL_SetFixedLength
 .text.RFHAL_SetAbortScheduledTxDuringRx
                0x00014928       0x18 C:\Users\ashis\SimplicityStudio\v4_workspace\Final-Project-Client\platform\radio\rail_lib\autogen\librail_release\librail_efr32xg1_gcc_release.a(rail_rf_hal.o)
                0x00014928                RFHAL_SetAbortScheduledTxDuringRx
 .text.RFHAL_ConfigRadio
                0x00014940       0xe0 C:\Users\ashis\SimplicityStudio\v4_workspace\Final-Project-Client\platform\radio\rail_lib\autogen\librail_release\librail_efr32xg1_gcc_release.a(rail_rf_hal.o)
                0x00014940                RFHAL_ConfigRadio
 .text.RFHAL_GetTime
                0x00014a20        0xe C:\Users\ashis\SimplicityStudio\v4_workspace\Final-Project-Client\platform\radio\rail_lib\autogen\librail_release\librail_efr32xg1_gcc_release.a(rail_rf_hal.o)
                0x00014a20                RFHAL_GetTime
 .text.RFHAL_GetRadioEntropy
                0x00014a2e        0x4 C:\Users\ashis\SimplicityStudio\v4_workspace\Final-Project-Client\platform\radio\rail_lib\autogen\librail_release\librail_efr32xg1_gcc_release.a(rail_rf_hal.o)
                0x00014a2e                RFHAL_GetRadioEntropy
 .text.RFHAL_SetStateTiming
                0x00014a32       0x4e C:\Users\ashis\SimplicityStudio\v4_workspace\Final-Project-Client\platform\radio\rail_lib\autogen\librail_release\librail_efr32xg1_gcc_release.a(rail_rf_hal.o)
                0x00014a32                RFHAL_SetStateTiming
 .text.RAIL_Init
                0x00014a80       0x20 C:\Users\ashis\SimplicityStudio\v4_workspace\Final-Project-Client\platform\radio\rail_lib\autogen\librail_release\librail_efr32xg1_gcc_release.a(rail_singleprotocol.o)
                0x00014a80                RAIL_Init
 .text.RAIL_GetSchedulerStatus
                0x00014aa0        0x4 C:\Users\ashis\SimplicityStudio\v4_workspace\Final-Project-Client\platform\radio\rail_lib\autogen\librail_release\librail_efr32xg1_gcc_release.a(rail_singleprotocol.o)
                0x00014aa0                RAIL_GetSchedulerStatus
 .text.RAIL_Idle
                0x00014aa4        0x8 C:\Users\ashis\SimplicityStudio\v4_workspace\Final-Project-Client\platform\radio\rail_lib\autogen\librail_release\librail_efr32xg1_gcc_release.a(rail_singleprotocol.o)
                0x00014aa4                RAIL_Idle
 .text.RAIL_YieldRadio
                0x00014aac        0x2 C:\Users\ashis\SimplicityStudio\v4_workspace\Final-Project-Client\platform\radio\rail_lib\autogen\librail_release\librail_efr32xg1_gcc_release.a(rail_singleprotocol.o)
                0x00014aac                RAIL_YieldRadio
 .text.RAIL_GetRadioEntropy
                0x00014aae        0x8 C:\Users\ashis\SimplicityStudio\v4_workspace\Final-Project-Client\platform\radio\rail_lib\autogen\librail_release\librail_efr32xg1_gcc_release.a(rail_singleprotocol.o)
                0x00014aae                RAIL_GetRadioEntropy
 .text.RAIL_SetTimer
                0x00014ab6       0x14 C:\Users\ashis\SimplicityStudio\v4_workspace\Final-Project-Client\platform\radio\rail_lib\autogen\librail_release\librail_efr32xg1_gcc_release.a(rail_singleprotocol.o)
                0x00014ab6                RAIL_SetTimer
 .text.RAIL_CancelTimer
                0x00014aca        0x4 C:\Users\ashis\SimplicityStudio\v4_workspace\Final-Project-Client\platform\radio\rail_lib\autogen\librail_release\librail_efr32xg1_gcc_release.a(rail_singleprotocol.o)
                0x00014aca                RAIL_CancelTimer
 .text.RAIL_StartTx
                0x00014ace        0xa C:\Users\ashis\SimplicityStudio\v4_workspace\Final-Project-Client\platform\radio\rail_lib\autogen\librail_release\librail_efr32xg1_gcc_release.a(rail_singleprotocol.o)
                0x00014ace                RAIL_StartTx
 .text.RAIL_StartScheduledTx
                0x00014ad8        0xa C:\Users\ashis\SimplicityStudio\v4_workspace\Final-Project-Client\platform\radio\rail_lib\autogen\librail_release\librail_efr32xg1_gcc_release.a(rail_singleprotocol.o)
                0x00014ad8                RAIL_StartScheduledTx
 .text.RAIL_ScheduleRx
                0x00014ae2        0xa C:\Users\ashis\SimplicityStudio\v4_workspace\Final-Project-Client\platform\radio\rail_lib\autogen\librail_release\librail_efr32xg1_gcc_release.a(rail_singleprotocol.o)
                0x00014ae2                RAIL_ScheduleRx
 .text.radioConfigChangedDefault
                0x00014aec        0x2 C:\Users\ashis\SimplicityStudio\v4_workspace\Final-Project-Client\platform\radio\rail_lib\autogen\librail_release\librail_efr32xg1_gcc_release.a(rail_rf.o)
 .text.isTransitionState
                0x00014aee       0x12 C:\Users\ashis\SimplicityStudio\v4_workspace\Final-Project-Client\platform\radio\rail_lib\autogen\librail_release\librail_efr32xg1_gcc_release.a(rail_rf.o)
 .text.RAILCore_Init
                0x00014b00       0x12 C:\Users\ashis\SimplicityStudio\v4_workspace\Final-Project-Client\platform\radio\rail_lib\autogen\librail_release\librail_efr32xg1_gcc_release.a(rail_rf.o)
                0x00014b00                RAILCore_Init
 *fill*         0x00014b12        0x2 
 .text.RAILInt_SetCallbackConfig
                0x00014b14       0x20 C:\Users\ashis\SimplicityStudio\v4_workspace\Final-Project-Client\platform\radio\rail_lib\autogen\librail_release\librail_efr32xg1_gcc_release.a(rail_rf.o)
                0x00014b14                RAILInt_SetCallbackConfig
 .text.RAILCore_Idle
                0x00014b34       0x14 C:\Users\ashis\SimplicityStudio\v4_workspace\Final-Project-Client\platform\radio\rail_lib\autogen\librail_release\librail_efr32xg1_gcc_release.a(rail_rf.o)
                0x00014b34                RAILCore_Idle
 .text.RAILCore_GetRadioState
                0x00014b48        0x4 C:\Users\ashis\SimplicityStudio\v4_workspace\Final-Project-Client\platform\radio\rail_lib\autogen\librail_release\librail_efr32xg1_gcc_release.a(rail_rf.o)
                0x00014b48                RAILCore_GetRadioState
 .text.RAIL_SetStateTiming
                0x00014b4c        0xa C:\Users\ashis\SimplicityStudio\v4_workspace\Final-Project-Client\platform\radio\rail_lib\autogen\librail_release\librail_efr32xg1_gcc_release.a(rail_rf.o)
                0x00014b4c                RAIL_SetStateTiming
 *fill*         0x00014b56        0x2 
 .text.RAILInt_IsPowerInRange
                0x00014b58       0x3c C:\Users\ashis\SimplicityStudio\v4_workspace\Final-Project-Client\platform\radio\rail_lib\autogen\librail_release\librail_efr32xg1_gcc_release.a(rail_rf.o)
                0x00014b58                RAILInt_IsPowerInRange
 .text.RAILInt_SetChannel
                0x00014b94      0x1d8 C:\Users\ashis\SimplicityStudio\v4_workspace\Final-Project-Client\platform\radio\rail_lib\autogen\librail_release\librail_efr32xg1_gcc_release.a(rail_rf.o)
                0x00014b94                RAILInt_SetChannel
 .text.RAILCore_ConfigChannels
                0x00014d6c       0x58 C:\Users\ashis\SimplicityStudio\v4_workspace\Final-Project-Client\platform\radio\rail_lib\autogen\librail_release\librail_efr32xg1_gcc_release.a(rail_rf.o)
                0x00014d6c                RAILCore_ConfigChannels
 .text.RAILInt_GetChannel
                0x00014dc4        0x4 C:\Users\ashis\SimplicityStudio\v4_workspace\Final-Project-Client\platform\radio\rail_lib\autogen\librail_release\librail_efr32xg1_gcc_release.a(rail_rf.o)
                0x00014dc4                RAILInt_GetChannel
 .text.RAILCore_SetTxTransitions
                0x00014dc8       0x3c C:\Users\ashis\SimplicityStudio\v4_workspace\Final-Project-Client\platform\radio\rail_lib\autogen\librail_release\librail_efr32xg1_gcc_release.a(rail_rf.o)
                0x00014dc8                RAILCore_SetTxTransitions
 .text.RAIL_SetTxTransitions
                0x00014e04        0xa C:\Users\ashis\SimplicityStudio\v4_workspace\Final-Project-Client\platform\radio\rail_lib\autogen\librail_release\librail_efr32xg1_gcc_release.a(rail_rf.o)
                0x00014e04                RAIL_SetTxTransitions
 .text.RAILCore_SetRxTransitions
                0x00014e0e       0x38 C:\Users\ashis\SimplicityStudio\v4_workspace\Final-Project-Client\platform\radio\rail_lib\autogen\librail_release\librail_efr32xg1_gcc_release.a(rail_rf.o)
                0x00014e0e                RAILCore_SetRxTransitions
 .text.RAIL_SetRxTransitions
                0x00014e46        0xa C:\Users\ashis\SimplicityStudio\v4_workspace\Final-Project-Client\platform\radio\rail_lib\autogen\librail_release\librail_efr32xg1_gcc_release.a(rail_rf.o)
                0x00014e46                RAIL_SetRxTransitions
 .text.RAIL_ConfigEvents
                0x00014e50       0x14 C:\Users\ashis\SimplicityStudio\v4_workspace\Final-Project-Client\platform\radio\rail_lib\autogen\librail_release\librail_efr32xg1_gcc_release.a(rail_rf.o)
                0x00014e50                RAIL_ConfigEvents
 .text.RAIL_ConfigRxOptions
                0x00014e64        0xa C:\Users\ashis\SimplicityStudio\v4_workspace\Final-Project-Client\platform\radio\rail_lib\autogen\librail_release\librail_efr32xg1_gcc_release.a(rail_rx.o)
                0x00014e64                RAIL_ConfigRxOptions
 .text.RAILCore_ScheduleRx
                0x00014e6e       0x2c C:\Users\ashis\SimplicityStudio\v4_workspace\Final-Project-Client\platform\radio\rail_lib\autogen\librail_release\librail_efr32xg1_gcc_release.a(rail_rx.o)
                0x00014e6e                RAILCore_ScheduleRx
 .text.RAILInt_PreTxOps
                0x00014e9a       0x1c C:\Users\ashis\SimplicityStudio\v4_workspace\Final-Project-Client\platform\radio\rail_lib\autogen\librail_release\librail_efr32xg1_gcc_release.a(rail_tx.o)
                0x00014e9a                RAILInt_PreTxOps
 .text.RAILCore_StartTx
                0x00014eb6       0x1a C:\Users\ashis\SimplicityStudio\v4_workspace\Final-Project-Client\platform\radio\rail_lib\autogen\librail_release\librail_efr32xg1_gcc_release.a(rail_tx.o)
                0x00014eb6                RAILCore_StartTx
 .text.RAILCore_StartScheduledTx
                0x00014ed0       0x1e C:\Users\ashis\SimplicityStudio\v4_workspace\Final-Project-Client\platform\radio\rail_lib\autogen\librail_release\librail_efr32xg1_gcc_release.a(rail_tx.o)
                0x00014ed0                RAILCore_StartScheduledTx
 .text.RAIL_SetTxPower
                0x00014eee        0xa C:\Users\ashis\SimplicityStudio\v4_workspace\Final-Project-Client\platform\radio\rail_lib\autogen\librail_release\librail_efr32xg1_gcc_release.a(rail_tx.o)
                0x00014eee                RAIL_SetTxPower
 .text.RAIL_GetTxPower
                0x00014ef8        0xa C:\Users\ashis\SimplicityStudio\v4_workspace\Final-Project-Client\platform\radio\rail_lib\autogen\librail_release\librail_efr32xg1_gcc_release.a(rail_tx.o)
                0x00014ef8                RAIL_GetTxPower
 .text.RAIL_ConfigTxPower
                0x00014f02       0x1a C:\Users\ashis\SimplicityStudio\v4_workspace\Final-Project-Client\platform\radio\rail_lib\autogen\librail_release\librail_efr32xg1_gcc_release.a(rail_tx.o)
                0x00014f02                RAIL_ConfigTxPower
 .text.RAILInt_PendCal
                0x00014f1c       0x24 C:\Users\ashis\SimplicityStudio\v4_workspace\Final-Project-Client\platform\radio\rail_lib\autogen\librail_release\librail_efr32xg1_gcc_release.a(rail_calibration.o)
                0x00014f1c                RAILInt_PendCal
 .text.RAILCb_AssertFailed
                0x00014f40       0x14 C:\Users\ashis\SimplicityStudio\v4_workspace\Final-Project-Client\platform\radio\rail_lib\autogen\librail_release\librail_efr32xg1_gcc_release.a(rail_assert.o)
                0x00014f40                RAILCb_AssertFailed
 .text.RAILInt_Assert
                0x00014f54       0x1c C:\Users\ashis\SimplicityStudio\v4_workspace\Final-Project-Client\platform\radio\rail_lib\autogen\librail_release\librail_efr32xg1_gcc_release.a(rail_assert.o)
                0x00014f54                RAILInt_Assert
 .text.RAILCore_GetRadioEntropy
                0x00014f70        0x4 C:\Users\ashis\SimplicityStudio\v4_workspace\Final-Project-Client\platform\radio\rail_lib\autogen\librail_release\librail_efr32xg1_gcc_release.a(rail_rssi.o)
                0x00014f70                RAILCore_GetRadioEntropy
 .text.BUFC_ReadHelper
                0x00014f74       0x7c C:\Users\ashis\SimplicityStudio\v4_workspace\Final-Project-Client\platform\radio\rail_lib\autogen\librail_release\librail_efr32xg1_gcc_release.a(bufc.o)
 .text.checkAndAddRxLenOverflowEntry
                0x00014ff0       0x3c C:\Users\ashis\SimplicityStudio\v4_workspace\Final-Project-Client\platform\radio\rail_lib\autogen\librail_release\librail_efr32xg1_gcc_release.a(bufc.o)
 .text.BUFC_SetTxBuffer
                0x0001502c       0x38 C:\Users\ashis\SimplicityStudio\v4_workspace\Final-Project-Client\platform\radio\rail_lib\autogen\librail_release\librail_efr32xg1_gcc_release.a(bufc.o)
                0x0001502c                BUFC_SetTxBuffer
 .text.BUFC_WriteBuffer
                0x00015064       0xa8 C:\Users\ashis\SimplicityStudio\v4_workspace\Final-Project-Client\platform\radio\rail_lib\autogen\librail_release\librail_efr32xg1_gcc_release.a(bufc.o)
                0x00015064                BUFC_WriteBuffer
 .text.BUFC_Peek
                0x0001510c       0x12 C:\Users\ashis\SimplicityStudio\v4_workspace\Final-Project-Client\platform\radio\rail_lib\autogen\librail_release\librail_efr32xg1_gcc_release.a(bufc.o)
                0x0001510c                BUFC_Peek
 .text.BUFC_PeekByte
                0x0001511e       0x34 C:\Users\ashis\SimplicityStudio\v4_workspace\Final-Project-Client\platform\radio\rail_lib\autogen\librail_release\librail_efr32xg1_gcc_release.a(bufc.o)
                0x0001511e                BUFC_PeekByte
 *fill*         0x00015152        0x2 
 .text.BUFC_GetSpaceAvailable
                0x00015154       0x28 C:\Users\ashis\SimplicityStudio\v4_workspace\Final-Project-Client\platform\radio\rail_lib\autogen\librail_release\librail_efr32xg1_gcc_release.a(bufc.o)
                0x00015154                BUFC_GetSpaceAvailable
 .text.BUFC_GetBytesAvailable
                0x0001517c       0x14 C:\Users\ashis\SimplicityStudio\v4_workspace\Final-Project-Client\platform\radio\rail_lib\autogen\librail_release\librail_efr32xg1_gcc_release.a(bufc.o)
                0x0001517c                BUFC_GetBytesAvailable
 .text.BUFC_TxAckBufferSet
                0x00015190       0x38 C:\Users\ashis\SimplicityStudio\v4_workspace\Final-Project-Client\platform\radio\rail_lib\autogen\librail_release\librail_efr32xg1_gcc_release.a(bufc.o)
                0x00015190                BUFC_TxAckBufferSet
 .text.BUFC_TxAckBufferReset
                0x000151c8        0x8 C:\Users\ashis\SimplicityStudio\v4_workspace\Final-Project-Client\platform\radio\rail_lib\autogen\librail_release\librail_efr32xg1_gcc_release.a(bufc.o)
                0x000151c8                BUFC_TxAckBufferReset
 .text.BUFC_RxBufferReset
                0x000151d0       0x5c C:\Users\ashis\SimplicityStudio\v4_workspace\Final-Project-Client\platform\radio\rail_lib\autogen\librail_release\librail_efr32xg1_gcc_release.a(bufc.o)
                0x000151d0                BUFC_RxBufferReset
 .text.BUFC_Init
                0x0001522c       0x98 C:\Users\ashis\SimplicityStudio\v4_workspace\Final-Project-Client\platform\radio\rail_lib\autogen\librail_release\librail_efr32xg1_gcc_release.a(bufc.o)
                0x0001522c                BUFC_Init
 .text.BUFC_RxBufferBytesAvailable
                0x000152c4       0x10 C:\Users\ashis\SimplicityStudio\v4_workspace\Final-Project-Client\platform\radio\rail_lib\autogen\librail_release\librail_efr32xg1_gcc_release.a(bufc.o)
                0x000152c4                BUFC_RxBufferBytesAvailable
 .text.BUFC_ReleaseRxPacket
                0x000152d4      0x10c C:\Users\ashis\SimplicityStudio\v4_workspace\Final-Project-Client\platform\radio\rail_lib\autogen\librail_release\librail_efr32xg1_gcc_release.a(bufc.o)
                0x000152d4                BUFC_ReleaseRxPacket
 .text.BUFC_StartRxLenThrEvent
                0x000153e0       0x8c C:\Users\ashis\SimplicityStudio\v4_workspace\Final-Project-Client\platform\radio\rail_lib\autogen\librail_release\librail_efr32xg1_gcc_release.a(bufc.o)
                0x000153e0                BUFC_StartRxLenThrEvent
 .text.BUFC_EndRxLenThrEvent
                0x0001546c       0x1c C:\Users\ashis\SimplicityStudio\v4_workspace\Final-Project-Client\platform\radio\rail_lib\autogen\librail_release\librail_efr32xg1_gcc_release.a(bufc.o)
                0x0001546c                BUFC_EndRxLenThrEvent
 .text.BUFC_HandleRxLenOvfEvent
                0x00015488       0x28 C:\Users\ashis\SimplicityStudio\v4_workspace\Final-Project-Client\platform\radio\rail_lib\autogen\librail_release\librail_efr32xg1_gcc_release.a(bufc.o)
                0x00015488                BUFC_HandleRxLenOvfEvent
 .text.BUFC_GetRxPacketInfo
                0x000154b0      0x138 C:\Users\ashis\SimplicityStudio\v4_workspace\Final-Project-Client\platform\radio\rail_lib\autogen\librail_release\librail_efr32xg1_gcc_release.a(bufc.o)
                0x000154b0                BUFC_GetRxPacketInfo
 .text.IRCAL_Set
                0x000155e8       0x1c C:\Users\ashis\SimplicityStudio\v4_workspace\Final-Project-Client\platform\radio\rail_lib\autogen\librail_release\librail_efr32xg1_gcc_release.a(ir_cal.o)
                0x000155e8                IRCAL_Set
 .text.IRCAL_Init
                0x00015604       0xa8 C:\Users\ashis\SimplicityStudio\v4_workspace\Final-Project-Client\platform\radio\rail_lib\autogen\librail_release\librail_efr32xg1_gcc_release.a(ir_cal.o)
                0x00015604                IRCAL_Init
 .text.PA_ProtectPa
                0x000156ac       0xbc C:\Users\ashis\SimplicityStudio\v4_workspace\Final-Project-Client\platform\radio\rail_lib\autogen\librail_release\librail_efr32xg1_gcc_release.a(pa.o)
 .text.getRampTimeFromLevelAndRate
                0x00015768       0x20 C:\Users\ashis\SimplicityStudio\v4_workspace\Final-Project-Client\platform\radio\rail_lib\autogen\librail_release\librail_efr32xg1_gcc_release.a(pa.o)
 .text.PA_GetTxPowerConfig
                0x00015788       0x14 C:\Users\ashis\SimplicityStudio\v4_workspace\Final-Project-Client\platform\radio\rail_lib\autogen\librail_release\librail_efr32xg1_gcc_release.a(pa.o)
                0x00015788                PA_GetTxPowerConfig
 .text.PA_GetPowerLevel
                0x0001579c        0xc C:\Users\ashis\SimplicityStudio\v4_workspace\Final-Project-Client\platform\radio\rail_lib\autogen\librail_release\librail_efr32xg1_gcc_release.a(pa.o)
                0x0001579c                PA_GetPowerLevel
 .text.PA_SetPowerLevel
                0x000157a8      0x194 C:\Users\ashis\SimplicityStudio\v4_workspace\Final-Project-Client\platform\radio\rail_lib\autogen\librail_release\librail_efr32xg1_gcc_release.a(pa.o)
                0x000157a8                PA_SetPowerLevel
 .text.PA_RunPeakDetectorHigh
                0x0001593c       0x4c C:\Users\ashis\SimplicityStudio\v4_workspace\Final-Project-Client\platform\radio\rail_lib\autogen\librail_release\librail_efr32xg1_gcc_release.a(pa.o)
                0x0001593c                PA_RunPeakDetectorHigh
 .text.PA_RunPeakDetectorLow
                0x00015988        0x2 C:\Users\ashis\SimplicityStudio\v4_workspace\Final-Project-Client\platform\radio\rail_lib\autogen\librail_release\librail_efr32xg1_gcc_release.a(pa.o)
                0x00015988                PA_RunPeakDetectorLow
 *fill*         0x0001598a        0x2 
 .text.PA_RunBatHigh
                0x0001598c       0x2c C:\Users\ashis\SimplicityStudio\v4_workspace\Final-Project-Client\platform\radio\rail_lib\autogen\librail_release\librail_efr32xg1_gcc_release.a(pa.o)
                0x0001598c                PA_RunBatHigh
 .text.PA_GetRampTime
                0x000159b8        0xc C:\Users\ashis\SimplicityStudio\v4_workspace\Final-Project-Client\platform\radio\rail_lib\autogen\librail_release\librail_efr32xg1_gcc_release.a(pa.o)
                0x000159b8                PA_GetRampTime
 .text.PA_ConfigRamp
                0x000159c4       0x20 C:\Users\ashis\SimplicityStudio\v4_workspace\Final-Project-Client\platform\radio\rail_lib\autogen\librail_release\librail_efr32xg1_gcc_release.a(pa.o)
                0x000159c4                PA_ConfigRamp
 .text.PA_CalcRampTime
                0x000159e4       0x44 C:\Users\ashis\SimplicityStudio\v4_workspace\Final-Project-Client\platform\radio\rail_lib\autogen\librail_release\librail_efr32xg1_gcc_release.a(pa.o)
                0x000159e4                PA_CalcRampTime
 .text.PA_SetRampTime
                0x00015a28       0xac C:\Users\ashis\SimplicityStudio\v4_workspace\Final-Project-Client\platform\radio\rail_lib\autogen\librail_release\librail_efr32xg1_gcc_release.a(pa.o)
                0x00015a28                PA_SetRampTime
 .text.PA_SelectBand
                0x00015ad4       0x50 C:\Users\ashis\SimplicityStudio\v4_workspace\Final-Project-Client\platform\radio\rail_lib\autogen\librail_release\librail_efr32xg1_gcc_release.a(pa.o)
                0x00015ad4                PA_SelectBand
 .text.PA_Config
                0x00015b24      0x15c C:\Users\ashis\SimplicityStudio\v4_workspace\Final-Project-Client\platform\radio\rail_lib\autogen\librail_release\librail_efr32xg1_gcc_release.a(pa.o)
                0x00015b24                PA_Config
 .text.PA_UpdateConfig
                0x00015c80       0x38 C:\Users\ashis\SimplicityStudio\v4_workspace\Final-Project-Client\platform\radio\rail_lib\autogen\librail_release\librail_efr32xg1_gcc_release.a(pa.o)
                0x00015c80                PA_UpdateConfig
 .text.PROTIMER_Init
                0x00015cb8      0x108 C:\Users\ashis\SimplicityStudio\v4_workspace\Final-Project-Client\platform\radio\rail_lib\autogen\librail_release\librail_efr32xg1_gcc_release.a(protimer.o)
                0x00015cb8                PROTIMER_Init
 .text.PROTIMER_Start
                0x00015dc0       0x1c C:\Users\ashis\SimplicityStudio\v4_workspace\Final-Project-Client\platform\radio\rail_lib\autogen\librail_release\librail_efr32xg1_gcc_release.a(protimer.o)
                0x00015dc0                PROTIMER_Start
 .text.PROTIMER_IsRunning
                0x00015ddc       0x10 C:\Users\ashis\SimplicityStudio\v4_workspace\Final-Project-Client\platform\radio\rail_lib\autogen\librail_release\librail_efr32xg1_gcc_release.a(protimer.o)
                0x00015ddc                PROTIMER_IsRunning
 .text.PROTIMER_ElapsedTime
                0x00015dec       0x18 C:\Users\ashis\SimplicityStudio\v4_workspace\Final-Project-Client\platform\radio\rail_lib\autogen\librail_release\librail_efr32xg1_gcc_release.a(protimer.o)
                0x00015dec                PROTIMER_ElapsedTime
 .text.PROTIMER_CCTimerStop
                0x00015e04       0x20 C:\Users\ashis\SimplicityStudio\v4_workspace\Final-Project-Client\platform\radio\rail_lib\autogen\librail_release\librail_efr32xg1_gcc_release.a(protimer.o)
                0x00015e04                PROTIMER_CCTimerStop
 .text.PROTIMER_CCTimerStart
                0x00015e24      0x164 C:\Users\ashis\SimplicityStudio\v4_workspace\Final-Project-Client\platform\radio\rail_lib\autogen\librail_release\librail_efr32xg1_gcc_release.a(protimer.o)
                0x00015e24                PROTIMER_CCTimerStart
 .text.PROTIMER_WrapMultiple
                0x00015f88       0x12 C:\Users\ashis\SimplicityStudio\v4_workspace\Final-Project-Client\platform\radio\rail_lib\autogen\librail_release\librail_efr32xg1_gcc_release.a(protimer.o)
                0x00015f88                PROTIMER_WrapMultiple
 *fill*         0x00015f9a        0x2 
 .text.PROTIMER_CCTimerIsEnabled
                0x00015f9c       0x10 C:\Users\ashis\SimplicityStudio\v4_workspace\Final-Project-Client\platform\radio\rail_lib\autogen\librail_release\librail_efr32xg1_gcc_release.a(protimer.o)
                0x00015f9c                PROTIMER_CCTimerIsEnabled
 .text.PROTIMER_CCTimerCapture
                0x00015fac       0x14 C:\Users\ashis\SimplicityStudio\v4_workspace\Final-Project-Client\platform\radio\rail_lib\autogen\librail_release\librail_efr32xg1_gcc_release.a(protimer.o)
                0x00015fac                PROTIMER_CCTimerCapture
 .text.PROTIMER_ScheduleTxEnable
                0x00015fc0       0x2c C:\Users\ashis\SimplicityStudio\v4_workspace\Final-Project-Client\platform\radio\rail_lib\autogen\librail_release\librail_efr32xg1_gcc_release.a(protimer.o)
                0x00015fc0                PROTIMER_ScheduleTxEnable
 .text.PROTIMER_ClearTxEnable
                0x00015fec        0xc C:\Users\ashis\SimplicityStudio\v4_workspace\Final-Project-Client\platform\radio\rail_lib\autogen\librail_release\librail_efr32xg1_gcc_release.a(protimer.o)
                0x00015fec                PROTIMER_ClearTxEnable
 .text.PROTIMER_ScheduleRxEnable
                0x00015ff8       0x2c C:\Users\ashis\SimplicityStudio\v4_workspace\Final-Project-Client\platform\radio\rail_lib\autogen\librail_release\librail_efr32xg1_gcc_release.a(protimer.o)
                0x00015ff8                PROTIMER_ScheduleRxEnable
 .text.PROTIMER_ScheduleRxDisable
                0x00016024       0x38 C:\Users\ashis\SimplicityStudio\v4_workspace\Final-Project-Client\platform\radio\rail_lib\autogen\librail_release\librail_efr32xg1_gcc_release.a(protimer.o)
                0x00016024                PROTIMER_ScheduleRxDisable
 .text.PROTIMER_ClearRxEnable
                0x0001605c       0x10 C:\Users\ashis\SimplicityStudio\v4_workspace\Final-Project-Client\platform\radio\rail_lib\autogen\librail_release\librail_efr32xg1_gcc_release.a(protimer.o)
                0x0001605c                PROTIMER_ClearRxEnable
 .text.PROTIMER_GetTime
                0x0001606c        0xc C:\Users\ashis\SimplicityStudio\v4_workspace\Final-Project-Client\platform\radio\rail_lib\autogen\librail_release\librail_efr32xg1_gcc_release.a(protimer.o)
                0x0001606c                PROTIMER_GetTime
 .text.PROTIMER_GetCCTime
                0x00016078        0xc C:\Users\ashis\SimplicityStudio\v4_workspace\Final-Project-Client\platform\radio\rail_lib\autogen\librail_release\librail_efr32xg1_gcc_release.a(protimer.o)
                0x00016078                PROTIMER_GetCCTime
 .text.PROTIMER_LBTStop
                0x00016084       0x18 C:\Users\ashis\SimplicityStudio\v4_workspace\Final-Project-Client\platform\radio\rail_lib\autogen\librail_release\librail_efr32xg1_gcc_release.a(protimer.o)
                0x00016084                PROTIMER_LBTStop
 .text.PROTIMER_PrecntOverflowToUs
                0x0001609c       0x38 C:\Users\ashis\SimplicityStudio\v4_workspace\Final-Project-Client\platform\radio\rail_lib\autogen\librail_release\librail_efr32xg1_gcc_release.a(protimer.o)
                0x0001609c                PROTIMER_PrecntOverflowToUs
 .text.PROTIMER_UsToPrecntOverflow
                0x000160d4       0x2c C:\Users\ashis\SimplicityStudio\v4_workspace\Final-Project-Client\platform\radio\rail_lib\autogen\librail_release\librail_efr32xg1_gcc_release.a(protimer.o)
                0x000160d4                PROTIMER_UsToPrecntOverflow
 .text.PROTIMER_DelayUs
                0x00016100       0x44 C:\Users\ashis\SimplicityStudio\v4_workspace\Final-Project-Client\platform\radio\rail_lib\autogen\librail_release\librail_efr32xg1_gcc_release.a(protimer.o)
                0x00016100                PROTIMER_DelayUs
 .text.PROTIMER_CheckCcaReallyFailed
                0x00016144       0xbc C:\Users\ashis\SimplicityStudio\v4_workspace\Final-Project-Client\platform\radio\rail_lib\autogen\librail_release\librail_efr32xg1_gcc_release.a(protimer.o)
                0x00016144                PROTIMER_CheckCcaReallyFailed
 .text.PTI_EnableAppendedInfo
                0x00016200       0x18 C:\Users\ashis\SimplicityStudio\v4_workspace\Final-Project-Client\platform\radio\rail_lib\autogen\librail_release\librail_efr32xg1_gcc_release.a(pti.o)
                0x00016200                PTI_EnableAppendedInfo
 .text.PTI_Enable
                0x00016218       0x58 C:\Users\ashis\SimplicityStudio\v4_workspace\Final-Project-Client\platform\radio\rail_lib\autogen\librail_release\librail_efr32xg1_gcc_release.a(pti.o)
                0x00016218                PTI_Enable
 .text.PTI_AuxdataOutput
                0x00016270       0x1c C:\Users\ashis\SimplicityStudio\v4_workspace\Final-Project-Client\platform\radio\rail_lib\autogen\librail_release\librail_efr32xg1_gcc_release.a(pti.o)
                0x00016270                PTI_AuxdataOutput
 .text.PTI_EnableSyncword
                0x0001628c       0x18 C:\Users\ashis\SimplicityStudio\v4_workspace\Final-Project-Client\platform\radio\rail_lib\autogen\librail_release\librail_efr32xg1_gcc_release.a(pti.o)
                0x0001628c                PTI_EnableSyncword
 .text.RADIO_SetAndForgetWrite
                0x000162a4       0x8c C:\Users\ashis\SimplicityStudio\v4_workspace\Final-Project-Client\platform\radio\rail_lib\autogen\librail_release\librail_efr32xg1_gcc_release.a(radio.o)
                0x000162a4                RADIO_SetAndForgetWrite
 .text.RADIO_SeqInit
                0x00016330       0x68 C:\Users\ashis\SimplicityStudio\v4_workspace\Final-Project-Client\platform\radio\rail_lib\autogen\librail_release\librail_efr32xg1_gcc_release.a(radio.o)
                0x00016330                RADIO_SeqInit
 .text.RADIO_CLKEnable
                0x00016398       0x68 C:\Users\ashis\SimplicityStudio\v4_workspace\Final-Project-Client\platform\radio\rail_lib\autogen\librail_release\librail_efr32xg1_gcc_release.a(radio.o)
                0x00016398                RADIO_CLKEnable
 .text.RADIO_Init
                0x00016400       0x40 C:\Users\ashis\SimplicityStudio\v4_workspace\Final-Project-Client\platform\radio\rail_lib\autogen\librail_release\librail_efr32xg1_gcc_release.a(radio.o)
                0x00016400                RADIO_Init
 .text.RADIO_Config
                0x00016440       0xa8 C:\Users\ashis\SimplicityStudio\v4_workspace\Final-Project-Client\platform\radio\rail_lib\autogen\librail_release\librail_efr32xg1_gcc_release.a(radio.o)
                0x00016440                RADIO_Config
 .text.RADIO_IsRxOnForRssi
                0x000164e8       0x18 C:\Users\ashis\SimplicityStudio\v4_workspace\Final-Project-Client\platform\radio\rail_lib\autogen\librail_release\librail_efr32xg1_gcc_release.a(radio.o)
                0x000164e8                RADIO_IsRxOnForRssi
 .text.RADIO_RxTrailDataLength
                0x00016500       0x3c C:\Users\ashis\SimplicityStudio\v4_workspace\Final-Project-Client\platform\radio\rail_lib\autogen\librail_release\librail_efr32xg1_gcc_release.a(radio.o)
                0x00016500                RADIO_RxTrailDataLength
 .text.RADIO_FrameControlDescrBufferIdSet
                0x0001653c       0x20 C:\Users\ashis\SimplicityStudio\v4_workspace\Final-Project-Client\platform\radio\rail_lib\autogen\librail_release\librail_efr32xg1_gcc_release.a(radio.o)
                0x0001653c                RADIO_FrameControlDescrBufferIdSet
 .text.RADIO_ComputeTxBaudrate
                0x0001655c       0x28 C:\Users\ashis\SimplicityStudio\v4_workspace\Final-Project-Client\platform\radio\rail_lib\autogen\librail_release\librail_efr32xg1_gcc_release.a(radio.o)
                0x0001655c                RADIO_ComputeTxBaudrate
 .text.RADIO_ComputeTxSymbolRate
                0x00016584       0x2c C:\Users\ashis\SimplicityStudio\v4_workspace\Final-Project-Client\platform\radio\rail_lib\autogen\librail_release\librail_efr32xg1_gcc_release.a(radio.o)
                0x00016584                RADIO_ComputeTxSymbolRate
 .text.RADIO_ComputeTxBitRate
                0x000165b0       0x50 C:\Users\ashis\SimplicityStudio\v4_workspace\Final-Project-Client\platform\radio\rail_lib\autogen\librail_release\librail_efr32xg1_gcc_release.a(radio.o)
                0x000165b0                RADIO_ComputeTxBitRate
 .text.RADIO_GetRssi
                0x00016600       0x54 C:\Users\ashis\SimplicityStudio\v4_workspace\Final-Project-Client\platform\radio\rail_lib\autogen\librail_release\librail_efr32xg1_gcc_release.a(radio.o)
                0x00016600                RADIO_GetRssi
 .text.RADIO_SetCRCInitVal
                0x00016654       0x10 C:\Users\ashis\SimplicityStudio\v4_workspace\Final-Project-Client\platform\radio\rail_lib\autogen\librail_release\librail_efr32xg1_gcc_release.a(radio.o)
                0x00016654                RADIO_SetCRCInitVal
 .text.RADIO_RACClearRxOverflow
                0x00016664       0x20 C:\Users\ashis\SimplicityStudio\v4_workspace\Final-Project-Client\platform\radio\rail_lib\autogen\librail_release\librail_efr32xg1_gcc_release.a(radio.o)
                0x00016664                RADIO_RACClearRxOverflow
 .text.RFSENSE_Disable
                0x00016684       0x44 C:\Users\ashis\SimplicityStudio\v4_workspace\Final-Project-Client\platform\radio\rail_lib\autogen\librail_release\librail_efr32xg1_gcc_release.a(rfsense.o)
 .text.RFSENSE_Sensed
                0x000166c8       0x50 C:\Users\ashis\SimplicityStudio\v4_workspace\Final-Project-Client\platform\radio\rail_lib\autogen\librail_release\librail_efr32xg1_gcc_release.a(rfsense.o)
                0x000166c8                RFSENSE_Sensed
 .text.RFSENSE_IRQHandler
                0x00016718        0x4 C:\Users\ashis\SimplicityStudio\v4_workspace\Final-Project-Client\platform\radio\rail_lib\autogen\librail_release\librail_efr32xg1_gcc_release.a(rfsense.o)
                0x00016718                RFSENSE_IRQHandler
 .text.RTCCSYNC_RTCCClockFreqGet
                0x0001671c       0x30 C:\Users\ashis\SimplicityStudio\v4_workspace\Final-Project-Client\platform\radio\rail_lib\autogen\librail_release\librail_efr32xg1_gcc_release.a(rtccsync.o)
 .text.RTCCSYNC_Init
                0x0001674c       0x10 C:\Users\ashis\SimplicityStudio\v4_workspace\Final-Project-Client\platform\radio\rail_lib\autogen\librail_release\librail_efr32xg1_gcc_release.a(rtccsync.o)
                0x0001674c                RTCCSYNC_Init
 .text.RTCCSYNC_PreSleep
                0x0001675c      0x260 C:\Users\ashis\SimplicityStudio\v4_workspace\Final-Project-Client\platform\radio\rail_lib\autogen\librail_release\librail_efr32xg1_gcc_release.a(rtccsync.o)
                0x0001675c                RTCCSYNC_PreSleep
 .text.RTCCSYNC_PostWakeUp
                0x000169bc      0x1c4 C:\Users\ashis\SimplicityStudio\v4_workspace\Final-Project-Client\platform\radio\rail_lib\autogen\librail_release\librail_efr32xg1_gcc_release.a(rtccsync.o)
                0x000169bc                RTCCSYNC_PostWakeUp
 .text.SYNTH_RfFreqGet
                0x00016b80        0xc C:\Users\ashis\SimplicityStudio\v4_workspace\Final-Project-Client\platform\radio\rail_lib\autogen\librail_release\librail_efr32xg1_gcc_release.a(synth.o)
                0x00016b80                SYNTH_RfFreqGet
 .text.SYNTH_ChSpacingGet
                0x00016b8c        0xc C:\Users\ashis\SimplicityStudio\v4_workspace\Final-Project-Client\platform\radio\rail_lib\autogen\librail_release\librail_efr32xg1_gcc_release.a(synth.o)
                0x00016b8c                SYNTH_ChSpacingGet
 .text.SYNTH_LoDivGet
                0x00016b98       0x20 C:\Users\ashis\SimplicityStudio\v4_workspace\Final-Project-Client\platform\radio\rail_lib\autogen\librail_release\librail_efr32xg1_gcc_release.a(synth.o)
                0x00016b98                SYNTH_LoDivGet
 .text.SYNTH_Is2p4GHz
                0x00016bb8       0x14 C:\Users\ashis\SimplicityStudio\v4_workspace\Final-Project-Client\platform\radio\rail_lib\autogen\librail_release\librail_efr32xg1_gcc_release.a(synth.o)
                0x00016bb8                SYNTH_Is2p4GHz
 .text.SYNTH_VcoRangeIsValid
                0x00016bcc       0x30 C:\Users\ashis\SimplicityStudio\v4_workspace\Final-Project-Client\platform\radio\rail_lib\autogen\librail_release\librail_efr32xg1_gcc_release.a(synth.o)
                0x00016bcc                SYNTH_VcoRangeIsValid
 .text.SYNTH_RetimeLimitsConfig
                0x00016bfc       0x64 C:\Users\ashis\SimplicityStudio\v4_workspace\Final-Project-Client\platform\radio\rail_lib\autogen\librail_release\librail_efr32xg1_gcc_release.a(synth.o)
                0x00016bfc                SYNTH_RetimeLimitsConfig
 .text.SYNTH_RetimeClkConfig
                0x00016c60       0xb4 C:\Users\ashis\SimplicityStudio\v4_workspace\Final-Project-Client\platform\radio\rail_lib\autogen\librail_release\librail_efr32xg1_gcc_release.a(synth.o)
                0x00016c60                SYNTH_RetimeClkConfig
 .text.SYNTH_Config
                0x00016d14      0x108 C:\Users\ashis\SimplicityStudio\v4_workspace\Final-Project-Client\platform\radio\rail_lib\autogen\librail_release\librail_efr32xg1_gcc_release.a(synth.o)
                0x00016d14                SYNTH_Config
 .text.SYNTH_ChannelSet
                0x00016e1c       0x40 C:\Users\ashis\SimplicityStudio\v4_workspace\Final-Project-Client\platform\radio\rail_lib\autogen\librail_release\librail_efr32xg1_gcc_release.a(synth.o)
                0x00016e1c                SYNTH_ChannelSet
 .text.SYNTH_DCDCRetimeClkSet
                0x00016e5c       0x6c C:\Users\ashis\SimplicityStudio\v4_workspace\Final-Project-Client\platform\radio\rail_lib\autogen\librail_release\librail_efr32xg1_gcc_release.a(synth.o)
                0x00016e5c                SYNTH_DCDCRetimeClkSet
 .text.SYNTH_DCDCRetimeEnable
                0x00016ec8       0x18 C:\Users\ashis\SimplicityStudio\v4_workspace\Final-Project-Client\platform\radio\rail_lib\autogen\librail_release\librail_efr32xg1_gcc_release.a(synth.o)
                0x00016ec8                SYNTH_DCDCRetimeEnable
 .text.SYNTH_DCDCRetimeDisable
                0x00016ee0       0x18 C:\Users\ashis\SimplicityStudio\v4_workspace\Final-Project-Client\platform\radio\rail_lib\autogen\librail_release\librail_efr32xg1_gcc_release.a(synth.o)
                0x00016ee0                SYNTH_DCDCRetimeDisable
 .text.SYNTH_KvnFreqCompensationEnable
                0x00016ef8        0xc C:\Users\ashis\SimplicityStudio\v4_workspace\Final-Project-Client\platform\radio\rail_lib\autogen\librail_release\librail_efr32xg1_gcc_release.a(synth.o)
                0x00016ef8                SYNTH_KvnFreqCompensationEnable
 .text.RADIOCMU_ClockEnable
                0x00016f04       0x40 C:\Users\ashis\SimplicityStudio\v4_workspace\Final-Project-Client\platform\radio\rail_lib\autogen\librail_release\librail_efr32xg1_gcc_release.a(radio_cmu.o)
                0x00016f04                RADIOCMU_ClockEnable
 .text.RADIOCMU_ClockFreqGet