Archive member included because of file (symbol)

C:\Users\ashis\SimplicityStudio\v4_workspace\HW3\platform\radio\rail_lib\autogen\librail_release\librail_efr32xg1_gcc_release.a(rail_pti.o)
                              ./pti.o (RAIL_ConfigPti)
C:\Users\ashis\SimplicityStudio\v4_workspace\HW3\platform\radio\rail_lib\autogen\librail_release\librail_efr32xg1_gcc_release.a(rail_rf_hal.o)
                              C:\Users\ashis\SimplicityStudio\v4_workspace\HW3\platform\radio\rail_lib\autogen\librail_release\librail_efr32xg1_gcc_release.a(rail_pti.o) (RFHAL_ConfigPti)
C:\Users\ashis\SimplicityStudio\v4_workspace\HW3\platform\radio\rail_lib\autogen\librail_release\librail_efr32xg1_gcc_release.a(rail_singleprotocol.o)
                              C:\Users\ashis\SimplicityStudio\v4_workspace\HW3\platform\radio\rail_lib\autogen\librail_release\librail_efr32xg1_gcc_release.a(rail_rf_hal.o) (RAIL_ActiveHandle)
C:\Users\ashis\SimplicityStudio\v4_workspace\HW3\platform\radio\rail_lib\autogen\librail_release\librail_efr32xg1_gcc_release.a(rail_rf.o)
                              C:\Users\ashis\SimplicityStudio\v4_workspace\HW3\platform\radio\rail_lib\autogen\librail_release\librail_efr32xg1_gcc_release.a(rail_singleprotocol.o) (RAILCore_Init)
C:\Users\ashis\SimplicityStudio\v4_workspace\HW3\platform\radio\rail_lib\autogen\librail_release\librail_efr32xg1_gcc_release.a(rail_rx.o)
                              C:\Users\ashis\SimplicityStudio\v4_workspace\HW3\platform\radio\rail_lib\autogen\librail_release\librail_efr32xg1_gcc_release.a(rail_rf_hal.o) (RAILCore_StartRx)
C:\Users\ashis\SimplicityStudio\v4_workspace\HW3\platform\radio\rail_lib\autogen\librail_release\librail_efr32xg1_gcc_release.a(rail_tx.o)
                              C:\Users\ashis\SimplicityStudio\v4_workspace\HW3\platform\radio\rail_lib\autogen\librail_release\librail_efr32xg1_gcc_release.a(rail_singleprotocol.o) (RAILCore_StartTx)
C:\Users\ashis\SimplicityStudio\v4_workspace\HW3\platform\radio\rail_lib\autogen\librail_release\librail_efr32xg1_gcc_release.a(rail_calibration.o)
                              C:\Users\ashis\SimplicityStudio\v4_workspace\HW3\platform\radio\rail_lib\autogen\librail_release\librail_efr32xg1_gcc_release.a(rail_rf_hal.o) (RAILInt_PendCal)
C:\Users\ashis\SimplicityStudio\v4_workspace\HW3\platform\radio\rail_lib\autogen\librail_release\librail_efr32xg1_gcc_release.a(rail_assert.o)
                              C:\Users\ashis\SimplicityStudio\v4_workspace\HW3\platform\radio\rail_lib\autogen\librail_release\librail_efr32xg1_gcc_release.a(rail_rf.o) (RAILInt_Assert)
C:\Users\ashis\SimplicityStudio\v4_workspace\HW3\platform\radio\rail_lib\autogen\librail_release\librail_efr32xg1_gcc_release.a(rail_rssi.o)
                              C:\Users\ashis\SimplicityStudio\v4_workspace\HW3\platform\radio\rail_lib\autogen\librail_release\librail_efr32xg1_gcc_release.a(rail_singleprotocol.o) (RAILCore_GetRssi)
C:\Users\ashis\SimplicityStudio\v4_workspace\HW3\platform\radio\rail_lib\autogen\librail_release\librail_efr32xg1_gcc_release.a(bufc.o)
                              C:\Users\ashis\SimplicityStudio\v4_workspace\HW3\platform\radio\rail_lib\autogen\librail_release\librail_efr32xg1_gcc_release.a(rail_rf_hal.o) (BUFC_SetTxBuffer)
C:\Users\ashis\SimplicityStudio\v4_workspace\HW3\platform\radio\rail_lib\autogen\librail_release\librail_efr32xg1_gcc_release.a(ir_cal.o)
                              C:\Users\ashis\SimplicityStudio\v4_workspace\HW3\platform\radio\rail_lib\autogen\librail_release\librail_efr32xg1_gcc_release.a(rail_rf_hal.o) (IRCAL_Set)
C:\Users\ashis\SimplicityStudio\v4_workspace\HW3\platform\radio\rail_lib\autogen\librail_release\librail_efr32xg1_gcc_release.a(pa.o)
                              C:\Users\ashis\SimplicityStudio\v4_workspace\HW3\platform\radio\rail_lib\autogen\librail_release\librail_efr32xg1_gcc_release.a(rail_rf_hal.o) (PA_GetTxPowerConfig)
C:\Users\ashis\SimplicityStudio\v4_workspace\HW3\platform\radio\rail_lib\autogen\librail_release\librail_efr32xg1_gcc_release.a(protimer.o)
                              C:\Users\ashis\SimplicityStudio\v4_workspace\HW3\platform\radio\rail_lib\autogen\librail_release\librail_efr32xg1_gcc_release.a(rail_rf_hal.o) (PROTIMER_Start)
C:\Users\ashis\SimplicityStudio\v4_workspace\HW3\platform\radio\rail_lib\autogen\librail_release\librail_efr32xg1_gcc_release.a(pti.o)
                              C:\Users\ashis\SimplicityStudio\v4_workspace\HW3\platform\radio\rail_lib\autogen\librail_release\librail_efr32xg1_gcc_release.a(rail_rf_hal.o) (PTI_Config)
C:\Users\ashis\SimplicityStudio\v4_workspace\HW3\platform\radio\rail_lib\autogen\librail_release\librail_efr32xg1_gcc_release.a(antenna.o)
                              C:\Users\ashis\SimplicityStudio\v4_workspace\HW3\platform\radio\rail_lib\autogen\librail_release\librail_efr32xg1_gcc_release.a(rail_rf_hal.o) (ANTENNA_Config)
[...]
Memory Configuration

Name             Origin             Length             Attributes
FLASH_BOOTLOADER 0x00000000         0x00004000         xr
FLASH            0x00004000         0x0003b000         xr
RAM              0x20000000         0x00007bfc         xrw
*default*        0x00000000         0xffffffff

Linker script and memory map

LOAD c:/siliconlabs/simplicitystudio/v4/developer/toolchains/gnu_arm/4.9_2015q3/bin/../lib/gcc/arm-none-eabi/4.9.3/armv7e-m/softfp/crti.o
LOAD c:/siliconlabs/simplicitystudio/v4/developer/toolchains/gnu_arm/4.9_2015q3/bin/../lib/gcc/arm-none-eabi/4.9.3/armv7e-m/softfp/crtbegin.o
LOAD c:/siliconlabs/simplicitystudio/v4/developer/toolchains/gnu_arm/4.9_2015q3/bin/../lib/gcc/arm-none-eabi/4.9.3/../../../../arm-none-eabi/lib/armv7e-m/softfp/crt0.o
START GROUP
LOAD ./application_properties.o
LOAD ./gatt_db.o
LOAD ./init_app.o
LOAD ./init_board.o
LOAD ./init_mcu.o
LOAD ./main.o
LOAD ./pti.o
LOAD ./hardware/kit/common/bsp/bsp_stk.o
LOAD ./hardware/kit/common/drivers/mx25flash_spi.o
LOAD ./platform/Device/SiliconLabs/EFR32BG1B/Source/GCC/startup_efr32bg1b.o
LOAD ./platform/Device/SiliconLabs/EFR32BG1B/Source/system_efr32bg1b.o
LOAD ./platform/emdrv/sleep/src/sleep.o
LOAD ./platform/emdrv/tempdrv/src/tempdrv.o
LOAD ./platform/emlib/src/em_cmu.o
LOAD ./platform/emlib/src/em_core.o
LOAD ./platform/emlib/src/em_cryotimer.o
LOAD ./platform/emlib/src/em_crypto.o
LOAD ./platform/emlib/src/em_emu.o
LOAD ./platform/emlib/src/em_gpio.o
LOAD ./platform/emlib/src/em_i2c.o
LOAD ./platform/emlib/src/em_letimer.o
LOAD ./platform/emlib/src/em_msc.o
LOAD ./platform/emlib/src/em_rmu.o
LOAD ./platform/emlib/src/em_rtcc.o
LOAD ./platform/emlib/src/em_system.o
LOAD ./platform/emlib/src/em_usart.o
LOAD ./src/cmu.o
LOAD ./src/gpio.o
LOAD ./src/i2c.o
LOAD ./src/letimer.o
LOAD C:\Users\ashis\SimplicityStudio\v4_workspace\HW3\protocol\bluetooth_2.7\lib\EFR32BG1B\GCC\libmbedtls.a
LOAD C:\Users\ashis\SimplicityStudio\v4_workspace\HW3\platform\radio\rail_lib\autogen\librail_release\librail_efr32xg1_gcc_release.a
LOAD C:\Users\ashis\SimplicityStudio\v4_workspace\HW3\protocol\bluetooth_2.7\lib\EFR32BG1B\GCC\libpsstore.a
LOAD C:\Users\ashis\SimplicityStudio\v4_workspace\HW3\protocol\bluetooth_2.7\lib\EFR32BG1B\GCC\libbluetooth.a
LOAD C:\Users\ashis\SimplicityStudio\v4_workspace\HW3\protocol\bluetooth_2.7\lib\EFR32BG1B\GCC\binapploader.o
LOAD c:/siliconlabs/simplicitystudio/v4/developer/toolchains/gnu_arm/4.9_2015q3/bin/../lib/gcc/arm-none-eabi/4.9.3/../../../../arm-none-eabi/lib/armv7e-m/softfp\libm.a
END GROUP
START GROUP
LOAD c:/siliconlabs/simplicitystudio/v4/developer/toolchains/gnu_arm/4.9_2015q3/bin/../lib/gcc/arm-none-eabi/4.9.3/armv7e-m/softfp\libgcc.a
LOAD c:/siliconlabs/simplicitystudio/v4/developer/toolchains/gnu_arm/4.9_2015q3/bin/../lib/gcc/arm-none-eabi/4.9.3/../../../../arm-none-eabi/lib/armv7e-m/softfp\libc_nano.a
LOAD c:/siliconlabs/simplicitystudio/v4/developer/toolchains/gnu_arm/4.9_2015q3/bin/../lib/gcc/arm-none-eabi/4.9.3/../../../../arm-none-eabi/lib/armv7e-m/softfp\libnosys.a
END GROUP
START GROUP
LOAD c:/siliconlabs/simplicitystudio/v4/developer/toolchains/gnu_arm/4.9_2015q3/bin/../lib/gcc/arm-none-eabi/4.9.3/armv7e-m/softfp\libgcc.a
LOAD c:/siliconlabs/simplicitystudio/v4/developer/toolchains/gnu_arm/4.9_2015q3/bin/../lib/gcc/arm-none-eabi/4.9.3/../../../../arm-none-eabi/lib/armv7e-m/softfp\libg_nano.a
LOAD c:/siliconlabs/simplicitystudio/v4/developer/toolchains/gnu_arm/4.9_2015q3/bin/../lib/gcc/arm-none-eabi/4.9.3/../../../../arm-none-eabi/lib/armv7e-m/softfp\libc_nano.a
END GROUP
START GROUP
LOAD c:/siliconlabs/simplicitystudio/v4/developer/toolchains/gnu_arm/4.9_2015q3/bin/../lib/gcc/arm-none-eabi/4.9.3/armv7e-m/softfp\libgcc.a
LOAD c:/siliconlabs/simplicitystudio/v4/developer/toolchains/gnu_arm/4.9_2015q3/bin/../lib/gcc/arm-none-eabi/4.9.3/../../../../arm-none-eabi/lib/armv7e-m/softfp\libc_nano.a
END GROUP
LOAD c:/siliconlabs/simplicitystudio/v4/developer/toolchains/gnu_arm/4.9_2015q3/bin/../lib/gcc/arm-none-eabi/4.9.3/armv7e-m/softfp/crtend.o
LOAD c:/siliconlabs/simplicitystudio/v4/developer/toolchains/gnu_arm/4.9_2015q3/bin/../lib/gcc/arm-none-eabi/4.9.3/armv7e-m/softfp/crtn.o

.text_bootloader
                0x00000000        0x0
 *(.binbootloader*)
                0x00000000                . = ALIGN (0x4000)

.text_apploader
                0x00004000     0x8fc0
 *(.binapploader*)
 .binapploader  0x00004000     0x8fc0 C:\Users\ashis\SimplicityStudio\v4_workspace\HW3\protocol\bluetooth_2.7\lib\EFR32BG1B\GCC\binapploader.o

.text_signature
                0x0000cfc0       0x40
                0x0000d000                . = ALIGN (0x800)
 *fill*         0x0000cfc0       0x40 
                0x0000d000                __text_start__ = .

.text_application
                0x0000d000    0x218bc
 *(.vectors)
 .vectors       0x0000d000       0xc8 ./platform/Device/SiliconLabs/EFR32BG1B/Source/GCC/startup_efr32bg1b.o
                0x0000d000                __Vectors
                0x0000d0c8                __Vectors_End = .
                0x000000c8                __Vectors_Size = (__Vectors_End - __Vectors)
                0x0000d0c8                __end__ = .
 *(.application_properties)
 .application_properties
                0x0000d0c8       0x38 ./application_properties.o
                0x0000d0c8                applicationProperties
 *(.gecko_configuration)
 *(.xo_configuration)
 *(.gatt_header)
 .gatt_header   0x0000d100       0x34 ./gatt_db.o
                0x0000d100                bg_gattdb_data
 *(.gatt_data)
 .gatt_data     0x0000d134      0x25d ./gatt_db.o
                0x0000d134                bg_gattdb_data_uuidtable_16_map
                0x0000d158                bg_gattdb_data_uuidtable_128_map
                0x0000d178                bg_gattdb_data_attribute_field_24
                0x0000d180                bg_gattdb_data_attribute_field_23
                0x0000d188                bg_gattdb_data_attribute_field_22
                0x0000d18c                bg_gattdb_data_attribute_field_21
                0x0000d194                bg_gattdb_data_attribute_field_20
                0x0000d19c                bg_gattdb_data_attribute_field_19
                0x0000d1a0                bg_gattdb_data_attribute_field_18
                0x0000d1a8                bg_gattdb_data_attribute_field_17
                0x0000d1c0                bg_gattdb_data_attribute_field_16
                0x0000d1d4                bg_gattdb_data_attribute_field_15
                0x0000d1dc                bg_gattdb_data_attribute_field_14
                0x0000d1e4                bg_gattdb_data_attribute_field_13
                0x0000d1f0                bg_gattdb_data_attribute_field_12
                0x0000d1f8                bg_gattdb_data_attribute_field_11
                0x0000d208                bg_gattdb_data_attribute_field_10
                0x0000d210                bg_gattdb_data_attribute_field_9
                0x0000d214                bg_gattdb_data_attribute_field_8
                0x0000d218                bg_gattdb_data_attribute_field_7
                0x0000d220                bg_gattdb_data_attribute_field_6
                0x0000d228                bg_gattdb_data_attribute_field_5
                0x0000d230                bg_gattdb_data_attribute_field_4
                0x0000d234                bg_gattdb_data_attribute_field_2
                0x0000d23c                bg_gattdb_data_attribute_field_1
                0x0000d244                bg_gattdb_data_attribute_field_0
                0x0000d248                bg_gattdb_data_attributes_map
                0x0000d380                bg_gattdb_data_attributes_dynamic_mapping_map
                0x0000d38c                bg_gattdb_data_adv_uuid16_map
                0x0000d390                bg_gattdb_data_adv_uuid128_map
 *(.text*)
 *fill*         0x0000d391        0x3 
 .text          0x0000d394       0x5c c:/siliconlabs/simplicitystudio/v4/developer/toolchains/gnu_arm/4.9_2015q3/bin/../lib/gcc/arm-none-eabi/4.9.3/armv7e-m/softfp/crtbegin.o
 .text          0x0000d3f0       0x74 c:/siliconlabs/simplicitystudio/v4/developer/toolchains/gnu_arm/4.9_2015q3/bin/../lib/gcc/arm-none-eabi/4.9.3/../../../../arm-none-eabi/lib/armv7e-m/softfp/crt0.o
                0x0000d3f0                _start
                0x0000d3f0                _mainCRTStartup
 .text.initBoard
                0x0000d464       0x48 ./init_board.o
                0x0000d464                initBoard
 .text.BUS_RegBitWrite
                0x0000d4ac       0x2c ./init_mcu.o
 .text.SYSTEM_GetProdRev
                0x0000d4d8       0x1c ./init_mcu.o
 .text.CHIP_Init
                0x0000d4f4       0xb4 ./init_mcu.o
 .text.initMcu  0x0000d5a8       0x70 ./init_mcu.o
                0x0000d5a8                initMcu
 .text.initMcu_clocks
                0x0000d618       0xa4 ./init_mcu.o
 .text.gecko_initCoexHAL
                0x0000d6bc        0xc ./main.o
 .text.gecko_init
                0x0000d6c8       0x48 ./main.o
 .text.gecko_cmd_system_reset
                0x0000d710       0x44 ./main.o
 .text.gecko_cmd_system_set_tx_power
                0x0000d754       0x50 ./main.o
 .text.gecko_cmd_le_gap_set_mode
                0x0000d7a4       0x5c ./main.o
 .text.gecko_cmd_le_gap_set_adv_parameters
                0x0000d800       0x64 ./main.o
 .text.gecko_cmd_le_connection_set_parameters
                0x0000d864       0x84 ./main.o
 .text.gecko_cmd_gatt_server_send_user_write_response
                0x0000d8e8       0x68 ./main.o
 .text.gecko_cmd_endpoint_close
                0x0000d950       0x50 ./main.o
 .text.main     0x0000d9a0      0x1c4 ./main.o
                0x0000d9a0                main
 .text.BUS_RegMaskedSet
                0x0000db64       0x24 ./hardware/kit/common/drivers/mx25flash_spi.o
 .text.BUS_RegMaskedClear
                0x0000db88       0x24 ./hardware/kit/common/drivers/mx25flash_spi.o
 .text.GPIO_PinOutClear
                0x0000dbac       0x58 ./hardware/kit/common/drivers/mx25flash_spi.o
 .text.GPIO_PinOutSet
                0x0000dc04       0x58 ./hardware/kit/common/drivers/mx25flash_spi.o
 .text.MX25_init
                0x0000dc5c       0x98 ./hardware/kit/common/drivers/mx25flash_spi.o
                0x0000dc5c                MX25_init
 .text.Wait_Flash_WarmUp
                0x0000dcf4       0x24 ./hardware/kit/common/drivers/mx25flash_spi.o
                0x0000dcf4                Wait_Flash_WarmUp
 .text.Initial_Spi
                0x0000dd18        0xc ./hardware/kit/common/drivers/mx25flash_spi.o
                0x0000dd18                Initial_Spi
 .text.CS_Low   0x0000dd24       0x10 ./hardware/kit/common/drivers/mx25flash_spi.o
                0x0000dd24                CS_Low
 .text.CS_High  0x0000dd34       0x10 ./hardware/kit/common/drivers/mx25flash_spi.o
                0x0000dd34                CS_High
 .text.InsertDummyCycle
                0x0000dd44       0x38 ./hardware/kit/common/drivers/mx25flash_spi.o
                0x0000dd44                InsertDummyCycle
 .text.SendByte
                0x0000dd7c       0x3c ./hardware/kit/common/drivers/mx25flash_spi.o
                0x0000dd7c                SendByte
 .text.MX25_DP  0x0000ddb8       0x34 ./hardware/kit/common/drivers/mx25flash_spi.o
                0x0000ddb8                MX25_DP
 .text.Reset_Handler
                0x0000ddec       0x3c ./platform/Device/SiliconLabs/EFR32BG1B/Source/GCC/startup_efr32bg1b.o
                0x0000ddec                Reset_Handler
 .text.Default_Handler
                0x0000de28        0x8 ./platform/Device/SiliconLabs/EFR32BG1B/Source/GCC/startup_efr32bg1b.o
                0x0000de28                DebugMon_Handler
                0x0000de28                USART0_TX_IRQHandler
                0x0000de28                I2C0_IRQHandler
                0x0000de28                HardFault_Handler
                0x0000de28                SysTick_Handler
                0x0000de28                USART1_RX_IRQHandler
                0x0000de28                PendSV_Handler
                0x0000de28                NMI_Handler
                0x0000de28                WDOG0_IRQHandler
                0x0000de28                USART1_TX_IRQHandler
                0x0000de28                MSC_IRQHandler
                0x0000de28                ADC0_IRQHandler
                0x0000de28                UsageFault_Handler
                0x0000de28                LEUART0_IRQHandler
                0x0000de28                FPUEH_IRQHandler
                0x0000de28                GPIO_EVEN_IRQHandler
                0x0000de28                LDMA_IRQHandler
                0x0000de28                TIMER0_IRQHandler
                0x0000de28                TIMER1_IRQHandler
                0x0000de28                Default_Handler
                0x0000de28                CRYOTIMER_IRQHandler
                0x0000de28                PCNT0_IRQHandler
                0x0000de28                ACMP0_IRQHandler
                0x0000de28                USART0_RX_IRQHandler
                0x0000de28                MemManage_Handler
                0x0000de28                SVC_Handler
                0x0000de28                RTCC_IRQHandler
                0x0000de28                CRYPTO_IRQHandler
                0x0000de28                CMU_IRQHandler
                0x0000de28                GPIO_ODD_IRQHandler
                0x0000de28                BusFault_Handler
                0x0000de28                IDAC0_IRQHandler
 .text.SystemCoreClockGet
                0x0000de30       0x44 ./platform/Device/SiliconLabs/EFR32BG1B/Source/system_efr32bg1b.o
                0x0000de30                SystemCoreClockGet
 .text.SystemMaxCoreClockGet
                0x0000de74       0x14 ./platform/Device/SiliconLabs/EFR32BG1B/Source/system_efr32bg1b.o
                0x0000de74                SystemMaxCoreClockGet
 .text.SystemHFClockGet
                0x0000de88       0x70 ./platform/Device/SiliconLabs/EFR32BG1B/Source/system_efr32bg1b.o
                0x0000de88                SystemHFClockGet
 .text.SystemHFXOClockGet
                0x0000def8       0x18 ./platform/Device/SiliconLabs/EFR32BG1B/Source/system_efr32bg1b.o
                0x0000def8                SystemHFXOClockGet
 .text.SystemHFXOClockSet
                0x0000df10       0x30 ./platform/Device/SiliconLabs/EFR32BG1B/Source/system_efr32bg1b.o
                0x0000df10                SystemHFXOClockSet
 .text.SystemInit
                0x0000df40       0x5c ./platform/Device/SiliconLabs/EFR32BG1B/Source/system_efr32bg1b.o
                0x0000df40                SystemInit
 .text.SystemLFRCOClockGet
                0x0000df9c       0x14 ./platform/Device/SiliconLabs/EFR32BG1B/Source/system_efr32bg1b.o
                0x0000df9c                SystemLFRCOClockGet
 .text.SystemULFRCOClockGet
                0x0000dfb0       0x14 ./platform/Device/SiliconLabs/EFR32BG1B/Source/system_efr32bg1b.o
                0x0000dfb0                SystemULFRCOClockGet
 .text.SystemLFXOClockGet
                0x0000dfc4       0x18 ./platform/Device/SiliconLabs/EFR32BG1B/Source/system_efr32bg1b.o
                0x0000dfc4                SystemLFXOClockGet
 .text.SystemLFXOClockSet
                0x0000dfdc       0x30 ./platform/Device/SiliconLabs/EFR32BG1B/Source/system_efr32bg1b.o
                0x0000dfdc                SystemLFXOClockSet
 .text.BUS_RegBitWrite
                0x0000e00c       0x2c ./platform/emdrv/sleep/src/sleep.o
 .text.EMU_EnterEM1
                0x0000e038       0x20 ./platform/emdrv/sleep/src/sleep.o
 .text.EMU_EM2Block
                0x0000e058       0x14 ./platform/emdrv/sleep/src/sleep.o
 .text.EMU_EM2UnBlock
                0x0000e06c       0x14 ./platform/emdrv/sleep/src/sleep.o
 .text.sleepCallbackWrapper
                0x0000e080       0x2c ./platform/emdrv/sleep/src/sleep.o
 .text.SLEEP_Init
                0x0000e0ac       0x60 ./platform/emdrv/sleep/src/sleep.o
                0x0000e0ac                SLEEP_Init
 .text.SLEEP_Sleep
                0x0000e10c       0x90 ./platform/emdrv/sleep/src/sleep.o
                0x0000e10c                SLEEP_Sleep
 .text.SLEEP_SleepBlockBegin
                0x0000e19c       0x48 ./platform/emdrv/sleep/src/sleep.o
                0x0000e19c                SLEEP_SleepBlockBegin
 .text.SLEEP_SleepBlockEnd
                0x0000e1e4       0x58 ./platform/emdrv/sleep/src/sleep.o
                0x0000e1e4                SLEEP_SleepBlockEnd
 .text.SLEEP_LowestEnergyModeGet
                0x0000e23c       0x40 ./platform/emdrv/sleep/src/sleep.o
                0x0000e23c                SLEEP_LowestEnergyModeGet
 .text.enterEMx
                0x0000e27c       0xa0 ./platform/emdrv/sleep/src/sleep.o
 .text.NVIC_EnableIRQ
                0x0000e31c       0x30 ./platform/emdrv/tempdrv/src/tempdrv.o
 .text.NVIC_ClearPendingIRQ
                0x0000e34c       0x34 ./platform/emdrv/tempdrv/src/tempdrv.o
 .text.EMU_IntClear
                0x0000e380       0x1c ./platform/emdrv/tempdrv/src/tempdrv.o
 .text.EMU_IntDisable
                0x0000e39c       0x24 ./platform/emdrv/tempdrv/src/tempdrv.o
 .text.EMU_IntEnable
                0x0000e3c0       0x24 ./platform/emdrv/tempdrv/src/tempdrv.o
 .text.EMU_IntGetEnabled
                0x0000e3e4       0x24 ./platform/emdrv/tempdrv/src/tempdrv.o
 .text.EMU_IRQHandler
                0x0000e408        0xc ./platform/emdrv/tempdrv/src/tempdrv.o
                0x0000e408                EMU_IRQHandler
 .text.TEMPDRV_IRQHandler
                0x0000e414       0xa0 ./platform/emdrv/tempdrv/src/tempdrv.o
                0x0000e414                TEMPDRV_IRQHandler
 .text.errataCallback
                0x0000e4b4       0x20 ./platform/emdrv/tempdrv/src/tempdrv.o
 .text.errataStateUpdate
                0x0000e4d4       0xbc ./platform/emdrv/tempdrv/src/tempdrv.o
 .text.errataInit
                0x0000e590       0x8c ./platform/emdrv/tempdrv/src/tempdrv.o
 .text.convertToTemp
                0x0000e61c       0x58 ./platform/emdrv/tempdrv/src/tempdrv.o
 .text.convertToEmu
                0x0000e674       0x48 ./platform/emdrv/tempdrv/src/tempdrv.o
 .text.disableInterrupts
                0x0000e6bc       0x18 ./platform/emdrv/tempdrv/src/tempdrv.o
 .text.updateInterrupts
                0x0000e6d4      0x140 ./platform/emdrv/tempdrv/src/tempdrv.o
 .text.TEMPDRV_Init
                0x0000e814       0xd4 ./platform/emdrv/tempdrv/src/tempdrv.o
                0x0000e814                TEMPDRV_Init
 .text.TEMPDRV_GetTemp
                0x0000e8e8       0x1c ./platform/emdrv/tempdrv/src/tempdrv.o
                0x0000e8e8                TEMPDRV_GetTemp
 .text.BUS_RegBitWrite
                0x0000e904       0x2c ./platform/emlib/src/em_cmu.o
 .text.BUS_RegBitRead
                0x0000e930       0x2c ./platform/emlib/src/em_cmu.o
 .text.BUS_RegMaskedSet
                0x0000e95c       0x24 ./platform/emlib/src/em_cmu.o
 .text.BUS_RegMaskedClear
                0x0000e980       0x24 ./platform/emlib/src/em_cmu.o
 .text.BUS_RegMaskedWrite
                0x0000e9a4       0x24 ./platform/emlib/src/em_cmu.o
 .text.CMU_Log2ToDiv
                0x0000e9c8       0x1c ./platform/emlib/src/em_cmu.o
 .text.CMU_PrescToLog2
                0x0000e9e4       0x28 ./platform/emlib/src/em_cmu.o
 .text.setHfLeConfig
                0x0000ea0c       0x64 ./platform/emlib/src/em_cmu.o
 .text.auxClkGet
                0x0000ea70       0x20 ./platform/emlib/src/em_cmu.o
 .text.hfSrcClkGet
                0x0000ea90       0x2c ./platform/emlib/src/em_cmu.o
 .text.dbgClkGet
                0x0000eabc       0x40 ./platform/emlib/src/em_cmu.o
 .text.adcAsyncClkGet
                0x0000eafc       0x80 ./platform/emlib/src/em_cmu.o
 .text.flashWaitStateControl
                0x0000eb7c       0x7c ./platform/emlib/src/em_cmu.o
 .text.flashWaitStateMax
                0x0000ebf8       0x14 ./platform/emlib/src/em_cmu.o
 .text.CMU_UpdateWaitStates
                0x0000ec0c       0x18 ./platform/emlib/src/em_cmu.o
                0x0000ec0c                CMU_UpdateWaitStates
 .text.getRegIshUpperVal
                0x0000ec24       0x38 ./platform/emlib/src/em_cmu.o
 .text.getHfxoTuningMode
                0x0000ec5c       0x1c ./platform/emlib/src/em_cmu.o
 .text.setHfxoTuningMode
                0x0000ec78       0x28 ./platform/emlib/src/em_cmu.o
 .text.lfClkGet
                0x0000eca0       0xf4 ./platform/emlib/src/em_cmu.o
 .text.syncReg  0x0000ed94       0x38 ./platform/emlib/src/em_cmu.o
 .text.CMU_ClockDivSet
                0x0000edcc       0x1c ./platform/emlib/src/em_cmu.o
                0x0000edcc                CMU_ClockDivSet
 .text.CMU_ClockEnable
                0x0000ede8       0xcc ./platform/emlib/src/em_cmu.o
                0x0000ede8                CMU_ClockEnable
 .text.CMU_ClockFreqGet
                0x0000eeb4      0x198 ./platform/emlib/src/em_cmu.o
                0x0000eeb4                CMU_ClockFreqGet
 .text.CMU_ClockPrescGet
                0x0000f04c      0x120 ./platform/emlib/src/em_cmu.o
                0x0000f04c                CMU_ClockPrescGet
 .text.CMU_ClockPrescSet
                0x0000f16c      0x1e0 ./platform/emlib/src/em_cmu.o
                0x0000f16c                CMU_ClockPrescSet
 .text.CMU_ClockSelectGet
                0x0000f34c      0x19c ./platform/emlib/src/em_cmu.o
                0x0000f34c                CMU_ClockSelectGet
 .text.CMU_ClockSelectSet
                0x0000f4e8      0x260 ./platform/emlib/src/em_cmu.o
                0x0000f4e8                CMU_ClockSelectSet
 .text.CMU_HFXOAutostartEnable
                0x0000f748       0x7c ./platform/emlib/src/em_cmu.o
                0x0000f748                CMU_HFXOAutostartEnable
 .text.CMU_HFXOInit
                0x0000f7c4       0xf4 ./platform/emlib/src/em_cmu.o
                0x0000f7c4                CMU_HFXOInit
 .text.CMU_LFXOInit
                0x0000f8b8       0x50 ./platform/emlib/src/em_cmu.o
                0x0000f8b8                CMU_LFXOInit
 .text.CMU_OscillatorEnable
                0x0000f908      0x174 ./platform/emlib/src/em_cmu.o
                0x0000f908                CMU_OscillatorEnable
 .text.CMU_OscillatorTuningGet
                0x0000fa7c       0x74 ./platform/emlib/src/em_cmu.o
                0x0000fa7c                CMU_OscillatorTuningGet
 .text.CMU_OscillatorTuningSet
                0x0000faf0      0x100 ./platform/emlib/src/em_cmu.o
                0x0000faf0                CMU_OscillatorTuningSet
 .text.CMU_OscillatorTuningWait
                0x0000fbf0       0x94 ./platform/emlib/src/em_cmu.o
                0x0000fbf0                CMU_OscillatorTuningWait
 .text.CMU_OscillatorTuningOptimize
                0x0000fc84       0x58 ./platform/emlib/src/em_cmu.o
                0x0000fc84                CMU_OscillatorTuningOptimize
 .text.CORE_EnterCritical
                0x0000fcdc       0x20 ./platform/emlib/src/em_core.o
                0x0000fcdc                CORE_EnterCritical
 .text.CORE_ExitCritical
                0x0000fcfc       0x1c ./platform/emlib/src/em_core.o
                0x0000fcfc                CORE_ExitCritical
 .text.CORE_AtomicDisableIrq
                0x0000fd18       0x10 ./platform/emlib/src/em_core.o
                0x0000fd18                CORE_AtomicDisableIrq
 .text.CORE_AtomicEnableIrq
                0x0000fd28       0x10 ./platform/emlib/src/em_core.o
                0x0000fd28                CORE_AtomicEnableIrq
 .text.CORE_EnterAtomic
                0x0000fd38       0x20 ./platform/emlib/src/em_core.o
                0x0000fd38                CORE_EnterAtomic
 .text.CORE_ExitAtomic
                0x0000fd58       0x1c ./platform/emlib/src/em_core.o
                0x0000fd58                CORE_ExitAtomic
 .text.CORE_SetNvicRamTableHandler
                0x0000fd74       0x44 ./platform/emlib/src/em_core.o
                0x0000fd74                CORE_SetNvicRamTableHandler
 .text.CORE_InitNvicVectorTable
                0x0000fdb8       0xc8 ./platform/emlib/src/em_core.o
                0x0000fdb8                CORE_InitNvicVectorTable
 .text.CRYPTO_BurstFromCrypto
                0x0000fe80       0x40 ./platform/emlib/src/em_crypto.o
 .text.CRYPTO_ModulusSet
                0x0000fec0       0x88 ./platform/emlib/src/em_crypto.o
                0x0000fec0                CRYPTO_ModulusSet
 .text.CRYPTO_KeyRead
                0x0000ff48       0x38 ./platform/emlib/src/em_crypto.o
                0x0000ff48                CRYPTO_KeyRead
 .text.SystemCoreClockUpdate
                0x0000ff80        0xc ./platform/emlib/src/em_emu.o
 .text.BUS_RegBitWrite
                0x0000ff8c       0x2c ./platform/emlib/src/em_emu.o
 .text.BUS_RegBitRead
                0x0000ffb8       0x2c ./platform/emlib/src/em_emu.o
 .text.EMU_Unlock
                0x0000ffe4       0x18 ./platform/emlib/src/em_emu.o
 .text.CMU_Lock
                0x0000fffc       0x18 ./platform/emlib/src/em_emu.o
 .text.CMU_Unlock
                0x00010014       0x1c ./platform/emlib/src/em_emu.o
 .text.SYSTEM_GetDevinfoRev
                0x00010030       0x18 ./platform/emlib/src/em_emu.o
 .text.emState  0x00010048       0xcc ./platform/emlib/src/em_emu.o
 .text.dcdcFetCntSet
                0x00010114       0x50 ./platform/emlib/src/em_emu.o
 .text.dcdcHsFixLnBlock
                0x00010164       0x48 ./platform/emlib/src/em_emu.o
 .text.EMU_EnterEM2
                0x000101ac       0x50 ./platform/emlib/src/em_emu.o
                0x000101ac                EMU_EnterEM2
 .text.EMU_EnterEM3
                0x000101fc       0x78 ./platform/emlib/src/em_emu.o
                0x000101fc                EMU_EnterEM3
 .text.EMU_Save
                0x00010274        0xc ./platform/emlib/src/em_emu.o
                0x00010274                EMU_Save
 .text.EMU_Restore
                0x00010280        0xc ./platform/emlib/src/em_emu.o
                0x00010280                EMU_Restore
 .text.EMU_EnterEM4
                0x0001028c       0xbc ./platform/emlib/src/em_emu.o
                0x0001028c                EMU_EnterEM4
 .text.dcdcConstCalibrationLoad
                0x00010348       0xc4 ./platform/emlib/src/em_emu.o
 .text.dcdcValidatedConfigSet
                0x0001040c       0xb0 ./platform/emlib/src/em_emu.o
 .text.currentLimitersUpdate
                0x000104bc       0xe4 ./platform/emlib/src/em_emu.o
 .text.userCurrentLimitsSet
                0x000105a0       0x2c ./platform/emlib/src/em_emu.o
 .text.compCtrlSet
                0x000105cc       0x3c ./platform/emlib/src/em_emu.o
 .text.lpCmpHystCalibrationLoad
                0x00010608       0xd0 ./platform/emlib/src/em_emu.o
 .text.lpGetDevinfoVrefLowHigh
                0x000106d8      0x164 ./platform/emlib/src/em_emu.o
 .text.EMU_DCDCModeSet
                0x0001083c       0xb8 ./platform/emlib/src/em_emu.o
                0x0001083c                EMU_DCDCModeSet
 .text.EMU_DCDCInit
                0x000108f4      0x114 ./platform/emlib/src/em_emu.o
                0x000108f4                EMU_DCDCInit
 .text.EMU_DCDCOutputVoltageSet
                0x00010a08      0x20c ./platform/emlib/src/em_emu.o
                0x00010a08                EMU_DCDCOutputVoltageSet
 .text.EMU_DCDCOptimizeSlice
                0x00010c14       0xd8 ./platform/emlib/src/em_emu.o
                0x00010c14                EMU_DCDCOptimizeSlice
 .text.EMU_DCDCLnRcoBandSet
                0x00010cec       0x54 ./platform/emlib/src/em_emu.o
                0x00010cec                EMU_DCDCLnRcoBandSet
 .text.EMU_SetBiasMode
                0x00010d40       0xa4 ./platform/emlib/src/em_emu.o
                0x00010d40                EMU_SetBiasMode
 .text.BUS_RegMaskedSet
                0x00010de4       0x24 ./platform/emlib/src/em_gpio.o
 .text.BUS_RegMaskedClear
                0x00010e08       0x24 ./platform/emlib/src/em_gpio.o
 .text.BUS_RegMaskedWrite
                0x00010e2c       0x24 ./platform/emlib/src/em_gpio.o
 .text.GPIO_PinOutClear
                0x00010e50       0x58 ./platform/emlib/src/em_gpio.o
 .text.GPIO_PinOutSet
                0x00010ea8       0x58 ./platform/emlib/src/em_gpio.o
 .text.GPIO_DriveStrengthSet
                0x00010f00       0x60 ./platform/emlib/src/em_gpio.o
                0x00010f00                GPIO_DriveStrengthSet
 .text.GPIO_PinModeSet
                0x00010f60      0x10c ./platform/emlib/src/em_gpio.o
                0x00010f60                GPIO_PinModeSet
 .text.BUS_RegBitWrite
                0x0001106c       0x2c ./platform/emlib/src/em_i2c.o
 .text.BUS_RegMaskedSet
                0x00011098       0x24 ./platform/emlib/src/em_i2c.o
 .text.BUS_RegMaskedClear
                0x000110bc       0x24 ./platform/emlib/src/em_i2c.o
 .text.BUS_RegMaskedWrite
                0x000110e0       0x24 ./platform/emlib/src/em_i2c.o
 .text.I2C_BusFreqSet
                0x00011104       0xf8 ./platform/emlib/src/em_i2c.o
                0x00011104                I2C_BusFreqSet
 .text.I2C_Init
                0x000111fc       0x5c ./platform/emlib/src/em_i2c.o
                0x000111fc                I2C_Init
 .text.LETIMER_CompareSet
                0x00011258       0x58 ./platform/emlib/src/em_letimer.o
                0x00011258                LETIMER_CompareSet
 .text.LETIMER_Enable
                0x000112b0       0x2c ./platform/emlib/src/em_letimer.o
                0x000112b0                LETIMER_Enable
 .text.LETIMER_Init
                0x000112dc       0xd0 ./platform/emlib/src/em_letimer.o
                0x000112dc                LETIMER_Init
 .text.MSC_Init
                0x000113ac       0x24 ./platform/emlib/src/em_msc.o
                0x000113ac                MSC_Init
 .text.MSC_Deinit
                0x000113d0       0x24 ./platform/emlib/src/em_msc.o
                0x000113d0                MSC_Deinit
 .text.RMU_ResetCauseClear
                0x000113f4       0x18 ./platform/emlib/src/em_rmu.o
                0x000113f4                RMU_ResetCauseClear
 .text.RMU_ResetCauseGet
                0x0001140c       0xdc ./platform/emlib/src/em_rmu.o
                0x0001140c                RMU_ResetCauseGet
 .text.RTCC_ChannelInit
                0x000114e8       0x5c ./platform/emlib/src/em_rtcc.o
                0x000114e8                RTCC_ChannelInit
 .text.RTCC_Init
                0x00011544       0x94 ./platform/emlib/src/em_rtcc.o
                0x00011544                RTCC_Init
 .text.SYSTEM_ChipRevisionGet
                0x000115d8       0x78 ./platform/emlib/src/em_system.o
                0x000115d8                SYSTEM_ChipRevisionGet
 .text.USART_BaudrateSyncSet
                0x00011650       0x40 ./platform/emlib/src/em_usart.o
                0x00011650                USART_BaudrateSyncSet
 .text.USART_InitSync
                0x00011690       0xf0 ./platform/emlib/src/em_usart.o
                0x00011690                USART_InitSync
 .text.USART_Reset
                0x00011780       0x9c ./platform/emlib/src/em_usart.o
                0x00011780                USART_Reset
 .text.USART_SpiTransfer
                0x0001181c       0x40 ./platform/emlib/src/em_usart.o
                0x0001181c                USART_SpiTransfer
 .text.cmu_init
                0x0001185c       0x14 ./src/cmu.o
                0x0001185c                cmu_init
 .text.gpio_init
                0x00011870       0x34 ./src/gpio.o
                0x00011870                gpio_init
 .text.BUS_RegMaskedSet
                0x000118a4       0x24 ./src/i2c.o
 .text.BUS_RegMaskedClear
                0x000118c8       0x24 ./src/i2c.o
 .text.GPIO_PinOutClear
                0x000118ec       0x58 ./src/i2c.o
 .text.GPIO_PinOutSet
                0x00011944       0x58 ./src/i2c.o
 .text.i2c_init
                0x0001199c       0x94 ./src/i2c.o
                0x0001199c                i2c_init
 .text.i2c_init_struct
                0x00011a30       0x28 ./src/i2c.o
                0x00011a30                i2c_init_struct
 .text.getTemp  0x00011a58       0x90 ./src/i2c.o
                0x00011a58                getTemp
 .text.wait_for_ack
                0x00011ae8       0x28 ./src/i2c.o
                0x00011ae8                wait_for_ack
 .text.NVIC_EnableIRQ
                0x00011b10       0x30 ./src/letimer.o
 .text.BUS_RegMaskedSet
                0x00011b40       0x24 ./src/letimer.o
 .text.BUS_RegMaskedClear
                0x00011b64       0x24 ./src/letimer.o
 .text.GPIO_PinOutClear
                0x00011b88       0x58 ./src/letimer.o
 .text.GPIO_PinOutSet
                0x00011be0       0x58 ./src/letimer.o
 .text.LETIMER_IntClear
                0x00011c38       0x1c ./src/letimer.o
 .text.LETIMER_IntEnable
                0x00011c54       0x20 ./src/letimer.o
 .text.LETIMER_IntGet
                0x00011c74       0x18 ./src/letimer.o
 .text.gecko_cmd_le_connection_get_rssi
                0x00011c8c       0x50 ./src/letimer.o
 .text.gecko_cmd_gatt_server_send_characteristic_notification
                0x00011cdc       0x98 ./src/letimer.o
 .text.calc_prescalar
                0x00011d74       0x38 ./src/letimer.o
                0x00011d74                calc_prescalar
 .text.letimer_init
                0x00011dac      0x13c ./src/letimer.o
                0x00011dac                letimer_init
 .text.service_letimer
                0x00011ee8      0x164 ./src/letimer.o
                0x00011ee8                service_letimer
 .text.LETIMER0_IRQHandler
                0x0001204c       0x3c ./src/letimer.o
                0x0001204c                LETIMER0_IRQHandler
 .text.eventDefault
                0x00012088        0x2 C:\Users\ashis\SimplicityStudio\v4_workspace\HW3\platform\radio\rail_lib\autogen\librail_release\librail_efr32xg1_gcc_release.a(rail_rf_hal.o)
 *fill*         0x0001208a        0x2 
 .text.setRssiPeriod
                0x0001208c       0x18 C:\Users\ashis\SimplicityStudio\v4_workspace\HW3\platform\radio\rail_lib\autogen\librail_release\librail_efr32xg1_gcc_release.a(rail_rf_hal.o)
 .text.RFHAL_NotifyUserOfIrCal
                0x000120a4       0x80 C:\Users\ashis\SimplicityStudio\v4_workspace\HW3\platform\radio\rail_lib\autogen\librail_release\librail_efr32xg1_gcc_release.a(rail_rf_hal.o)
 *fill*         0x00012124        0x4 
 .text.GENERIC_PHY_EventCallback
                0x00012128      0x19c C:\Users\ashis\SimplicityStudio\v4_workspace\HW3\platform\radio\rail_lib\autogen\librail_release\librail_efr32xg1_gcc_release.a(rail_rf_hal.o)
                0x00012128                GENERIC_PHY_EventCallback
 .text.RFHAL_IntEnable
                0x000122c4       0x56 C:\Users\ashis\SimplicityStudio\v4_workspace\HW3\platform\radio\rail_lib\autogen\librail_release\librail_efr32xg1_gcc_release.a(rail_rf_hal.o)
                0x000122c4                RFHAL_IntEnable
 *fill*         0x0001231a        0x2 
 .text.RFHAL_SetEventCallback
                0x0001231c       0x18 C:\Users\ashis\SimplicityStudio\v4_workspace\HW3\platform\radio\rail_lib\autogen\librail_release\librail_efr32xg1_gcc_release.a(rail_rf_hal.o)
                0x0001231c                RFHAL_SetEventCallback
 .text.RFHAL_SetPtiProtocol
                0x00012334       0x20 C:\Users\ashis\SimplicityStudio\v4_workspace\HW3\platform\radio\rail_lib\autogen\librail_release\librail_efr32xg1_gcc_release.a(rail_rf_hal.o)
                0x00012334                RFHAL_SetPtiProtocol
 .text.RFHAL_Idle
                0x00012354       0x40 C:\Users\ashis\SimplicityStudio\v4_workspace\HW3\platform\radio\rail_lib\autogen\librail_release\librail_efr32xg1_gcc_release.a(rail_rf_hal.o)
                0x00012354                RFHAL_Idle
 .text.RFHAL_GetRadioState
                0x00012394       0x7c C:\Users\ashis\SimplicityStudio\v4_workspace\HW3\platform\radio\rail_lib\autogen\librail_release\librail_efr32xg1_gcc_release.a(rail_rf_hal.o)
                0x00012394                RFHAL_GetRadioState
 .text.RFHAL_OkToTransmit
                0x00012410       0x14 C:\Users\ashis\SimplicityStudio\v4_workspace\HW3\platform\radio\rail_lib\autogen\librail_release\librail_efr32xg1_gcc_release.a(rail_rf_hal.o)
                0x00012410                RFHAL_OkToTransmit
 .text.RFHAL_ScheduleRx
                0x00012424       0x74 C:\Users\ashis\SimplicityStudio\v4_workspace\HW3\platform\radio\rail_lib\autogen\librail_release\librail_efr32xg1_gcc_release.a(rail_rf_hal.o)
                0x00012424                RFHAL_ScheduleRx
 .text.RFHAL_EnableRxRawCapture
                0x00012498       0x5c C:\Users\ashis\SimplicityStudio\v4_workspace\HW3\platform\radio\rail_lib\autogen\librail_release\librail_efr32xg1_gcc_release.a(rail_rf_hal.o)
                0x00012498                RFHAL_EnableRxRawCapture
 .text.RFHAL_DisableRxRawCapture
                0x000124f4       0x38 C:\Users\ashis\SimplicityStudio\v4_workspace\HW3\platform\radio\rail_lib\autogen\librail_release\librail_efr32xg1_gcc_release.a(rail_rf_hal.o)
                0x000124f4                RFHAL_DisableRxRawCapture
 .text.RFHAL_AcceptCrcErrors
                0x0001252c       0x18 C:\Users\ashis\SimplicityStudio\v4_workspace\HW3\platform\radio\rail_lib\autogen\librail_release\librail_efr32xg1_gcc_release.a(rail_rf_hal.o)
                0x0001252c                RFHAL_AcceptCrcErrors
 .text.RFHAL_ConfigRxOptions
                0x00012544       0x74 C:\Users\ashis\SimplicityStudio\v4_workspace\HW3\platform\radio\rail_lib\autogen\librail_release\librail_efr32xg1_gcc_release.a(rail_rf_hal.o)
                0x00012544                RFHAL_ConfigRxOptions
 .text.RFHAL_CancelTimer
                0x000125b8       0x28 C:\Users\ashis\SimplicityStudio\v4_workspace\HW3\platform\radio\rail_lib\autogen\librail_release\librail_efr32xg1_gcc_release.a(rail_rf_hal.o)
                0x000125b8                RFHAL_CancelTimer
 .text.RFHAL_SetTimer
                0x000125e0       0x80 C:\Users\ashis\SimplicityStudio\v4_workspace\HW3\platform\radio\rail_lib\autogen\librail_release\librail_efr32xg1_gcc_release.a(rail_rf_hal.o)
                0x000125e0                RFHAL_SetTimer
 .text.RFHAL_SetTxTransitions
                0x00012660       0x1c C:\Users\ashis\SimplicityStudio\v4_workspace\HW3\platform\radio\rail_lib\autogen\librail_release\librail_efr32xg1_gcc_release.a(rail_rf_hal.o)
                0x00012660                RFHAL_SetTxTransitions
 .text.RFHAL_SetRxTransitions
                0x0001267c       0x1c C:\Users\ashis\SimplicityStudio\v4_workspace\HW3\platform\radio\rail_lib\autogen\librail_release\librail_efr32xg1_gcc_release.a(rail_rf_hal.o)
                0x0001267c                RFHAL_SetRxTransitions
 .text.RFHAL_SetCRCInitVal
                0x00012698        0x4 C:\Users\ashis\SimplicityStudio\v4_workspace\HW3\platform\radio\rail_lib\autogen\librail_release\librail_efr32xg1_gcc_release.a(rail_rf_hal.o)
                0x00012698                RFHAL_SetCRCInitVal
 .text.RFHAL_ConfigTxPower
                0x0001269c        0xc C:\Users\ashis\SimplicityStudio\v4_workspace\HW3\platform\radio\rail_lib\autogen\librail_release\librail_efr32xg1_gcc_release.a(rail_rf_hal.o)
                0x0001269c                RFHAL_ConfigTxPower
 .text.RFHAL_SetTxPowerUnchecked
                0x000126a8       0x18 C:\Users\ashis\SimplicityStudio\v4_workspace\HW3\platform\radio\rail_lib\autogen\librail_release\librail_efr32xg1_gcc_release.a(rail_rf_hal.o)
                0x000126a8                RFHAL_SetTxPowerUnchecked
 .text.RFHAL_SetTxPower
                0x000126c0       0x3c C:\Users\ashis\SimplicityStudio\v4_workspace\HW3\platform\radio\rail_lib\autogen\librail_release\librail_efr32xg1_gcc_release.a(rail_rf_hal.o)
                0x000126c0                RFHAL_SetTxPower
 .text.RFHAL_GetTxPowerConfig
                0x000126fc        0xc C:\Users\ashis\SimplicityStudio\v4_workspace\HW3\platform\radio\rail_lib\autogen\librail_release\librail_efr32xg1_gcc_release.a(rail_rf_hal.o)
                0x000126fc                RFHAL_GetTxPowerConfig
 .text.RFHAL_GetTxPower
                0x00012708        0x4 C:\Users\ashis\SimplicityStudio\v4_workspace\HW3\platform\radio\rail_lib\autogen\librail_release\librail_efr32xg1_gcc_release.a(rail_rf_hal.o)
                0x00012708                RFHAL_GetTxPower
 .text.RFHAL_SetChannel
                0x0001270c       0x98 C:\Users\ashis\SimplicityStudio\v4_workspace\HW3\platform\radio\rail_lib\autogen\librail_release\librail_efr32xg1_gcc_release.a(rail_rf_hal.o)
                0x0001270c                RFHAL_SetChannel
 .text.RFHAL_IsAutoAckEnabled
                0x000127a4        0x6 C:\Users\ashis\SimplicityStudio\v4_workspace\HW3\platform\radio\rail_lib\autogen\librail_release\librail_efr32xg1_gcc_release.a(rail_rf_hal.o)
                0x000127a4                RFHAL_IsAutoAckEnabled
 *fill*         0x000127aa        0x2 
 .text.RFHAL_AutoAckWaitForAck
                0x000127ac       0x18 C:\Users\ashis\SimplicityStudio\v4_workspace\HW3\platform\radio\rail_lib\autogen\librail_release\librail_efr32xg1_gcc_release.a(rail_rf_hal.o)
                0x000127ac                RFHAL_AutoAckWaitForAck
 .text.preTxOps
                0x000127c4       0xc4 C:\Users\ashis\SimplicityStudio\v4_workspace\HW3\platform\radio\rail_lib\autogen\librail_release\librail_efr32xg1_gcc_release.a(rail_rf_hal.o)
 .text.RFHAL_StartTx
                0x00012888       0x12 C:\Users\ashis\SimplicityStudio\v4_workspace\HW3\platform\radio\rail_lib\autogen\librail_release\librail_efr32xg1_gcc_release.a(rail_rf_hal.o)
                0x00012888                RFHAL_StartTx
 .text.RFHAL_StartScheduledTx
                0x0001289a       0x3a C:\Users\ashis\SimplicityStudio\v4_workspace\HW3\platform\radio\rail_lib\autogen\librail_release\librail_efr32xg1_gcc_release.a(rail_rf_hal.o)
                0x0001289a                RFHAL_StartScheduledTx
 .text.RFHAL_GetRxPacketInfo
                0x000128d4       0x48 C:\Users\ashis\SimplicityStudio\v4_workspace\HW3\platform\radio\rail_lib\autogen\librail_release\librail_efr32xg1_gcc_release.a(rail_rf_hal.o)
                0x000128d4                RFHAL_GetRxPacketInfo
 .text.RFHAL_GetRxPacketDetails
                0x0001291c       0xcc C:\Users\ashis\SimplicityStudio\v4_workspace\HW3\platform\radio\rail_lib\autogen\librail_release\librail_efr32xg1_gcc_release.a(rail_rf_hal.o)
                0x0001291c                RFHAL_GetRxPacketDetails
 .text.RFHAL_SetTxBuffer
                0x000129e8       0x3a C:\Users\ashis\SimplicityStudio\v4_workspace\HW3\platform\radio\rail_lib\autogen\librail_release\librail_efr32xg1_gcc_release.a(rail_rf_hal.o)
                0x000129e8                RFHAL_SetTxBuffer
 *fill*         0x00012a22        0x2 
 .text.RFHAL_ResetTxFifo
                0x00012a24       0x2c C:\Users\ashis\SimplicityStudio\v4_workspace\HW3\platform\radio\rail_lib\autogen\librail_release\librail_efr32xg1_gcc_release.a(rail_rf_hal.o)
                0x00012a24                RFHAL_ResetTxFifo
 .text.RFHAL_WriteTxFifo
                0x00012a50       0x28 C:\Users\ashis\SimplicityStudio\v4_workspace\HW3\platform\radio\rail_lib\autogen\librail_release\librail_efr32xg1_gcc_release.a(rail_rf_hal.o)
                0x00012a50                RFHAL_WriteTxFifo
 .text.RFHAL_ResetRxFifo
                0x00012a78       0x40 C:\Users\ashis\SimplicityStudio\v4_workspace\HW3\platform\radio\rail_lib\autogen\librail_release\librail_efr32xg1_gcc_release.a(rail_rf_hal.o)
                0x00012a78                RFHAL_ResetRxFifo
 .text.RFHAL_ConfigData
                0x00012ab8       0x7c C:\Users\ashis\SimplicityStudio\v4_workspace\HW3\platform\radio\rail_lib\autogen\librail_release\librail_efr32xg1_gcc_release.a(rail_rf_hal.o)
                0x00012ab8                RFHAL_ConfigData
 .text.RFHAL_Init
                0x00012b34       0xa0 C:\Users\ashis\SimplicityStudio\v4_workspace\HW3\platform\radio\rail_lib\autogen\librail_release\librail_efr32xg1_gcc_release.a(rail_rf_hal.o)
                0x00012b34                RFHAL_Init
 .text.RFHAL_SetFixedLength
                0x00012bd4       0x8c C:\Users\ashis\SimplicityStudio\v4_workspace\HW3\platform\radio\rail_lib\autogen\librail_release\librail_efr32xg1_gcc_release.a(rail_rf_hal.o)
                0x00012bd4                RFHAL_SetFixedLength
 .text.RFHAL_SetAbortScheduledTxDuringRx
                0x00012c60       0x18 C:\Users\ashis\SimplicityStudio\v4_workspace\HW3\platform\radio\rail_lib\autogen\librail_release\librail_efr32xg1_gcc_release.a(rail_rf_hal.o)
                0x00012c60                RFHAL_SetAbortScheduledTxDuringRx
 .text.RFHAL_ConfigRadio
                0x00012c78       0xe0 C:\Users\ashis\SimplicityStudio\v4_workspace\HW3\platform\radio\rail_lib\autogen\librail_release\librail_efr32xg1_gcc_release.a(rail_rf_hal.o)
                0x00012c78                RFHAL_ConfigRadio
 .text.RFHAL_GetTime
                0x00012d58        0xe C:\Users\ashis\SimplicityStudio\v4_workspace\HW3\platform\radio\rail_lib\autogen\librail_release\librail_efr32xg1_gcc_release.a(rail_rf_hal.o)
                0x00012d58                RFHAL_GetTime
 .text.RFHAL_GetRadioEntropy
                0x00012d66        0x4 C:\Users\ashis\SimplicityStudio\v4_workspace\HW3\platform\radio\rail_lib\autogen\librail_release\librail_efr32xg1_gcc_release.a(rail_rf_hal.o)
                0x00012d66                RFHAL_GetRadioEntropy
 .text.RFHAL_SetStateTiming
                0x00012d6a       0x4e C:\Users\ashis\SimplicityStudio\v4_workspace\HW3\platform\radio\rail_lib\autogen\librail_release\librail_efr32xg1_gcc_release.a(rail_rf_hal.o)
                0x00012d6a                RFHAL_SetStateTiming
 .text.RAIL_Init
                0x00012db8       0x20 C:\Users\ashis\SimplicityStudio\v4_workspace\HW3\platform\radio\rail_lib\autogen\librail_release\librail_efr32xg1_gcc_release.a(rail_singleprotocol.o)
                0x00012db8                RAIL_Init
 .text.RAIL_GetSchedulerStatus
                0x00012dd8        0x4 C:\Users\ashis\SimplicityStudio\v4_workspace\HW3\platform\radio\rail_lib\autogen\librail_release\librail_efr32xg1_gcc_release.a(rail_singleprotocol.o)
                0x00012dd8                RAIL_GetSchedulerStatus
 .text.RAIL_Idle
                0x00012ddc        0x8 C:\Users\ashis\SimplicityStudio\v4_workspace\HW3\platform\radio\rail_lib\autogen\librail_release\librail_efr32xg1_gcc_release.a(rail_singleprotocol.o)
                0x00012ddc                RAIL_Idle
 .text.RAIL_YieldRadio
                0x00012de4        0x2 C:\Users\ashis\SimplicityStudio\v4_workspace\HW3\platform\radio\rail_lib\autogen\librail_release\librail_efr32xg1_gcc_release.a(rail_singleprotocol.o)
                0x00012de4                RAIL_YieldRadio
 .text.RAIL_GetRadioEntropy
                0x00012de6        0x8 C:\Users\ashis\SimplicityStudio\v4_workspace\HW3\platform\radio\rail_lib\autogen\librail_release\librail_efr32xg1_gcc_release.a(rail_singleprotocol.o)
                0x00012de6                RAIL_GetRadioEntropy
 .text.RAIL_SetTimer
                0x00012dee       0x14 C:\Users\ashis\SimplicityStudio\v4_workspace\HW3\platform\radio\rail_lib\autogen\librail_release\librail_efr32xg1_gcc_release.a(rail_singleprotocol.o)
                0x00012dee                RAIL_SetTimer
 .text.RAIL_CancelTimer
                0x00012e02        0x4 C:\Users\ashis\SimplicityStudio\v4_workspace\HW3\platform\radio\rail_lib\autogen\librail_release\librail_efr32xg1_gcc_release.a(rail_singleprotocol.o)
                0x00012e02                RAIL_CancelTimer
 .text.RAIL_StartTx
                0x00012e06        0xa C:\Users\ashis\SimplicityStudio\v4_workspace\HW3\platform\radio\rail_lib\autogen\librail_release\librail_efr32xg1_gcc_release.a(rail_singleprotocol.o)
                0x00012e06                RAIL_StartTx
 .text.RAIL_StartScheduledTx
                0x00012e10        0xa C:\Users\ashis\SimplicityStudio\v4_workspace\HW3\platform\radio\rail_lib\autogen\librail_release\librail_efr32xg1_gcc_release.a(rail_singleprotocol.o)
                0x00012e10                RAIL_StartScheduledTx
 .text.RAIL_ScheduleRx
                0x00012e1a        0xa C:\Users\ashis\SimplicityStudio\v4_workspace\HW3\platform\radio\rail_lib\autogen\librail_release\librail_efr32xg1_gcc_release.a(rail_singleprotocol.o)
                0x00012e1a                RAIL_ScheduleRx
 .text.radioConfigChangedDefault
                0x00012e24        0x2 C:\Users\ashis\SimplicityStudio\v4_workspace\HW3\platform\radio\rail_lib\autogen\librail_release\librail_efr32xg1_gcc_release.a(rail_rf.o)
 .text.isTransitionState
                0x00012e26       0x12 C:\Users\ashis\SimplicityStudio\v4_workspace\HW3\platform\radio\rail_lib\autogen\librail_release\librail_efr32xg1_gcc_release.a(rail_rf.o)
 .text.RAILCore_Init
                0x00012e38       0x12 C:\Users\ashis\SimplicityStudio\v4_workspace\HW3\platform\radio\rail_lib\autogen\librail_release\librail_efr32xg1_gcc_release.a(rail_rf.o)
                0x00012e38                RAILCore_Init
 *fill*         0x00012e4a        0x2 
 .text.RAILInt_SetCallbackConfig
                0x00012e4c       0x20 C:\Users\ashis\SimplicityStudio\v4_workspace\HW3\platform\radio\rail_lib\autogen\librail_release\librail_efr32xg1_gcc_release.a(rail_rf.o)
                0x00012e4c                RAILInt_SetCallbackConfig
 .text.RAILCore_Idle
                0x00012e6c       0x14 C:\Users\ashis\SimplicityStudio\v4_workspace\HW3\platform\radio\rail_lib\autogen\librail_release\librail_efr32xg1_gcc_release.a(rail_rf.o)
                0x00012e6c                RAILCore_Idle
 .text.RAILCore_GetRadioState
                0x00012e80        0x4 C:\Users\ashis\SimplicityStudio\v4_workspace\HW3\platform\radio\rail_lib\autogen\librail_release\librail_efr32xg1_gcc_release.a(rail_rf.o)
                0x00012e80                RAILCore_GetRadioState
 .text.RAIL_SetStateTiming
                0x00012e84        0xa C:\Users\ashis\SimplicityStudio\v4_workspace\HW3\platform\radio\rail_lib\autogen\librail_release\librail_efr32xg1_gcc_release.a(rail_rf.o)
                0x00012e84                RAIL_SetStateTiming
 *fill*         0x00012e8e        0x2 
 .text.RAILInt_IsPowerInRange
                0x00012e90       0x3c C:\Users\ashis\SimplicityStudio\v4_workspace\HW3\platform\radio\rail_lib\autogen\librail_release\librail_efr32xg1_gcc_release.a(rail_rf.o)
                0x00012e90                RAILInt_IsPowerInRange
 .text.RAILInt_SetChannel
                0x00012ecc      0x1d8 C:\Users\ashis\SimplicityStudio\v4_workspace\HW3\platform\radio\rail_lib\autogen\librail_release\librail_efr32xg1_gcc_release.a(rail_rf.o)
                0x00012ecc                RAILInt_SetChannel
 .text.RAILCore_ConfigChannels
                0x000130a4       0x58 C:\Users\ashis\SimplicityStudio\v4_workspace\HW3\platform\radio\rail_lib\autogen\librail_release\librail_efr32xg1_gcc_release.a(rail_rf.o)
                0x000130a4                RAILCore_ConfigChannels
 .text.RAILInt_GetChannel
                0x000130fc        0x4 C:\Users\ashis\SimplicityStudio\v4_workspace\HW3\platform\radio\rail_lib\autogen\librail_release\librail_efr32xg1_gcc_release.a(rail_rf.o)
                0x000130fc                RAILInt_GetChannel
 .text.RAILCore_SetTxTransitions
                0x00013100       0x3c C:\Users\ashis\SimplicityStudio\v4_workspace\HW3\platform\radio\rail_lib\autogen\librail_release\librail_efr32xg1_gcc_release.a(rail_rf.o)
                0x00013100                RAILCore_SetTxTransitions
 .text.RAIL_SetTxTransitions
                0x0001313c        0xa C:\Users\ashis\SimplicityStudio\v4_workspace\HW3\platform\radio\rail_lib\autogen\librail_release\librail_efr32xg1_gcc_release.a(rail_rf.o)
                0x0001313c                RAIL_SetTxTransitions
 .text.RAILCore_SetRxTransitions
                0x00013146       0x38 C:\Users\ashis\SimplicityStudio\v4_workspace\HW3\platform\radio\rail_lib\autogen\librail_release\librail_efr32xg1_gcc_release.a(rail_rf.o)
                0x00013146                RAILCore_SetRxTransitions
 .text.RAIL_SetRxTransitions
                0x0001317e        0xa C:\Users\ashis\SimplicityStudio\v4_workspace\HW3\platform\radio\rail_lib\autogen\librail_release\librail_efr32xg1_gcc_release.a(rail_rf.o)
                0x0001317e                RAIL_SetRxTransitions
 .text.RAIL_ConfigEvents
                0x00013188       0x14 C:\Users\ashis\SimplicityStudio\v4_workspace\HW3\platform\radio\rail_lib\autogen\librail_release\librail_efr32xg1_gcc_release.a(rail_rf.o)
                0x00013188                RAIL_ConfigEvents
 .text.RAIL_ConfigRxOptions
                0x0001319c        0xa C:\Users\ashis\SimplicityStudio\v4_workspace\HW3\platform\radio\rail_lib\autogen\librail_release\librail_efr32xg1_gcc_release.a(rail_rx.o)
                0x0001319c                RAIL_ConfigRxOptions
 .text.RAILCore_ScheduleRx
                0x000131a6       0x2c C:\Users\ashis\SimplicityStudio\v4_workspace\HW3\platform\radio\rail_lib\autogen\librail_release\librail_efr32xg1_gcc_release.a(rail_rx.o)
                0x000131a6                RAILCore_ScheduleRx
 .text.RAILInt_PreTxOps
                0x000131d2       0x1c C:\Users\ashis\SimplicityStudio\v4_workspace\HW3\platform\radio\rail_lib\autogen\librail_release\librail_efr32xg1_gcc_release.a(rail_tx.o)
                0x000131d2                RAILInt_PreTxOps
 .text.RAILCore_StartTx
                0x000131ee       0x1a C:\Users\ashis\SimplicityStudio\v4_workspace\HW3\platform\radio\rail_lib\autogen\librail_release\librail_efr32xg1_gcc_release.a(rail_tx.o)
                0x000131ee                RAILCore_StartTx
 .text.RAILCore_StartScheduledTx
                0x00013208       0x1e C:\Users\ashis\SimplicityStudio\v4_workspace\HW3\platform\radio\rail_lib\autogen\librail_release\librail_efr32xg1_gcc_release.a(rail_tx.o)
                0x00013208                RAILCore_StartScheduledTx
 .text.RAIL_SetTxPower
                0x00013226        0xa C:\Users\ashis\SimplicityStudio\v4_workspace\HW3\platform\radio\rail_lib\autogen\librail_release\librail_efr32xg1_gcc_release.a(rail_tx.o)
                0x00013226                RAIL_SetTxPower
 .text.RAIL_GetTxPower
                0x00013230        0xa C:\Users\ashis\SimplicityStudio\v4_workspace\HW3\platform\radio\rail_lib\autogen\librail_release\librail_efr32xg1_gcc_release.a(rail_tx.o)
                0x00013230                RAIL_GetTxPower
 .text.RAIL_ConfigTxPower
                0x0001323a       0x1a C:\Users\ashis\SimplicityStudio\v4_workspace\HW3\platform\radio\rail_lib\autogen\librail_release\librail_efr32xg1_gcc_release.a(rail_tx.o)
                0x0001323a                RAIL_ConfigTxPower
 .text.RAILInt_PendCal
                0x00013254       0x24 C:\Users\ashis\SimplicityStudio\v4_workspace\HW3\platform\radio\rail_lib\autogen\librail_release\librail_efr32xg1_gcc_release.a(rail_calibration.o)
                0x00013254                RAILInt_PendCal
 .text.RAILCb_AssertFailed
                0x00013278       0x14 C:\Users\ashis\SimplicityStudio\v4_workspace\HW3\platform\radio\rail_lib\autogen\librail_release\librail_efr32xg1_gcc_release.a(rail_assert.o)
                0x00013278                RAILCb_AssertFailed
 .text.RAILInt_Assert
                0x0001328c       0x1c C:\Users\ashis\SimplicityStudio\v4_workspace\HW3\platform\radio\rail_lib\autogen\librail_release\librail_efr32xg1_gcc_release.a(rail_assert.o)
                0x0001328c                RAILInt_Assert
 .text.RAILCore_GetRadioEntropy
                0x000132a8        0x4 C:\Users\ashis\SimplicityStudio\v4_workspace\HW3\platform\radio\rail_lib\autogen\librail_release\librail_efr32xg1_gcc_release.a(rail_rssi.o)
                0x000132a8                RAILCore_GetRadioEntropy
 .text.BUFC_ReadHelper
                0x000132ac       0x7c C:\Users\ashis\SimplicityStudio\v4_workspace\HW3\platform\radio\rail_lib\autogen\librail_release\librail_efr32xg1_gcc_release.a(bufc.o)
 .text.checkAndAddRxLenOverflowEntry
                0x00013328       0x3c C:\Users\ashis\SimplicityStudio\v4_workspace\HW3\platform\radio\rail_lib\autogen\librail_release\librail_efr32xg1_gcc_release.a(bufc.o)
 .text.BUFC_SetTxBuffer
                0x00013364       0x38 C:\Users\ashis\SimplicityStudio\v4_workspace\HW3\platform\radio\rail_lib\autogen\librail_release\librail_efr32xg1_gcc_release.a(bufc.o)
                0x00013364                BUFC_SetTxBuffer
 .text.BUFC_WriteBuffer
                0x0001339c       0xa8 C:\Users\ashis\SimplicityStudio\v4_workspace\HW3\platform\radio\rail_lib\autogen\librail_release\librail_efr32xg1_gcc_release.a(bufc.o)
                0x0001339c                BUFC_WriteBuffer
 .text.BUFC_Peek
                0x00013444       0x12 C:\Users\ashis\SimplicityStudio\v4_workspace\HW3\platform\radio\rail_lib\autogen\librail_release\librail_efr32xg1_gcc_release.a(bufc.o)
                0x00013444                BUFC_Peek
 .text.BUFC_PeekByte
                0x00013456       0x34 C:\Users\ashis\SimplicityStudio\v4_workspace\HW3\platform\radio\rail_lib\autogen\librail_release\librail_efr32xg1_gcc_release.a(bufc.o)
                0x00013456                BUFC_PeekByte
 *fill*         0x0001348a        0x2 
 .text.BUFC_GetSpaceAvailable
                0x0001348c       0x28 C:\Users\ashis\SimplicityStudio\v4_workspace\HW3\platform\radio\rail_lib\autogen\librail_release\librail_efr32xg1_gcc_release.a(bufc.o)
                0x0001348c                BUFC_GetSpaceAvailable
 .text.BUFC_GetBytesAvailable
                0x000134b4       0x14 C:\Users\ashis\SimplicityStudio\v4_workspace\HW3\platform\radio\rail_lib\autogen\librail_release\librail_efr32xg1_gcc_release.a(bufc.o)
                0x000134b4                BUFC_GetBytesAvailable
 .text.BUFC_TxAckBufferSet
                0x000134c8       0x38 C:\Users\ashis\SimplicityStudio\v4_workspace\HW3\platform\radio\rail_lib\autogen\librail_release\librail_efr32xg1_gcc_release.a(bufc.o)
                0x000134c8                BUFC_TxAckBufferSet
 .text.BUFC_TxAckBufferReset
                0x00013500        0x8 C:\Users\ashis\SimplicityStudio\v4_workspace\HW3\platform\radio\rail_lib\autogen\librail_release\librail_efr32xg1_gcc_release.a(bufc.o)
                0x00013500                BUFC_TxAckBufferReset
 .text.BUFC_RxBufferReset
                0x00013508       0x5c C:\Users\ashis\SimplicityStudio\v4_workspace\HW3\platform\radio\rail_lib\autogen\librail_release\librail_efr32xg1_gcc_release.a(bufc.o)
                0x00013508                BUFC_RxBufferReset
 .text.BUFC_Init
                0x00013564       0x98 C:\Users\ashis\SimplicityStudio\v4_workspace\HW3\platform\radio\rail_lib\autogen\librail_release\librail_efr32xg1_gcc_release.a(bufc.o)
                0x00013564                BUFC_Init
 .text.BUFC_RxBufferBytesAvailable
                0x000135fc       0x10 C:\Users\ashis\SimplicityStudio\v4_workspace\HW3\platform\radio\rail_lib\autogen\librail_release\librail_efr32xg1_gcc_release.a(bufc.o)
                0x000135fc                BUFC_RxBufferBytesAvailable
 .text.BUFC_ReleaseRxPacket
                0x0001360c      0x10c C:\Users\ashis\SimplicityStudio\v4_workspace\HW3\platform\radio\rail_lib\autogen\librail_release\librail_efr32xg1_gcc_release.a(bufc.o)
                0x0001360c                BUFC_ReleaseRxPacket
 .text.BUFC_StartRxLenThrEvent
                0x00013718       0x8c C:\Users\ashis\SimplicityStudio\v4_workspace\HW3\platform\radio\rail_lib\autogen\librail_release\librail_efr32xg1_gcc_release.a(bufc.o)
                0x00013718                BUFC_StartRxLenThrEvent
 .text.BUFC_EndRxLenThrEvent
                0x000137a4       0x1c C:\Users\ashis\SimplicityStudio\v4_workspace\HW3\platform\radio\rail_lib\autogen\librail_release\librail_efr32xg1_gcc_release.a(bufc.o)
                0x000137a4                BUFC_EndRxLenThrEvent
 .text.BUFC_HandleRxLenOvfEvent
                0x000137c0       0x28 C:\Users\ashis\SimplicityStudio\v4_workspace\HW3\platform\radio\rail_lib\autogen\librail_release\librail_efr32xg1_gcc_release.a(bufc.o)
                0x000137c0                BUFC_HandleRxLenOvfEvent
 .text.BUFC_GetRxPacketInfo
                0x000137e8      0x138 C:\Users\ashis\SimplicityStudio\v4_workspace\HW3\platform\radio\rail_lib\autogen\librail_release\librail_efr32xg1_gcc_release.a(bufc.o)
                0x000137e8                BUFC_GetRxPacketInfo
 .text.IRCAL_Set
                0x00013920       0x1c C:\Users\ashis\SimplicityStudio\v4_workspace\HW3\platform\radio\rail_lib\autogen\librail_release\librail_efr32xg1_gcc_release.a(ir_cal.o)
                0x00013920                IRCAL_Set
 .text.IRCAL_Init
                0x0001393c       0xa8 C:\Users\ashis\SimplicityStudio\v4_workspace\HW3\platform\radio\rail_lib\autogen\librail_release\librail_efr32xg1_gcc_release.a(ir_cal.o)
                0x0001393c                IRCAL_Init
 .text.PA_ProtectPa
                0x000139e4       0xbc C:\Users\ashis\SimplicityStudio\v4_workspace\HW3\platform\radio\rail_lib\autogen\librail_release\librail_efr32xg1_gcc_release.a(pa.o)
 .text.getRampTimeFromLevelAndRate
                0x00013aa0       0x20 C:\Users\ashis\SimplicityStudio\v4_workspace\HW3\platform\radio\rail_lib\autogen\librail_release\librail_efr32xg1_gcc_release.a(pa.o)
 .text.PA_GetTxPowerConfig
                0x00013ac0       0x14 C:\Users\ashis\SimplicityStudio\v4_workspace\HW3\platform\radio\rail_lib\autogen\librail_release\librail_efr32xg1_gcc_release.a(pa.o)
                0x00013ac0                PA_GetTxPowerConfig
 .text.PA_GetPowerLevel
                0x00013ad4        0xc C:\Users\ashis\SimplicityStudio\v4_workspace\HW3\platform\radio\rail_lib\autogen\librail_release\librail_efr32xg1_gcc_release.a(pa.o)
                0x00013ad4                PA_GetPowerLevel
 .text.PA_SetPowerLevel
                0x00013ae0      0x194 C:\Users\ashis\SimplicityStudio\v4_workspace\HW3\platform\radio\rail_lib\autogen\librail_release\librail_efr32xg1_gcc_release.a(pa.o)
                0x00013ae0                PA_SetPowerLevel
 .text.PA_RunPeakDetectorHigh
                0x00013c74       0x4c C:\Users\ashis\SimplicityStudio\v4_workspace\HW3\platform\radio\rail_lib\autogen\librail_release\librail_efr32xg1_gcc_release.a(pa.o)
                0x00013c74                PA_RunPeakDetectorHigh
 .text.PA_RunPeakDetectorLow
                0x00013cc0        0x2 C:\Users\ashis\SimplicityStudio\v4_workspace\HW3\platform\radio\rail_lib\autogen\librail_release\librail_efr32xg1_gcc_release.a(pa.o)
                0x00013cc0                PA_RunPeakDetectorLow
 *fill*         0x00013cc2        0x2 
 .text.PA_RunBatHigh
                0x00013cc4       0x2c C:\Users\ashis\SimplicityStudio\v4_workspace\HW3\platform\radio\rail_lib\autogen\librail_release\librail_efr32xg1_gcc_release.a(pa.o)
                0x00013cc4                PA_RunBatHigh
 .text.PA_GetRampTime
                0x00013cf0        0xc C:\Users\ashis\SimplicityStudio\v4_workspace\HW3\platform\radio\rail_lib\autogen\librail_release\librail_efr32xg1_gcc_release.a(pa.o)
                0x00013cf0                PA_GetRampTime
 .text.PA_ConfigRamp
                0x00013cfc       0x20 C:\Users\ashis\SimplicityStudio\v4_workspace\HW3\platform\radio\rail_lib\autogen\librail_release\librail_efr32xg1_gcc_release.a(pa.o)
                0x00013cfc                PA_ConfigRamp
 .text.PA_CalcRampTime
                0x00013d1c       0x44 C:\Users\ashis\SimplicityStudio\v4_workspace\HW3\platform\radio\rail_lib\autogen\librail_release\librail_efr32xg1_gcc_release.a(pa.o)
                0x00013d1c                PA_CalcRampTime
 .text.PA_SetRampTime
                0x00013d60       0xac C:\Users\ashis\SimplicityStudio\v4_workspace\HW3\platform\radio\rail_lib\autogen\librail_release\librail_efr32xg1_gcc_release.a(pa.o)
                0x00013d60                PA_SetRampTime
 .text.PA_SelectBand
                0x00013e0c       0x50 C:\Users\ashis\SimplicityStudio\v4_workspace\HW3\platform\radio\rail_lib\autogen\librail_release\librail_efr32xg1_gcc_release.a(pa.o)
                0x00013e0c                PA_SelectBand
 .text.PA_Config
                0x00013e5c      0x15c C:\Users\ashis\SimplicityStudio\v4_workspace\HW3\platform\radio\rail_lib\autogen\librail_release\librail_efr32xg1_gcc_release.a(pa.o)
                0x00013e5c                PA_Config
 .text.PA_UpdateConfig
                0x00013fb8       0x38 C:\Users\ashis\SimplicityStudio\v4_workspace\HW3\platform\radio\rail_lib\autogen\librail_release\librail_efr32xg1_gcc_release.a(pa.o)
                0x00013fb8                PA_UpdateConfig
 .text.PROTIMER_Init
                0x00013ff0      0x108 C:\Users\ashis\SimplicityStudio\v4_workspace\HW3\platform\radio\rail_lib\autogen\librail_release\librail_efr32xg1_gcc_release.a(protimer.o)
                0x00013ff0                PROTIMER_Init
 .text.PROTIMER_Start
                0x000140f8       0x1c C:\Users\ashis\SimplicityStudio\v4_workspace\HW3\platform\radio\rail_lib\autogen\librail_release\librail_efr32xg1_gcc_release.a(protimer.o)
                0x000140f8                PROTIMER_Start
 .text.PROTIMER_IsRunning
                0x00014114       0x10 C:\Users\ashis\SimplicityStudio\v4_workspace\HW3\platform\radio\rail_lib\autogen\librail_release\librail_efr32xg1_gcc_release.a(protimer.o)
                0x00014114                PROTIMER_IsRunning
 .text.PROTIMER_ElapsedTime
                0x00014124       0x18 C:\Users\ashis\SimplicityStudio\v4_workspace\HW3\platform\radio\rail_lib\autogen\librail_release\librail_efr32xg1_gcc_release.a(protimer.o)
                0x00014124                PROTIMER_ElapsedTime
 .text.PROTIMER_CCTimerStop
                0x0001413c       0x20 C:\Users\ashis\SimplicityStudio\v4_workspace\HW3\platform\radio\rail_lib\autogen\librail_release\librail_efr32xg1_gcc_release.a(protimer.o)
                0x0001413c                PROTIMER_CCTimerStop
 .text.PROTIMER_CCTimerStart
                0x0001415c      0x164 C:\Users\ashis\SimplicityStudio\v4_workspace\HW3\platform\radio\rail_lib\autogen\librail_release\librail_efr32xg1_gcc_release.a(protimer.o)
                0x0001415c                PROTIMER_CCTimerStart
 .text.PROTIMER_WrapMultiple
                0x000142c0       0x12 C:\Users\ashis\SimplicityStudio\v4_workspace\HW3\platform\radio\rail_lib\autogen\librail_release\librail_efr32xg1_gcc_release.a(protimer.o)
                0x000142c0                PROTIMER_WrapMultiple
 *fill*         0x000142d2        0x2 
 .text.PROTIMER_CCTimerIsEnabled
                0x000142d4       0x10 C:\Users\ashis\SimplicityStudio\v4_workspace\HW3\platform\radio\rail_lib\autogen\librail_release\librail_efr32xg1_gcc_release.a(protimer.o)
                0x000142d4                PROTIMER_CCTimerIsEnabled
 .text.PROTIMER_CCTimerCapture
                0x000142e4       0x14 C:\Users\ashis\SimplicityStudio\v4_workspace\HW3\platform\radio\rail_lib\autogen\librail_release\librail_efr32xg1_gcc_release.a(protimer.o)
                0x000142e4                PROTIMER_CCTimerCapture
 .text.PROTIMER_ScheduleTxEnable
                0x000142f8       0x2c C:\Users\ashis\SimplicityStudio\v4_workspace\HW3\platform\radio\rail_lib\autogen\librail_release\librail_efr32xg1_gcc_release.a(protimer.o)
                0x000142f8                PROTIMER_ScheduleTxEnable
 .text.PROTIMER_ClearTxEnable
                0x00014324        0xc C:\Users\ashis\SimplicityStudio\v4_workspace\HW3\platform\radio\rail_lib\autogen\librail_release\librail_efr32xg1_gcc_release.a(protimer.o)
                0x00014324                PROTIMER_ClearTxEnable
 .text.PROTIMER_ScheduleRxEnable
                0x00014330       0x2c C:\Users\ashis\SimplicityStudio\v4_workspace\HW3\platform\radio\rail_lib\autogen\librail_release\librail_efr32xg1_gcc_release.a(protimer.o)
                0x00014330                PROTIMER_ScheduleRxEnable
 .text.PROTIMER_ScheduleRxDisable
                0x0001435c       0x38 C:\Users\ashis\SimplicityStudio\v4_workspace\HW3\platform\radio\rail_lib\autogen\librail_release\librail_efr32xg1_gcc_release.a(protimer.o)
                0x0001435c                PROTIMER_ScheduleRxDisable
 .text.PROTIMER_ClearRxEnable
                0x00014394       0x10 C:\Users\ashis\SimplicityStudio\v4_workspace\HW3\platform\radio\rail_lib\autogen\librail_release\librail_efr32xg1_gcc_release.a(protimer.o)
                0x00014394                PROTIMER_ClearRxEnable
 .text.PROTIMER_GetTime
                0x000143a4        0xc C:\Users\ashis\SimplicityStudio\v4_workspace\HW3\platform\radio\rail_lib\autogen\librail_release\librail_efr32xg1_gcc_release.a(protimer.o)
                0x000143a4                PROTIMER_GetTime
 .text.PROTIMER_GetCCTime
                0x000143b0        0xc C:\Users\ashis\SimplicityStudio\v4_workspace\HW3\platform\radio\rail_lib\autogen\librail_release\librail_efr32xg1_gcc_release.a(protimer.o)
                0x000143b0                PROTIMER_GetCCTime
 .text.PROTIMER_LBTStop
                0x000143bc       0x18 C:\Users\ashis\SimplicityStudio\v4_workspace\HW3\platform\radio\rail_lib\autogen\librail_release\librail_efr32xg1_gcc_release.a(protimer.o)
                0x000143bc                PROTIMER_LBTStop
 .text.PROTIMER_PrecntOverflowToUs
                0x000143d4       0x38 C:\Users\ashis\SimplicityStudio\v4_workspace\HW3\platform\radio\rail_lib\autogen\librail_release\librail_efr32xg1_gcc_release.a(protimer.o)
                0x000143d4                PROTIMER_PrecntOverflowToUs
 .text.PROTIMER_UsToPrecntOverflow
                0x0001440c       0x2c C:\Users\ashis\SimplicityStudio\v4_workspace\HW3\platform\radio\rail_lib\autogen\librail_release\librail_efr32xg1_gcc_release.a(protimer.o)
                0x0001440c                PROTIMER_UsToPrecntOverflow
 .text.PROTIMER_DelayUs
                0x00014438       0x44 C:\Users\ashis\SimplicityStudio\v4_workspace\HW3\platform\radio\rail_lib\autogen\librail_release\librail_efr32xg1_gcc_release.a(protimer.o)
                0x00014438                PROTIMER_DelayUs
 .text.PROTIMER_CheckCcaReallyFailed
                0x0001447c       0xbc C:\Users\ashis\SimplicityStudio\v4_workspace\HW3\platform\radio\rail_lib\autogen\librail_release\librail_efr32xg1_gcc_release.a(protimer.o)
                0x0001447c                PROTIMER_CheckCcaReallyFailed
 .text.PTI_EnableAppendedInfo
                0x00014538       0x18 C:\Users\ashis\SimplicityStudio\v4_workspace\HW3\platform\radio\rail_lib\autogen\librail_release\librail_efr32xg1_gcc_release.a(pti.o)
                0x00014538                PTI_EnableAppendedInfo
 .text.PTI_Enable
                0x00014550       0x58 C:\Users\ashis\SimplicityStudio\v4_workspace\HW3\platform\radio\rail_lib\autogen\librail_release\librail_efr32xg1_gcc_release.a(pti.o)
                0x00014550                PTI_Enable
 .text.PTI_AuxdataOutput
                0x000145a8       0x1c C:\Users\ashis\SimplicityStudio\v4_workspace\HW3\platform\radio\rail_lib\autogen\librail_release\librail_efr32xg1_gcc_release.a(pti.o)
                0x000145a8                PTI_AuxdataOutput
 .text.PTI_EnableSyncword
                0x000145c4       0x18 C:\Users\ashis\SimplicityStudio\v4_workspace\HW3\platform\radio\rail_lib\autogen\librail_release\librail_efr32xg1_gcc_release.a(pti.o)
                0x000145c4                PTI_EnableSyncword
 .text.RADIO_SetAndForgetWrite
                0x000145dc       0x8c C:\Users\ashis\SimplicityStudio\v4_workspace\HW3\platform\radio\rail_lib\autogen\librail_release\librail_efr32xg1_gcc_release.a(radio.o)
                0x000145dc                RADIO_SetAndForgetWrite
 .text.RADIO_SeqInit
                0x00014668       0x68 C:\Users\ashis\SimplicityStudio\v4_workspace\HW3\platform\radio\rail_lib\autogen\librail_release\librail_efr32xg1_gcc_release.a(radio.o)
                0x00014668                RADIO_SeqInit
 .text.RADIO_CLKEnable
                0x000146d0       0x68 C:\Users\ashis\SimplicityStudio\v4_workspace\HW3\platform\radio\rail_lib\autogen\librail_release\librail_efr32xg1_gcc_release.a(radio.o)
                0x000146d0                RADIO_CLKEnable
 .text.RADIO_Init
                0x00014738       0x40 C:\Users\ashis\SimplicityStudio\v4_workspace\HW3\platform\radio\rail_lib\autogen\librail_release\librail_efr32xg1_gcc_release.a(radio.o)
                0x00014738                RADIO_Init
 .text.RADIO_Config
                0x00014778       0xa8 C:\Users\ashis\SimplicityStudio\v4_workspace\HW3\platform\radio\rail_lib\autogen\librail_release\librail_efr32xg1_gcc_release.a(radio.o)
                0x00014778                RADIO_Config
 .text.RADIO_IsRxOnForRssi
                0x00014820       0x18 C:\Users\ashis\SimplicityStudio\v4_workspace\HW3\platform\radio\rail_lib\autogen\librail_release\librail_efr32xg1_gcc_release.a(radio.o)
                0x00014820                RADIO_IsRxOnForRssi
 .text.RADIO_RxTrailDataLength
                0x00014838       0x3c C:\Users\ashis\SimplicityStudio\v4_workspace\HW3\platform\radio\rail_lib\autogen\librail_release\librail_efr32xg1_gcc_release.a(radio.o)
                0x00014838                RADIO_RxTrailDataLength
 .text.RADIO_FrameControlDescrBufferIdSet
                0x00014874       0x20 C:\Users\ashis\SimplicityStudio\v4_workspace\HW3\platform\radio\rail_lib\autogen\librail_release\librail_efr32xg1_gcc_release.a(radio.o)
                0x00014874                RADIO_FrameControlDescrBufferIdSet
 .text.RADIO_ComputeTxBaudrate
                0x00014894       0x28 C:\Users\ashis\SimplicityStudio\v4_workspace\HW3\platform\radio\rail_lib\autogen\librail_release\librail_efr32xg1_gcc_release.a(radio.o)
                0x00014894                RADIO_ComputeTxBaudrate
 .text.RADIO_ComputeTxSymbolRate
                0x000148bc       0x2c C:\Users\ashis\SimplicityStudio\v4_workspace\HW3\platform\radio\rail_lib\autogen\librail_release\librail_efr32xg1_gcc_release.a(radio.o)
                0x000148bc                RADIO_ComputeTxSymbolRate
 .text.RADIO_ComputeTxBitRate
                0x000148e8       0x50 C:\Users\ashis\SimplicityStudio\v4_workspace\HW3\platform\radio\rail_lib\autogen\librail_release\librail_efr32xg1_gcc_release.a(radio.o)
                0x000148e8                RADIO_ComputeTxBitRate
 .text.RADIO_GetRssi
                0x00014938       0x54 C:\Users\ashis\SimplicityStudio\v4_workspace\HW3\platform\radio\rail_lib\autogen\librail_release\librail_efr32xg1_gcc_release.a(radio.o)
                0x00014938                RADIO_GetRssi
 .text.RADIO_SetCRCInitVal
                0x0001498c       0x10 C:\Users\ashis\SimplicityStudio\v4_workspace\HW3\platform\radio\rail_lib\autogen\librail_release\librail_efr32xg1_gcc_release.a(radio.o)
                0x0001498c                RADIO_SetCRCInitVal
 .text.RADIO_RACClearRxOverflow
                0x0001499c       0x20 C:\Users\ashis\SimplicityStudio\v4_workspace\HW3\platform\radio\rail_lib\autogen\librail_release\librail_efr32xg1_gcc_release.a(radio.o)
                0x0001499c                RADIO_RACClearRxOverflow
 .text.RFSENSE_Disable
                0x000149bc       0x44 C:\Users\ashis\SimplicityStudio\v4_workspace\HW3\platform\radio\rail_lib\autogen\librail_release\librail_efr32xg1_gcc_release.a(rfsense.o)
 .text.RFSENSE_Sensed
                0x00014a00       0x50 C:\Users\ashis\SimplicityStudio\v4_workspace\HW3\platform\radio\rail_lib\autogen\librail_release\librail_efr32xg1_gcc_release.a(rfsense.o)
                0x00014a00                RFSENSE_Sensed
 .text.RFSENSE_IRQHandler
                0x00014a50        0x4 C:\Users\ashis\SimplicityStudio\v4_workspace\HW3\platform\radio\rail_lib\autogen\librail_release\librail_efr32xg1_gcc_release.a(rfsense.o)
                0x00014a50                RFSENSE_IRQHandler
 .text.RTCCSYNC_RTCCClockFreqGet
                0x00014a54       0x30 C:\Users\ashis\SimplicityStudio\v4_workspace\HW3\platform\radio\rail_lib\autogen\librail_release\librail_efr32xg1_gcc_release.a(rtccsync.o)
 .text.RTCCSYNC_Init
                0x00014a84       0x10 C:\Users\ashis\SimplicityStudio\v4_workspace\HW3\platform\radio\rail_lib\autogen\librail_release\librail_efr32xg1_gcc_release.a(rtccsync.o)
                0x00014a84                RTCCSYNC_Init
 .text.RTCCSYNC_PreSleep
                0x00014a94      0x260 C:\Users\ashis\SimplicityStudio\v4_workspace\HW3\platform\radio\rail_lib\autogen\librail_release\librail_efr32xg1_gcc_release.a(rtccsync.o)
                0x00014a94                RTCCSYNC_PreSleep
 .text.RTCCSYNC_PostWakeUp
                0x00014cf4      0x1c4 C:\Users\ashis\SimplicityStudio\v4_workspace\HW3\platform\radio\rail_lib\autogen\librail_release\librail_efr32xg1_gcc_release.a(rtccsync.o)
                0x00014cf4                RTCCSYNC_PostWakeUp
 .text.SYNTH_RfFreqGet
                0x00014eb8        0xc C:\Users\ashis\SimplicityStudio\v4_workspace\HW3\platform\radio\rail_lib\autogen\librail_release\librail_efr32xg1_gcc_release.a(synth.o)
                0x00014eb8                SYNTH_RfFreqGet
 .text.SYNTH_ChSpacingGet
                0x00014ec4        0xc C:\Users\ashis\SimplicityStudio\v4_workspace\HW3\platform\radio\rail_lib\autogen\librail_release\librail_efr32xg1_gcc_release.a(synth.o)
                0x00014ec4                SYNTH_ChSpacingGet
 .text.SYNTH_LoDivGet
                0x00014ed0       0x20 C:\Users\ashis\SimplicityStudio\v4_workspace\HW3\platform\radio\rail_lib\autogen\librail_release\librail_efr32xg1_gcc_release.a(synth.o)
                0x00014ed0                SYNTH_LoDivGet
 .text.SYNTH_Is2p4GHz
                0x00014ef0       0x14 C:\Users\ashis\SimplicityStudio\v4_workspace\HW3\platform\radio\rail_lib\autogen\librail_release\librail_efr32xg1_gcc_release.a(synth.o)
                0x00014ef0                SYNTH_Is2p4GHz
 .text.SYNTH_VcoRangeIsValid
                0x00014f04       0x30 C:\Users\ashis\SimplicityStudio\v4_workspace\HW3\platform\radio\rail_lib\autogen\librail_release\librail_efr32xg1_gcc_release.a(synth.o)
                0x00014f04                SYNTH_VcoRangeIsValid
 .text.SYNTH_RetimeLimitsConfig
                0x00014f34       0x64 C:\Users\ashis\SimplicityStudio\v4_workspace\HW3\platform\radio\rail_lib\autogen\librail_release\librail_efr32xg1_gcc_release.a(synth.o)
                0x00014f34                SYNTH_RetimeLimitsConfig
 .text.SYNTH_RetimeClkConfig
                0x00014f98       0xb4 C:\Users\ashis\SimplicityStudio\v4_workspace\HW3\platform\radio\rail_lib\autogen\librail_release\librail_efr32xg1_gcc_release.a(synth.o)
                0x00014f98                SYNTH_RetimeClkConfig
 .text.SYNTH_Config
                0x0001504c      0x108 C:\Users\ashis\SimplicityStudio\v4_workspace\HW3\platform\radio\rail_lib\autogen\librail_release\librail_efr32xg1_gcc_release.a(synth.o)
                0x0001504c                SYNTH_Config
 .text.SYNTH_ChannelSet
                0x00015154       0x40 C:\Users\ashis\SimplicityStudio\v4_workspace\HW3\platform\radio\rail_lib\autogen\librail_release\librail_efr32xg1_gcc_release.a(synth.o)
                0x00015154                SYNTH_ChannelSet
 .text.SYNTH_DCDCRetimeClkSet
                0x00015194       0x6c C:\Users\ashis\SimplicityStudio\v4_workspace\HW3\platform\radio\rail_lib\autogen\librail_release\librail_efr32xg1_gcc_release.a(synth.o)
                0x00015194                SYNTH_DCDCRetimeClkSet
 .text.SYNTH_DCDCRetimeEnable
                0x00015200       0x18 C:\Users\ashis\SimplicityStudio\v4_workspace\HW3\platform\radio\rail_lib\autogen\librail_release\librail_efr32xg1_gcc_release.a(synth.o)
                0x00015200                SYNTH_DCDCRetimeEnable
 .text.SYNTH_DCDCRetimeDisable
                0x00015218       0x18 C:\Users\ashis\SimplicityStudio\v4_workspace\HW3\platform\radio\rail_lib\autogen\librail_release\librail_efr32xg1_gcc_release.a(synth.o)
                0x00015218                SYNTH_DCDCRetimeDisable
 .text.SYNTH_KvnFreqCompensationEnable
                0x00015230        0xc C:\Users\ashis\SimplicityStudio\v4_workspace\HW3\platform\radio\rail_lib\autogen\librail_release\librail_efr32xg1_gcc_release.a(synth.o)
                0x00015230                SYNTH_KvnFreqCompensationEnable
 .text.RADIOCMU_ClockEnable
                0x0001523c       0x40 C:\Users\ashis\SimplicityStudio\v4_workspace\HW3\platform\radio\rail_lib\autogen\librail_release\librail_efr32xg1_gcc_release.a(radio_cmu.o)
                0x0001523c                RADIOCMU_ClockEnable
 .text.RADIOCMU_ClockFreqGet
                0x0001527c       0x88 C:\Users\ashis\SimplicityStudio\v4_workspace\HW3\platform\radio\rail_lib\autogen\librail_release\librail_efr32xg1_gcc_release.a(radio_cmu.o)
                0x0001527c                RADIOCMU_ClockFreqGet
 .text.RADIOCMU_ClockPrescGet
                0x00015304       0x1c C:\Users\ashis\SimplicityStudio\v4_workspace\HW3\platform\radio\rail_lib\autogen\librail_release\librail_efr32xg1_gcc_release.a(radio_cmu.o)
                0x00015304                RADIOCMU_ClockPrescGet
 .text.TEMPCAL_Init
                0x00015320       0x40 C:\Users\ashis\SimplicityStudio\v4_workspace\HW3\platform\radio\rail_lib\autogen\librail_release\librail_efr32xg1_gcc_release.a(tempcal.o)
                0x00015320                TEMPCAL_Init
 .text.TIMING_PreambleSyncBits
                0x00015360       0x2c C:\Users\ashis\SimplicityStudio\v4_workspace\HW3\platform\radio\rail_lib\autogen\librail_release\librail_efr32xg1_gcc_release.a(timings.o)
 .text.TIMING_CalcAdjustUs
                0x0001538c       0x28 C:\Users\ashis\SimplicityStudio\v4_workspace\HW3\platform\radio\rail_lib\autogen\librail_release\librail_efr32xg1_gcc_release.a(timings.o)
 .text.TIMING_SeqTimingInit
                0x000153b4        0x2 C:\Users\ashis\SimplicityStudio\v4_workspace\HW3\platform\radio\rail_lib\autogen\librail_release\librail_efr32xg1_gcc_release.a(timings.o)
                0x000153b4                TIMING_SeqTimingInit
 *fill*         0x000153b6        0x2 
 .text.TIMING_NsToStimerTickCalcSigned
                0x000153b8       0x28 C:\Users\ashis\SimplicityStudio\v4_workspace\HW3\platform\radio\rail_lib\autogen\librail_release\librail_efr32xg1_gcc_release.a(timings.o)
                0x000153b8                TIMING_NsToStimerTickCalcSigned
 .text.TIMING_NsToStimerTickCalc
                0x000153e0        0xc C:\Users\ashis\SimplicityStudio\v4_workspace\HW3\platform\radio\rail_lib\autogen\librail_release\librail_efr32xg1_gcc_release.a(timings.o)
                0x000153e0                TIMING_NsToStimerTickCalc
 .text.TIMING_InitStimer
                0x000153ec       0x58 C:\Users\ashis\SimplicityStudio\v4_workspace\HW3\platform\radio\rail_lib\autogen\librail_release\librail_efr32xg1_gcc_release.a(timings.o)
                0x000153ec                TIMING_InitStimer
 .text.TIMING_TxWarmTimeRecalculate
                0x00015444       0x34 C:\Users\ashis\SimplicityStudio\v4_workspace\HW3\platform\radio\rail_lib\autogen\librail_release\librail_efr32xg1_gcc_release.a(timings.o)
                0x00015444                TIMING_TxWarmTimeRecalculate
 .text.TIMING_TxWarmTimeSet
                0x00015478       0x18 C:\Users\ashis\SimplicityStudio\v4_workspace\HW3\platform\radio\rail_lib\autogen\librail_release\librail_efr32xg1_gcc_release.a(timings.o)
                0x00015478                TIMING_TxWarmTimeSet
 .text.TIMING_RxToTxTimeRecalculate
                0x00015490       0x34 C:\Users\ashis\SimplicityStudio\v4_workspace\HW3\platform\radio\rail_lib\autogen\librail_release\librail_efr32xg1_gcc_release.a(timings.o)
                0x00015490                TIMING_RxToTxTimeRecalculate
 .text.TIMING_RxFrameToTxTimeRecalculate
                0x000154c4       0x38 C:\Users\ashis\SimplicityStudio\v4_workspace\HW3\platform\radio\rail_lib\autogen\librail_release\librail_efr32xg1_gcc_release.a(timings.o)
                0x000154c4                TIMING_RxFrameToTxTimeRecalculate
 .text.TIMING_RxFrameToTxTimeSet
                0x000154fc       0x18 C:\Users\ashis\SimplicityStudio\v4_workspace\HW3\platform\radio\rail_lib\autogen\librail_release\librail_efr32xg1_gcc_release.a(timings.o)
                0x000154fc                TIMING_RxFrameToTxTimeSet
 .text.TIMING_TxToTxTimeRecalculate
                0x00015514       0x24 C:\Users\ashis\SimplicityStudio\v4_workspace\HW3\platform\radio\rail_lib\autogen\librail_release\librail_efr32xg1_gcc_release.a(timings.o)
                0x00015514                TIMING_TxToTxTimeRecalculate
 .text.TIMING_TxToRxTimeRecalculate
                0x00015538       0x24 C:\Users\ashis\SimplicityStudio\v4_workspace\HW3\platform\radio\rail_lib\autogen\librail_release\librail_efr32xg1_gcc_release.a(timings.o)
                0x00015538                TIMING_TxToRxTimeRecalculate
 .text.TIMING_TxToRxTimeSet
                0x0001555c       0x18 C:\Users\ashis\SimplicityStudio\v4_workspace\HW3\platform\radio\rail_lib\autogen\librail_release\librail_efr32xg1_gcc_release.a(timings.o)
                0x0001555c                TIMING_TxToRxTimeSet
 .text.TIMING_RxWarmTimeRecalculate
                0x00015574       0x20 C:\Users\ashis\SimplicityStudio\v4_workspace\HW3\platform\radio\rail_lib\autogen\librail_release\librail_efr32xg1_gcc_release.a(timings.o)
                0x00015574                TIMING_RxWarmTimeRecalculate
 .text.TIMING_RxWarmTimeSet
                0x00015594       0x18 C:\Users\ashis\SimplicityStudio\v4_workspace\HW3\platform\radio\rail_lib\autogen\librail_release\librail_efr32xg1_gcc_release.a(timings.o)
                0x00015594                TIMING_RxWarmTimeSet
 .text.TIMING_RxSearchTimeRecalculate
                0x000155ac       0x28 C:\Users\ashis\SimplicityStudio\v4_workspace\HW3\platform\radio\rail_lib\autogen\librail_release\librail_efr32xg1_gcc_release.a(timings.o)
                0x000155ac                TIMING_RxSearchTimeRecalculate
 .text.TIMING_RxSearchTimeSet
                0x000155d4       0x10 C:\Users\ashis\SimplicityStudio\v4_workspace\HW3\platform\radio\rail_lib\autogen\librail_release\librail_efr32xg1_gcc_release.a(timings.o)
                0x000155d4                TIMING_RxSearchTimeSet
 .text.TIMING_TxToRxSearchTimeRecalculate
                0x000155e4       0x28 C:\Users\ashis\SimplicityStudio\v4_workspace\HW3\platform\radio\rail_lib\autogen\librail_release\librail_efr32xg1_gcc_release.a(timings.o)
                0x000155e4                TIMING_TxToRxSearchTimeRecalculate
 .text.TIMING_TxToRxSearchTimeSet
                0x0001560c       0x10 C:\Users\ashis\SimplicityStudio\v4_workspace\HW3\platform\radio\rail_lib\autogen\librail_release\librail_efr32xg1_gcc_release.a(timings.o)
                0x0001560c                TIMING_TxToRxSearchTimeSet
 .text.TIMING_RecalculateAll
                0x0001561c       0x3a C:\Users\ashis\SimplicityStudio\v4_workspace\HW3\platform\radio\rail_lib\autogen\librail_release\librail_efr32xg1_gcc_release.a(timings.o)
                0x0001561c                TIMING_RecalculateAll
 .text.TIMING_RecalculatePaRampChanged
                0x00015656       0x22 C:\Users\ashis\SimplicityStudio\v4_workspace\HW3\platform\radio\rail_lib\autogen\librail_release\librail_efr32xg1_gcc_release.a(timings.o)
                0x00015656                TIMING_RecalculatePaRampChanged
 .text.TIMING_SetChainDelays
                0x00015678        0x8 C:\Users\ashis\SimplicityStudio\v4_workspace\HW3\platform\radio\rail_lib\autogen\librail_release\librail_efr32xg1_gcc_release.a(timings.o)
                0x00015678                TIMING_SetChainDelays
 .text.TIMING_SetRxDoneDelay
                0x00015680        0x6 C:\Users\ashis\SimplicityStudio\v4_workspace\HW3\platform\radio\rail_lib\autogen\librail_release\librail_efr32xg1_gcc_release.a(timings.o)
                0x00015680                TIMING_SetRxDoneDelay
 .text.TIMING_CalcRxTimeStampUs
                0x00015686       0x7a C:\Users\ashis\SimplicityStudio\v4_workspace\HW3\platform\radio\rail_lib\autogen\librail_release\librail_efr32xg1_gcc_release.a(timings.o)
                0x00015686                TIMING_CalcRxTimeStampUs
 .text.RFRAND_GetRadioEntropy
                0x00015700       0xf0 C:\Users\ashis\SimplicityStudio\v4_workspace\HW3\platform\radio\rail_lib\autogen\librail_release\librail_efr32xg1_gcc_release.a(rf_rand.o)
                0x00015700                RFRAND_GetRadioEntropy
 .text.RFRAND_SeedProtimerRandom
                0x000157f0       0x3c C:\Users\ashis\SimplicityStudio\v4_workspace\HW3\platform\radio\rail_lib\autogen\librail_release\librail_efr32xg1_gcc_release.a(rf_rand.o)
                0x000157f0                RFRAND_SeedProtimerRandom
 .text.RAIL_GetTxPowerCurve
                0x0001582c       0x14 C:\Users\ashis\SimplicityStudio\v4_workspace\HW3\platform\radio\rail_lib\autogen\librail_release\librail_efr32xg1_gcc_release.a(pa_conversions_efr32.o)
                0x0001582c                RAIL_GetTxPowerCurve
 .text.RAIL_InitTxPowerCurves
                0x00015840       0x2c C:\Users\ashis\SimplicityStudio\v4_workspace\HW3\platform\radio\rail_lib\autogen\librail_release\librail_efr32xg1_gcc_release.a(pa_conversions_efr32.o)
                0x00015840                RAIL_InitTxPowerCurves
 .text.RAIL_ConvertDbmToRaw
                0x0001586c       0xe4 C:\Users\ashis\SimplicityStudio\v4_workspace\HW3\platform\radio\rail_lib\autogen\librail_release\librail_efr32xg1_gcc_release.a(pa_conversions_efr32.o)
                0x0001586c                RAIL_ConvertDbmToRaw
 .text.RAIL_ConvertRawToDbm
                0x00015950       0xb4 C:\Users\ashis\SimplicityStudio\v4_workspace\HW3\platform\radio\rail_lib\autogen\librail_release\librail_efr32xg1_gcc_release.a(pa_conversions_efr32.o)
                0x00015950                RAIL_ConvertRawToDbm
 .text.GENERIC_PHY_ConfigureRollbackReporting
                0x00015a04       0x64 C:\Users\ashis\SimplicityStudio\v4_workspace\HW3\platform\radio\rail_lib\autogen\librail_release\librail_efr32xg1_gcc_release.a(generic_phy.o)
 .text.GENERIC_PHY_ClearPendedRxWindowEnd
                0x00015a68       0x1c C:\Users\ashis\SimplicityStudio\v4_workspace\HW3\platform\radio\rail_lib\autogen\librail_release\librail_efr32xg1_gcc_release.a(generic_phy.o)
 .text.RADIO_RACRxAbort
                0x00015a84       0x3c C:\Users\ashis\SimplicityStudio\v4_workspace\HW3\platform\radio\rail_lib\autogen\librail_release\librail_efr32xg1_gcc_release.a(generic_phy.o)
 .text.GENERIC_PHY_RxOverflowHook
                0x00015ac0       0x34 C:\Users\ashis\SimplicityStudio\v4_workspace\HW3\platform\radio\rail_lib\autogen\librail_release\librail_efr32xg1_gcc_release.a(generic_phy.o)
 .text.GENERIC_PHY_DisableRadioIrqs
                0x00015af4       0x50 C:\Users\ashis\SimplicityStudio\v4_workspace\HW3\platform\radio\rail_lib\autogen\librail_release\librail_efr32xg1_gcc_release.a(generic_phy.o)
 .text.GENERIC_PHY_CheckPendedRxWindowEnd
                0x00015b44       0x3c C:\Users\ashis\SimplicityStudio\v4_workspace\HW3\platform\radio\rail_lib\autogen\librail_release\librail_efr32xg1_gcc_release.a(generic_phy.o)
 .text.GENERIC_PHY_ConfigureEvents
                0x00015b80      0x35c C:\Users\ashis\SimplicityStudio\v4_workspace\HW3\platform\radio\rail_lib\autogen\librail_release\librail_efr32xg1_gcc_release.a(generic_phy.o)
                0x00015b80                GENERIC_PHY_ConfigureEvents
 .text.GENERIC_PHY_PacketTxCommon
                0x00015edc       0x3c C:\Users\ashis\SimplicityStudio\v4_workspace\HW3\platform\radio\rail_lib\autogen\librail_release\librail_efr32xg1_gcc_release.a(generic_phy.o)
                0x00015edc                GENERIC_PHY_PacketTxCommon
 .text.GENERIC_PHY_PacketTx
                0x00015f18       0x40 C:\Users\ashis\SimplicityStudio\v4_workspace\HW3\platform\radio\rail_lib\autogen\librail_release\librail_efr32xg1_gcc_release.a(generic_phy.o)
                0x00015f18                GENERIC_PHY_PacketTx
 .text.GENERIC_PHY_SchedulePacketRx
                0x00015f58      0x10c C:\Users\ashis\SimplicityStudio\v4_workspace\HW3\platform\radio\rail_lib\autogen\librail_release\librail_efr32xg1_gcc_release.a(generic_phy.o)
                0x00015f58                GENERIC_PHY_SchedulePacketRx
 .text.GENERIC_PHY_SchedulePacketTx
                0x00016064       0x7c C:\Users\ashis\SimplicityStudio\v4_workspace\HW3\platform\radio\rail_lib\autogen\librail_release\librail_efr32xg1_gcc_release.a(generic_phy.o)
                0x00016064                GENERIC_PHY_SchedulePacketTx
 .text.GENERIC_PHY_ChannelSet
                0x000160e0        0x6 C:\Users\ashis\SimplicityStudio\v4_workspace\HW3\platform\radio\rail_lib\autogen\librail_release\librail_efr32xg1_gcc_release.a(generic_phy.o)
                0x000160e0                GENERIC_PHY_ChannelSet
 *fill*         0x000160e6        0x2 
 .text.GENERIC_PHY_SeqAtomicLock
                0x000160e8       0x34 C:\Users\ashis\SimplicityStudio\v4_workspace\HW3\platform\radio\rail_lib\autogen\librail_release\librail_efr32xg1_gcc_release.a(generic_phy.o)
                0x000160e8                GENERIC_PHY_SeqAtomicLock
 .text.GENERIC_PHY_PreviousTxTime
                0x0001611c        0xc C:\Users\ashis\SimplicityStudio\v4_workspace\HW3\platform\radio\rail_lib\autogen\librail_release\librail_efr32xg1_gcc_release.a(generic_phy.o)