Archive member included because of file (symbol)

C:\Users\Preshit\SimplicityStudio\v4_workspace\IOT_project\platform\radio\rail_lib\autogen\librail_release\librail_efr32xg1_gcc_release.a(rail_pti.o)
                              ./pti.o (RAIL_ConfigPti)
C:\Users\Preshit\SimplicityStudio\v4_workspace\IOT_project\platform\radio\rail_lib\autogen\librail_release\librail_efr32xg1_gcc_release.a(rail_rf_hal.o)
                              C:\Users\Preshit\SimplicityStudio\v4_workspace\IOT_project\platform\radio\rail_lib\autogen\librail_release\librail_efr32xg1_gcc_release.a(rail_pti.o) (RFHAL_ConfigPti)
C:\Users\Preshit\SimplicityStudio\v4_workspace\IOT_project\platform\radio\rail_lib\autogen\librail_release\librail_efr32xg1_gcc_release.a(rail_singleprotocol.o)
                              C:\Users\Preshit\SimplicityStudio\v4_workspace\IOT_project\platform\radio\rail_lib\autogen\librail_release\librail_efr32xg1_gcc_release.a(rail_rf_hal.o) (RAIL_ActiveHandle)
C:\Users\Preshit\SimplicityStudio\v4_workspace\IOT_project\platform\radio\rail_lib\autogen\librail_release\librail_efr32xg1_gcc_release.a(rail_rf.o)
                              C:\Users\Preshit\SimplicityStudio\v4_workspace\IOT_project\platform\radio\rail_lib\autogen\librail_release\librail_efr32xg1_gcc_release.a(rail_singleprotocol.o) (RAILCore_Init)
C:\Users\Preshit\SimplicityStudio\v4_workspace\IOT_project\platform\radio\rail_lib\autogen\librail_release\librail_efr32xg1_gcc_release.a(rail_rx.o)
                              C:\Users\Preshit\SimplicityStudio\v4_workspace\IOT_project\platform\radio\rail_lib\autogen\librail_release\librail_efr32xg1_gcc_release.a(rail_rf_hal.o) (RAILCore_StartRx)
C:\Users\Preshit\SimplicityStudio\v4_workspace\IOT_project\platform\radio\rail_lib\autogen\librail_release\librail_efr32xg1_gcc_release.a(rail_tx.o)
                              C:\Users\Preshit\SimplicityStudio\v4_workspace\IOT_project\platform\radio\rail_lib\autogen\librail_release\librail_efr32xg1_gcc_release.a(rail_singleprotocol.o) (RAILCore_StartTx)
C:\Users\Preshit\SimplicityStudio\v4_workspace\IOT_project\platform\radio\rail_lib\autogen\librail_release\librail_efr32xg1_gcc_release.a(rail_calibration.o)
                              C:\Users\Preshit\SimplicityStudio\v4_workspace\IOT_project\platform\radio\rail_lib\autogen\librail_release\librail_efr32xg1_gcc_release.a(rail_rf_hal.o) (RAILInt_PendCal)
C:\Users\Preshit\SimplicityStudio\v4_workspace\IOT_project\platform\radio\rail_lib\autogen\librail_release\librail_efr32xg1_gcc_release.a(rail_assert.o)
                              C:\Users\Preshit\SimplicityStudio\v4_workspace\IOT_project\platform\radio\rail_lib\autogen\librail_release\librail_efr32xg1_gcc_release.a(rail_rf.o) (RAILInt_Assert)
C:\Users\Preshit\SimplicityStudio\v4_workspace\IOT_project\platform\radio\rail_lib\autogen\librail_release\librail_efr32xg1_gcc_release.a(rail_rssi.o)
                              C:\Users\Preshit\SimplicityStudio\v4_workspace\IOT_project\platform\radio\rail_lib\autogen\librail_release\librail_efr32xg1_gcc_release.a(rail_singleprotocol.o) (RAILCore_GetRssi)
C:\Users\Preshit\SimplicityStudio\v4_workspace\IOT_project\platform\radio\rail_lib\autogen\librail_release\librail_efr32xg1_gcc_release.a(bufc.o)
                              C:\Users\Preshit\SimplicityStudio\v4_workspace\IOT_project\platform\radio\rail_lib\autogen\librail_release\librail_efr32xg1_gcc_release.a(rail_rf_hal.o) (BUFC_SetTxBuffer)
C:\Users\Preshit\SimplicityStudio\v4_workspace\IOT_project\platform\radio\rail_lib\autogen\librail_release\librail_efr32xg1_gcc_release.a(ir_cal.o)
                              C:\Users\Preshit\SimplicityStudio\v4_workspace\IOT_project\platform\radio\rail_lib\autogen\librail_release\librail_efr32xg1_gcc_release.a(rail_rf_hal.o) (IRCAL_Set)
C:\Users\Preshit\SimplicityStudio\v4_workspace\IOT_project\platform\radio\rail_lib\autogen\librail_release\librail_efr32xg1_gcc_release.a(pa.o)
                              C:\Users\Preshit\SimplicityStudio\v4_workspace\IOT_project\platform\radio\rail_lib\autogen\librail_release\librail_efr32xg1_gcc_release.a(rail_rf_hal.o) (PA_GetTxPowerConfig)
C:\Users\Preshit\SimplicityStudio\v4_workspace\IOT_project\platform\radio\rail_lib\autogen\librail_release\librail_efr32xg1_gcc_release.a(protimer.o)
                              C:\Users\Preshit\SimplicityStudio\v4_workspace\IOT_project\platform\radio\rail_lib\autogen\librail_release\librail_efr32xg1_gcc_release.a(rail_rf_hal.o) (PROTIMER_Start)
C:\Users\Preshit\SimplicityStudio\v4_workspace\IOT_project\platform\radio\rail_lib\autogen\librail_release\librail_efr32xg1_gcc_release.a(pti.o)
                              C:\Users\Preshit\SimplicityStudio\v4_workspace\IOT_project\platform\radio\rail_lib\autogen\librail_release\librail_efr32xg1_gcc_release.a(rail_rf_hal.o) (PTI_Config)
[...]
Memory Configuration

Name             Origin             Length             Attributes
FLASH_BOOTLOADER 0x00000000         0x00004000         xr
FLASH            0x00004000         0x0003b000         xr
RAM              0x20000000         0x00007bfc         xrw
*default*        0x00000000         0xffffffff

Linker script and memory map

LOAD c:/siliconlabs/simplicitystudio/v4/developer/toolchains/gnu_arm/4.9_2015q3/bin/../lib/gcc/arm-none-eabi/4.9.3/armv7e-m/softfp/crti.o
LOAD c:/siliconlabs/simplicitystudio/v4/developer/toolchains/gnu_arm/4.9_2015q3/bin/../lib/gcc/arm-none-eabi/4.9.3/armv7e-m/softfp/crtbegin.o
LOAD c:/siliconlabs/simplicitystudio/v4/developer/toolchains/gnu_arm/4.9_2015q3/bin/../lib/gcc/arm-none-eabi/4.9.3/../../../../arm-none-eabi/lib/armv7e-m/softfp/crt0.o
START GROUP
LOAD ./application_properties.o
LOAD ./gatt_db.o
LOAD ./init_app.o
LOAD ./init_board.o
LOAD ./init_mcu.o
LOAD ./pti.o
LOAD ./hardware/kit/common/bsp/bsp_stk.o
LOAD ./hardware/kit/common/drivers/mx25flash_spi.o
LOAD ./lcd-grachics/bmp.o
LOAD ./lcd-grachics/display.o
LOAD ./lcd-grachics/displayls013b7dh03.o
LOAD ./lcd-grachics/displaypalemlib.o
LOAD ./lcd-grachics/dmd_display.o
LOAD ./lcd-grachics/glib.o
LOAD ./lcd-grachics/glib_bitmap.o
LOAD ./lcd-grachics/glib_circle.o
LOAD ./lcd-grachics/glib_font_narrow_6x8.o
LOAD ./lcd-grachics/glib_font_normal_8x8.o
LOAD ./lcd-grachics/glib_font_number_16x20.o
LOAD ./lcd-grachics/glib_line.o
LOAD ./lcd-grachics/glib_polygon.o
LOAD ./lcd-grachics/glib_rectangle.o
LOAD ./lcd-grachics/glib_string.o
LOAD ./lcd-grachics/graphics.o
LOAD ./lcd-grachics/main.o
LOAD ./lcd-grachics/udelay.o
LOAD ./platform/Device/SiliconLabs/EFR32BG1B/Source/GCC/startup_efr32bg1b.o
LOAD ./platform/Device/SiliconLabs/EFR32BG1B/Source/system_efr32bg1b.o
LOAD ./platform/emdrv/sleep/src/sleep.o
LOAD ./platform/emdrv/tempdrv/src/tempdrv.o
LOAD ./platform/emlib/src/em_cmu.o
LOAD ./platform/emlib/src/em_core.o
LOAD ./platform/emlib/src/em_cryotimer.o
LOAD ./platform/emlib/src/em_crypto.o
LOAD ./platform/emlib/src/em_ebi.o
LOAD ./platform/emlib/src/em_emu.o
LOAD ./platform/emlib/src/em_gpio.o
LOAD ./platform/emlib/src/em_i2c.o
LOAD ./platform/emlib/src/em_lcd.o
LOAD ./platform/emlib/src/em_letimer.o
LOAD ./platform/emlib/src/em_msc.o
LOAD ./platform/emlib/src/em_rmu.o
LOAD ./platform/emlib/src/em_rtcc.o
LOAD ./platform/emlib/src/em_system.o
LOAD ./platform/emlib/src/em_usart.o
LOAD ./src/cmu.o
LOAD ./src/gpio.o
LOAD ./src/i2c.o
LOAD ./src/letimer.o
LOAD ./src/sleepmode.o
LOAD ./src/spi.o
LOAD C:\Users\Preshit\SimplicityStudio\v4_workspace\IOT_project\protocol\bluetooth_2.7\lib\EFR32BG1B\GCC\libmbedtls.a
LOAD C:\Users\Preshit\SimplicityStudio\v4_workspace\IOT_project\platform\radio\rail_lib\autogen\librail_release\librail_efr32xg1_gcc_release.a
LOAD C:\Users\Preshit\SimplicityStudio\v4_workspace\IOT_project\protocol\bluetooth_2.7\lib\EFR32BG1B\GCC\libpsstore.a
LOAD C:\Users\Preshit\SimplicityStudio\v4_workspace\IOT_project\protocol\bluetooth_2.7\lib\EFR32BG1B\GCC\libbluetooth.a
LOAD C:\Users\Preshit\SimplicityStudio\v4_workspace\IOT_project\protocol\bluetooth_2.7\lib\EFR32BG1B\GCC\binapploader.o
LOAD c:/siliconlabs/simplicitystudio/v4/developer/toolchains/gnu_arm/4.9_2015q3/bin/../lib/gcc/arm-none-eabi/4.9.3/../../../../arm-none-eabi/lib/armv7e-m/softfp\libm.a
END GROUP
START GROUP
LOAD c:/siliconlabs/simplicitystudio/v4/developer/toolchains/gnu_arm/4.9_2015q3/bin/../lib/gcc/arm-none-eabi/4.9.3/armv7e-m/softfp\libgcc.a
LOAD c:/siliconlabs/simplicitystudio/v4/developer/toolchains/gnu_arm/4.9_2015q3/bin/../lib/gcc/arm-none-eabi/4.9.3/../../../../arm-none-eabi/lib/armv7e-m/softfp\libc_nano.a
LOAD c:/siliconlabs/simplicitystudio/v4/developer/toolchains/gnu_arm/4.9_2015q3/bin/../lib/gcc/arm-none-eabi/4.9.3/../../../../arm-none-eabi/lib/armv7e-m/softfp\libnosys.a
END GROUP
START GROUP
LOAD c:/siliconlabs/simplicitystudio/v4/developer/toolchains/gnu_arm/4.9_2015q3/bin/../lib/gcc/arm-none-eabi/4.9.3/armv7e-m/softfp\libgcc.a
LOAD c:/siliconlabs/simplicitystudio/v4/developer/toolchains/gnu_arm/4.9_2015q3/bin/../lib/gcc/arm-none-eabi/4.9.3/../../../../arm-none-eabi/lib/armv7e-m/softfp\libg_nano.a
LOAD c:/siliconlabs/simplicitystudio/v4/developer/toolchains/gnu_arm/4.9_2015q3/bin/../lib/gcc/arm-none-eabi/4.9.3/../../../../arm-none-eabi/lib/armv7e-m/softfp\libc_nano.a
END GROUP
START GROUP
LOAD c:/siliconlabs/simplicitystudio/v4/developer/toolchains/gnu_arm/4.9_2015q3/bin/../lib/gcc/arm-none-eabi/4.9.3/armv7e-m/softfp\libgcc.a
LOAD c:/siliconlabs/simplicitystudio/v4/developer/toolchains/gnu_arm/4.9_2015q3/bin/../lib/gcc/arm-none-eabi/4.9.3/../../../../arm-none-eabi/lib/armv7e-m/softfp\libc_nano.a
END GROUP
LOAD c:/siliconlabs/simplicitystudio/v4/developer/toolchains/gnu_arm/4.9_2015q3/bin/../lib/gcc/arm-none-eabi/4.9.3/armv7e-m/softfp/crtend.o
LOAD c:/siliconlabs/simplicitystudio/v4/developer/toolchains/gnu_arm/4.9_2015q3/bin/../lib/gcc/arm-none-eabi/4.9.3/armv7e-m/softfp/crtn.o

.text_bootloader
                0x00000000        0x0
 *(.binbootloader*)
                0x00000000                . = ALIGN (0x4000)

.text_apploader
                0x00004000     0x8fc0
 *(.binapploader*)
 .binapploader  0x00004000     0x8fc0 C:\Users\Preshit\SimplicityStudio\v4_workspace\IOT_project\protocol\bluetooth_2.7\lib\EFR32BG1B\GCC\binapploader.o

.text_signature
                0x0000cfc0       0x40
                0x0000d000                . = ALIGN (0x800)
 *fill*         0x0000cfc0       0x40 
                0x0000d000                __text_start__ = .

.text_application
                0x0000d000    0x23ae4
 *(.vectors)
 .vectors       0x0000d000       0xc8 ./platform/Device/SiliconLabs/EFR32BG1B/Source/GCC/startup_efr32bg1b.o
                0x0000d000                __Vectors
                0x0000d0c8                __Vectors_End = .
                0x000000c8                __Vectors_Size = (__Vectors_End - __Vectors)
                0x0000d0c8                __end__ = .
 *(.application_properties)
 .application_properties
                0x0000d0c8       0x38 ./application_properties.o
                0x0000d0c8                applicationProperties
 *(.gecko_configuration)
 *(.xo_configuration)
 *(.gatt_header)
 .gatt_header   0x0000d100       0x34 ./gatt_db.o
                0x0000d100                bg_gattdb_data
 *(.gatt_data)
 .gatt_data     0x0000d134      0x25d ./gatt_db.o
                0x0000d134                bg_gattdb_data_uuidtable_16_map
                0x0000d158                bg_gattdb_data_uuidtable_128_map
                0x0000d178                bg_gattdb_data_attribute_field_25
                0x0000d180                bg_gattdb_data_attribute_field_24
                0x0000d188                bg_gattdb_data_attribute_field_23
                0x0000d18c                bg_gattdb_data_attribute_field_21
                0x0000d194                bg_gattdb_data_attribute_field_20
                0x0000d19c                bg_gattdb_data_attribute_field_19
                0x0000d1a0                bg_gattdb_data_attribute_field_18
                0x0000d1a8                bg_gattdb_data_attribute_field_17
                0x0000d1c0                bg_gattdb_data_attribute_field_16
                0x0000d1d4                bg_gattdb_data_attribute_field_15
                0x0000d1dc                bg_gattdb_data_attribute_field_14
                0x0000d1e4                bg_gattdb_data_attribute_field_13
                0x0000d1f0                bg_gattdb_data_attribute_field_12
                0x0000d1f8                bg_gattdb_data_attribute_field_11
                0x0000d208                bg_gattdb_data_attribute_field_10
                0x0000d210                bg_gattdb_data_attribute_field_9
                0x0000d214                bg_gattdb_data_attribute_field_8
                0x0000d218                bg_gattdb_data_attribute_field_7
                0x0000d220                bg_gattdb_data_attribute_field_6
                0x0000d228                bg_gattdb_data_attribute_field_5
                0x0000d230                bg_gattdb_data_attribute_field_4
                0x0000d234                bg_gattdb_data_attribute_field_2
                0x0000d23c                bg_gattdb_data_attribute_field_1
                0x0000d244                bg_gattdb_data_attribute_field_0
                0x0000d248                bg_gattdb_data_attributes_map
                0x0000d380                bg_gattdb_data_attributes_dynamic_mapping_map
                0x0000d38c                bg_gattdb_data_adv_uuid16_map
                0x0000d390                bg_gattdb_data_adv_uuid128_map
 *(.text*)
 *fill*         0x0000d391        0x3 
 .text          0x0000d394       0x5c c:/siliconlabs/simplicitystudio/v4/developer/toolchains/gnu_arm/4.9_2015q3/bin/../lib/gcc/arm-none-eabi/4.9.3/armv7e-m/softfp/crtbegin.o
 .text          0x0000d3f0       0x74 c:/siliconlabs/simplicitystudio/v4/developer/toolchains/gnu_arm/4.9_2015q3/bin/../lib/gcc/arm-none-eabi/4.9.3/../../../../arm-none-eabi/lib/armv7e-m/softfp/crt0.o
                0x0000d3f0                _start
                0x0000d3f0                _mainCRTStartup
 .text.initBoard
                0x0000d464       0x48 ./init_board.o
                0x0000d464                initBoard
 .text.BUS_RegBitWrite
                0x0000d4ac       0x2c ./init_mcu.o
 .text.SYSTEM_GetProdRev
                0x0000d4d8       0x1c ./init_mcu.o
 .text.CHIP_Init
                0x0000d4f4       0xb4 ./init_mcu.o
 .text.initMcu  0x0000d5a8       0x70 ./init_mcu.o
                0x0000d5a8                initMcu
 .text.initMcu_clocks
                0x0000d618       0xa4 ./init_mcu.o
 .text.BUS_RegMaskedSet
                0x0000d6bc       0x24 ./hardware/kit/common/drivers/mx25flash_spi.o
 .text.BUS_RegMaskedClear
                0x0000d6e0       0x24 ./hardware/kit/common/drivers/mx25flash_spi.o
 .text.GPIO_PinOutClear
                0x0000d704       0x58 ./hardware/kit/common/drivers/mx25flash_spi.o
 .text.GPIO_PinOutSet
                0x0000d75c       0x58 ./hardware/kit/common/drivers/mx25flash_spi.o
 .text.MX25_init
                0x0000d7b4       0x98 ./hardware/kit/common/drivers/mx25flash_spi.o
                0x0000d7b4                MX25_init
 .text.Wait_Flash_WarmUp
                0x0000d84c       0x24 ./hardware/kit/common/drivers/mx25flash_spi.o
                0x0000d84c                Wait_Flash_WarmUp
 .text.Initial_Spi
                0x0000d870        0xc ./hardware/kit/common/drivers/mx25flash_spi.o
                0x0000d870                Initial_Spi
 .text.CS_Low   0x0000d87c       0x10 ./hardware/kit/common/drivers/mx25flash_spi.o
                0x0000d87c                CS_Low
 .text.CS_High  0x0000d88c       0x10 ./hardware/kit/common/drivers/mx25flash_spi.o
                0x0000d88c                CS_High
 .text.InsertDummyCycle
                0x0000d89c       0x38 ./hardware/kit/common/drivers/mx25flash_spi.o
                0x0000d89c                InsertDummyCycle
 .text.SendByte
                0x0000d8d4       0x3c ./hardware/kit/common/drivers/mx25flash_spi.o
                0x0000d8d4                SendByte
 .text.MX25_DP  0x0000d910       0x34 ./hardware/kit/common/drivers/mx25flash_spi.o
                0x0000d910                MX25_DP
 .text.DISPLAY_Init
                0x0000d944       0x54 ./lcd-grachics/display.o
                0x0000d944                DISPLAY_Init
 .text.DISPLAY_DeviceGet
                0x0000d998       0x60 ./lcd-grachics/display.o
                0x0000d998                DISPLAY_DeviceGet
 .text.DISPLAY_DeviceRegister
                0x0000d9f8       0x6c ./lcd-grachics/display.o
                0x0000d9f8                DISPLAY_DeviceRegister
 .text.DISPLAY_Ls013b7dh03Init
                0x0000da64       0xd0 ./lcd-grachics/displayls013b7dh03.o
                0x0000da64                DISPLAY_Ls013b7dh03Init
 .text.DriverRefresh
                0x0000db34       0x20 ./lcd-grachics/displayls013b7dh03.o
 .text.DisplayEnable
                0x0000db54       0x30 ./lcd-grachics/displayls013b7dh03.o
 .text.DisplayClear
                0x0000db84       0x48 ./lcd-grachics/displayls013b7dh03.o
 .text.DisplayPolarityInverse
                0x0000dbcc       0x10 ./lcd-grachics/displayls013b7dh03.o
 .text.PixelMatrixAllocate
                0x0000dbdc       0x70 ./lcd-grachics/displayls013b7dh03.o
 .text.PixelMatrixFree
                0x0000dc4c       0x1c ./lcd-grachics/displayls013b7dh03.o
 .text.PixelMatrixClear
                0x0000dc68       0x40 ./lcd-grachics/displayls013b7dh03.o
 .text.PixelMatrixDraw
                0x0000dca8       0xb8 ./lcd-grachics/displayls013b7dh03.o
 .text.BUS_RegMaskedSet
                0x0000dd60       0x24 ./lcd-grachics/displaypalemlib.o
 .text.BUS_RegMaskedClear
                0x0000dd84       0x24 ./lcd-grachics/displaypalemlib.o
 .text.GPIO_PinOutClear
                0x0000dda8       0x58 ./lcd-grachics/displaypalemlib.o
 .text.GPIO_PinOutSet
                0x0000de00       0x58 ./lcd-grachics/displaypalemlib.o
 .text.PAL_SpiInit
                0x0000de58       0x64 ./lcd-grachics/displaypalemlib.o
                0x0000de58                PAL_SpiInit
 .text.PAL_SpiTransmit
                0x0000debc       0x74 ./lcd-grachics/displaypalemlib.o
                0x0000debc                PAL_SpiTransmit
 .text.PAL_TimerInit
                0x0000df30       0x18 ./lcd-grachics/displaypalemlib.o
                0x0000df30                PAL_TimerInit
 .text.PAL_TimerMicroSecondsDelay
                0x0000df48       0x1c ./lcd-grachics/displaypalemlib.o
                0x0000df48                PAL_TimerMicroSecondsDelay
 .text.PAL_TimerRepeat
                0x0000df64       0x30 ./lcd-grachics/displaypalemlib.o
                0x0000df64                PAL_TimerRepeat
 .text.PAL_GpioInit
                0x0000df94       0x20 ./lcd-grachics/displaypalemlib.o
                0x0000df94                PAL_GpioInit
 .text.PAL_GpioPinModeSet
                0x0000dfb4       0x44 ./lcd-grachics/displaypalemlib.o
                0x0000dfb4                PAL_GpioPinModeSet
 .text.PAL_GpioPinOutSet
                0x0000dff8       0x24 ./lcd-grachics/displaypalemlib.o
                0x0000dff8                PAL_GpioPinOutSet
 .text.PAL_GpioPinOutClear
                0x0000e01c       0x24 ./lcd-grachics/displaypalemlib.o
                0x0000e01c                PAL_GpioPinOutClear
 .text.DMD_init
                0x0000e040       0xc8 ./lcd-grachics/dmd_display.o
                0x0000e040                DMD_init
 .text.DMD_getDisplayGeometry
                0x0000e108       0x38 ./lcd-grachics/dmd_display.o
                0x0000e108                DMD_getDisplayGeometry
 .text.DMD_setClippingArea
                0x0000e140       0x8c ./lcd-grachics/dmd_display.o
                0x0000e140                DMD_setClippingArea
 .text.DMD_writeColor
                0x0000e1cc      0x2b4 ./lcd-grachics/dmd_display.o
                0x0000e1cc                DMD_writeColor
 .text.DMD_allocateFramebuffer
                0x0000e480       0x54 ./lcd-grachics/dmd_display.o
                0x0000e480                DMD_allocateFramebuffer
 .text.DMD_updateDisplay
                0x0000e4d4      0x114 ./lcd-grachics/dmd_display.o
                0x0000e4d4                DMD_updateDisplay
 .text.GLIB_colorTranslate24bppInl
                0x0000e5e8       0x34 ./lcd-grachics/glib.o
 .text.GLIB_contextInit
                0x0000e61c       0x84 ./lcd-grachics/glib.o
                0x0000e61c                GLIB_contextInit
 .text.GLIB_setClippingRegion
                0x0000e6a0       0xa4 ./lcd-grachics/glib.o
                0x0000e6a0                GLIB_setClippingRegion
 .text.GLIB_clear
                0x0000e744       0x70 ./lcd-grachics/glib.o
                0x0000e744                GLIB_clear
 .text.GLIB_resetDisplayClippingArea
                0x0000e7b4       0x30 ./lcd-grachics/glib.o
                0x0000e7b4                GLIB_resetDisplayClippingArea
 .text.GLIB_applyClippingRegion
                0x0000e7e4       0x58 ./lcd-grachics/glib.o
                0x0000e7e4                GLIB_applyClippingRegion
 .text.GLIB_colorTranslate24bpp
                0x0000e83c       0x20 ./lcd-grachics/glib.o
                0x0000e83c                GLIB_colorTranslate24bpp
 .text.GLIB_drawPixel
                0x0000e85c       0x6c ./lcd-grachics/glib.o
                0x0000e85c                GLIB_drawPixel
 .text.GLIB_drawPixelColor
                0x0000e8c8       0x6c ./lcd-grachics/glib.o
                0x0000e8c8                GLIB_drawPixelColor
 .text.GLIB_rectContainsPoint
                0x0000e934       0x4c ./lcd-grachics/glib_rectangle.o
                0x0000e934                GLIB_rectContainsPoint
 .text.GLIB_drawChar
                0x0000e980      0x1d8 ./lcd-grachics/glib_string.o
                0x0000e980                GLIB_drawChar
 .text.GLIB_drawString
                0x0000eb58       0xd0 ./lcd-grachics/glib_string.o
                0x0000eb58                GLIB_drawString
 .text.GLIB_setFont
                0x0000ec28       0x44 ./lcd-grachics/glib_string.o
                0x0000ec28                GLIB_setFont
 .text.GRAPHICS_Init
                0x0000ec6c       0x58 ./lcd-grachics/graphics.o
                0x0000ec6c                GRAPHICS_Init
 .text.GRAPHICS_Update
                0x0000ecc4        0xc ./lcd-grachics/graphics.o
                0x0000ecc4                GRAPHICS_Update
 .text.GRAPHICS_Clear
                0x0000ecd0       0x24 ./lcd-grachics/graphics.o
                0x0000ecd0                GRAPHICS_Clear
 .text.GRAPHICS_AppendString
                0x0000ecf4       0x58 ./lcd-grachics/graphics.o
                0x0000ecf4                GRAPHICS_AppendString
 .text.rtcIntCallbackRegister
                0x0000ed4c       0x1c ./lcd-grachics/graphics.o
                0x0000ed4c                rtcIntCallbackRegister
 .text.gecko_initCoexHAL
                0x0000ed68        0xc ./lcd-grachics/main.o
 .text.gecko_init
                0x0000ed74       0x48 ./lcd-grachics/main.o
 .text.gecko_cmd_system_reset
                0x0000edbc       0x44 ./lcd-grachics/main.o
 .text.gecko_cmd_system_set_tx_power
                0x0000ee00       0x50 ./lcd-grachics/main.o
 .text.gecko_cmd_le_gap_set_mode
                0x0000ee50       0x5c ./lcd-grachics/main.o
 .text.gecko_cmd_le_gap_set_adv_parameters
                0x0000eeac       0x64 ./lcd-grachics/main.o
 .text.gecko_cmd_le_gap_set_conn_parameters
                0x0000ef10       0x78 ./lcd-grachics/main.o
 .text.gecko_cmd_le_connection_set_parameters
                0x0000ef88       0x84 ./lcd-grachics/main.o
 .text.gecko_cmd_gatt_server_send_user_write_response
                0x0000f00c       0x68 ./lcd-grachics/main.o
 .text.gecko_cmd_endpoint_close
                0x0000f074       0x50 ./lcd-grachics/main.o
 .text.gecko_cmd_flash_ps_save
                0x0000f0c4       0x8c ./lcd-grachics/main.o
 .text.gecko_cmd_flash_ps_load
                0x0000f150       0x50 ./lcd-grachics/main.o
 .text.lcd_display
                0x0000f1a0       0x38 ./lcd-grachics/main.o
                0x0000f1a0                lcd_display
 .text.main     0x0000f1d8      0x288 ./lcd-grachics/main.o
                0x0000f1d8                main
 .text.NVIC_ClearPendingIRQ
                0x0000f460       0x34 ./lcd-grachics/udelay.o
 .text.RTCC_CounterGet
                0x0000f494       0x18 ./lcd-grachics/udelay.o
 .text.UDELAY_Calibrate
                0x0000f4ac      0x190 ./lcd-grachics/udelay.o
                0x0000f4ac                UDELAY_Calibrate
 .text.UDELAY_Delay
                0x0000f63c       0x38 ./lcd-grachics/udelay.o
                0x0000f63c                UDELAY_Delay
 .text.calibrate_delay
                0x0000f674       0xd8 ./lcd-grachics/udelay.o
 .text.clock    0x0000f74c       0x10 ./lcd-grachics/udelay.o
 .text._delay   0x0000f75c       0x18 ./lcd-grachics/udelay.o
 .text.Reset_Handler
                0x0000f774       0x3c ./platform/Device/SiliconLabs/EFR32BG1B/Source/GCC/startup_efr32bg1b.o
                0x0000f774                Reset_Handler
 .text.Default_Handler
                0x0000f7b0        0x8 ./platform/Device/SiliconLabs/EFR32BG1B/Source/GCC/startup_efr32bg1b.o
                0x0000f7b0                DebugMon_Handler
                0x0000f7b0                USART0_TX_IRQHandler
                0x0000f7b0                I2C0_IRQHandler
                0x0000f7b0                HardFault_Handler
                0x0000f7b0                SysTick_Handler
                0x0000f7b0                USART1_RX_IRQHandler
                0x0000f7b0                PendSV_Handler
                0x0000f7b0                NMI_Handler
                0x0000f7b0                WDOG0_IRQHandler
                0x0000f7b0                USART1_TX_IRQHandler
                0x0000f7b0                MSC_IRQHandler
                0x0000f7b0                ADC0_IRQHandler
                0x0000f7b0                UsageFault_Handler
                0x0000f7b0                LEUART0_IRQHandler
                0x0000f7b0                FPUEH_IRQHandler
                0x0000f7b0                GPIO_EVEN_IRQHandler
                0x0000f7b0                LDMA_IRQHandler
                0x0000f7b0                TIMER0_IRQHandler
                0x0000f7b0                TIMER1_IRQHandler
                0x0000f7b0                Default_Handler
                0x0000f7b0                CRYOTIMER_IRQHandler
                0x0000f7b0                PCNT0_IRQHandler
                0x0000f7b0                ACMP0_IRQHandler
                0x0000f7b0                USART0_RX_IRQHandler
                0x0000f7b0                MemManage_Handler
                0x0000f7b0                SVC_Handler
                0x0000f7b0                RTCC_IRQHandler
                0x0000f7b0                CRYPTO_IRQHandler
                0x0000f7b0                CMU_IRQHandler
                0x0000f7b0                GPIO_ODD_IRQHandler
                0x0000f7b0                BusFault_Handler
                0x0000f7b0                IDAC0_IRQHandler
 .text.SystemCoreClockGet
                0x0000f7b8       0x44 ./platform/Device/SiliconLabs/EFR32BG1B/Source/system_efr32bg1b.o
                0x0000f7b8                SystemCoreClockGet
 .text.SystemMaxCoreClockGet
                0x0000f7fc       0x14 ./platform/Device/SiliconLabs/EFR32BG1B/Source/system_efr32bg1b.o
                0x0000f7fc                SystemMaxCoreClockGet
 .text.SystemHFClockGet
                0x0000f810       0x70 ./platform/Device/SiliconLabs/EFR32BG1B/Source/system_efr32bg1b.o
                0x0000f810                SystemHFClockGet
 .text.SystemHFXOClockGet
                0x0000f880       0x18 ./platform/Device/SiliconLabs/EFR32BG1B/Source/system_efr32bg1b.o
                0x0000f880                SystemHFXOClockGet
 .text.SystemHFXOClockSet
                0x0000f898       0x30 ./platform/Device/SiliconLabs/EFR32BG1B/Source/system_efr32bg1b.o
                0x0000f898                SystemHFXOClockSet
 .text.SystemInit
                0x0000f8c8       0x5c ./platform/Device/SiliconLabs/EFR32BG1B/Source/system_efr32bg1b.o
                0x0000f8c8                SystemInit
 .text.SystemLFRCOClockGet
                0x0000f924       0x14 ./platform/Device/SiliconLabs/EFR32BG1B/Source/system_efr32bg1b.o
                0x0000f924                SystemLFRCOClockGet
 .text.SystemULFRCOClockGet
                0x0000f938       0x14 ./platform/Device/SiliconLabs/EFR32BG1B/Source/system_efr32bg1b.o
                0x0000f938                SystemULFRCOClockGet
 .text.SystemLFXOClockGet
                0x0000f94c       0x18 ./platform/Device/SiliconLabs/EFR32BG1B/Source/system_efr32bg1b.o
                0x0000f94c                SystemLFXOClockGet
 .text.SystemLFXOClockSet
                0x0000f964       0x30 ./platform/Device/SiliconLabs/EFR32BG1B/Source/system_efr32bg1b.o
                0x0000f964                SystemLFXOClockSet
 .text.BUS_RegBitWrite
                0x0000f994       0x2c ./platform/emdrv/sleep/src/sleep.o
 .text.EMU_EnterEM1
                0x0000f9c0       0x20 ./platform/emdrv/sleep/src/sleep.o
 .text.EMU_EM2Block
                0x0000f9e0       0x14 ./platform/emdrv/sleep/src/sleep.o
 .text.EMU_EM2UnBlock
                0x0000f9f4       0x14 ./platform/emdrv/sleep/src/sleep.o
 .text.sleepCallbackWrapper
                0x0000fa08       0x2c ./platform/emdrv/sleep/src/sleep.o
 .text.SLEEP_Init
                0x0000fa34       0x60 ./platform/emdrv/sleep/src/sleep.o
                0x0000fa34                SLEEP_Init
 .text.SLEEP_Sleep
                0x0000fa94       0x90 ./platform/emdrv/sleep/src/sleep.o
                0x0000fa94                SLEEP_Sleep
 .text.SLEEP_SleepBlockBegin
                0x0000fb24       0x48 ./platform/emdrv/sleep/src/sleep.o
                0x0000fb24                SLEEP_SleepBlockBegin
 .text.SLEEP_SleepBlockEnd
                0x0000fb6c       0x58 ./platform/emdrv/sleep/src/sleep.o
                0x0000fb6c                SLEEP_SleepBlockEnd
 .text.SLEEP_LowestEnergyModeGet
                0x0000fbc4       0x40 ./platform/emdrv/sleep/src/sleep.o
                0x0000fbc4                SLEEP_LowestEnergyModeGet
 .text.enterEMx
                0x0000fc04       0xa0 ./platform/emdrv/sleep/src/sleep.o
 .text.NVIC_EnableIRQ
                0x0000fca4       0x30 ./platform/emdrv/tempdrv/src/tempdrv.o
 .text.NVIC_ClearPendingIRQ
                0x0000fcd4       0x34 ./platform/emdrv/tempdrv/src/tempdrv.o
 .text.EMU_IntClear
                0x0000fd08       0x1c ./platform/emdrv/tempdrv/src/tempdrv.o
 .text.EMU_IntDisable
                0x0000fd24       0x24 ./platform/emdrv/tempdrv/src/tempdrv.o
 .text.EMU_IntEnable
                0x0000fd48       0x24 ./platform/emdrv/tempdrv/src/tempdrv.o
 .text.EMU_IntGetEnabled
                0x0000fd6c       0x24 ./platform/emdrv/tempdrv/src/tempdrv.o
 .text.EMU_IRQHandler
                0x0000fd90        0xc ./platform/emdrv/tempdrv/src/tempdrv.o
                0x0000fd90                EMU_IRQHandler
 .text.TEMPDRV_IRQHandler
                0x0000fd9c       0xa0 ./platform/emdrv/tempdrv/src/tempdrv.o
                0x0000fd9c                TEMPDRV_IRQHandler
 .text.errataCallback
                0x0000fe3c       0x20 ./platform/emdrv/tempdrv/src/tempdrv.o
 .text.errataStateUpdate
                0x0000fe5c       0xbc ./platform/emdrv/tempdrv/src/tempdrv.o
 .text.errataInit
                0x0000ff18       0x8c ./platform/emdrv/tempdrv/src/tempdrv.o
 .text.convertToTemp
                0x0000ffa4       0x58 ./platform/emdrv/tempdrv/src/tempdrv.o
 .text.convertToEmu
                0x0000fffc       0x48 ./platform/emdrv/tempdrv/src/tempdrv.o
 .text.disableInterrupts
                0x00010044       0x18 ./platform/emdrv/tempdrv/src/tempdrv.o
 .text.updateInterrupts
                0x0001005c      0x140 ./platform/emdrv/tempdrv/src/tempdrv.o
 .text.TEMPDRV_Init
                0x0001019c       0xd4 ./platform/emdrv/tempdrv/src/tempdrv.o
                0x0001019c                TEMPDRV_Init
 .text.TEMPDRV_GetTemp
                0x00010270       0x1c ./platform/emdrv/tempdrv/src/tempdrv.o
                0x00010270                TEMPDRV_GetTemp
 .text.BUS_RegBitWrite
                0x0001028c       0x2c ./platform/emlib/src/em_cmu.o
 .text.BUS_RegBitRead
                0x000102b8       0x2c ./platform/emlib/src/em_cmu.o
 .text.BUS_RegMaskedSet
                0x000102e4       0x24 ./platform/emlib/src/em_cmu.o
 .text.BUS_RegMaskedClear
                0x00010308       0x24 ./platform/emlib/src/em_cmu.o
 .text.BUS_RegMaskedWrite
                0x0001032c       0x24 ./platform/emlib/src/em_cmu.o
 .text.CMU_Log2ToDiv
                0x00010350       0x1c ./platform/emlib/src/em_cmu.o
 .text.CMU_PrescToLog2
                0x0001036c       0x28 ./platform/emlib/src/em_cmu.o
 .text.setHfLeConfig
                0x00010394       0x64 ./platform/emlib/src/em_cmu.o
 .text.auxClkGet
                0x000103f8       0x20 ./platform/emlib/src/em_cmu.o
 .text.hfSrcClkGet
                0x00010418       0x2c ./platform/emlib/src/em_cmu.o
 .text.dbgClkGet
                0x00010444       0x40 ./platform/emlib/src/em_cmu.o
 .text.adcAsyncClkGet
                0x00010484       0x80 ./platform/emlib/src/em_cmu.o
 .text.flashWaitStateControl
                0x00010504       0x7c ./platform/emlib/src/em_cmu.o
 .text.flashWaitStateMax
                0x00010580       0x14 ./platform/emlib/src/em_cmu.o
 .text.CMU_UpdateWaitStates
                0x00010594       0x18 ./platform/emlib/src/em_cmu.o
                0x00010594                CMU_UpdateWaitStates
 .text.getRegIshUpperVal
                0x000105ac       0x38 ./platform/emlib/src/em_cmu.o
 .text.getHfxoTuningMode
                0x000105e4       0x1c ./platform/emlib/src/em_cmu.o
 .text.setHfxoTuningMode
                0x00010600       0x28 ./platform/emlib/src/em_cmu.o
 .text.lfClkGet
                0x00010628       0xf4 ./platform/emlib/src/em_cmu.o
 .text.syncReg  0x0001071c       0x38 ./platform/emlib/src/em_cmu.o
 .text.CMU_ClockDivGet
                0x00010754       0x1c ./platform/emlib/src/em_cmu.o
                0x00010754                CMU_ClockDivGet
 .text.CMU_ClockDivSet
                0x00010770       0x1c ./platform/emlib/src/em_cmu.o
                0x00010770                CMU_ClockDivSet
 .text.CMU_ClockEnable
                0x0001078c       0xcc ./platform/emlib/src/em_cmu.o
                0x0001078c                CMU_ClockEnable
 .text.CMU_ClockFreqGet
                0x00010858      0x198 ./platform/emlib/src/em_cmu.o
                0x00010858                CMU_ClockFreqGet
 .text.CMU_ClockPrescGet
                0x000109f0      0x120 ./platform/emlib/src/em_cmu.o
                0x000109f0                CMU_ClockPrescGet
 .text.CMU_ClockPrescSet
                0x00010b10      0x1e0 ./platform/emlib/src/em_cmu.o
                0x00010b10                CMU_ClockPrescSet
 .text.CMU_ClockSelectGet
                0x00010cf0      0x19c ./platform/emlib/src/em_cmu.o
                0x00010cf0                CMU_ClockSelectGet
 .text.CMU_ClockSelectSet
                0x00010e8c      0x260 ./platform/emlib/src/em_cmu.o
                0x00010e8c                CMU_ClockSelectSet
 .text.CMU_HFXOAutostartEnable
                0x000110ec       0x7c ./platform/emlib/src/em_cmu.o
                0x000110ec                CMU_HFXOAutostartEnable
 .text.CMU_HFXOInit
                0x00011168       0xf4 ./platform/emlib/src/em_cmu.o
                0x00011168                CMU_HFXOInit
 .text.CMU_LFXOInit
                0x0001125c       0x50 ./platform/emlib/src/em_cmu.o
                0x0001125c                CMU_LFXOInit
 .text.CMU_OscillatorEnable
                0x000112ac      0x174 ./platform/emlib/src/em_cmu.o
                0x000112ac                CMU_OscillatorEnable
 .text.CMU_OscillatorTuningGet
                0x00011420       0x74 ./platform/emlib/src/em_cmu.o
                0x00011420                CMU_OscillatorTuningGet
 .text.CMU_OscillatorTuningSet
                0x00011494      0x100 ./platform/emlib/src/em_cmu.o
                0x00011494                CMU_OscillatorTuningSet
 .text.CMU_OscillatorTuningWait
                0x00011594       0x94 ./platform/emlib/src/em_cmu.o
                0x00011594                CMU_OscillatorTuningWait
 .text.CMU_OscillatorTuningOptimize
                0x00011628       0x58 ./platform/emlib/src/em_cmu.o
                0x00011628                CMU_OscillatorTuningOptimize
 .text.CORE_EnterCritical
                0x00011680       0x20 ./platform/emlib/src/em_core.o
                0x00011680                CORE_EnterCritical
 .text.CORE_ExitCritical
                0x000116a0       0x1c ./platform/emlib/src/em_core.o
                0x000116a0                CORE_ExitCritical
 .text.CORE_AtomicDisableIrq
                0x000116bc       0x10 ./platform/emlib/src/em_core.o
                0x000116bc                CORE_AtomicDisableIrq
 .text.CORE_AtomicEnableIrq
                0x000116cc       0x10 ./platform/emlib/src/em_core.o
                0x000116cc                CORE_AtomicEnableIrq
 .text.CORE_EnterAtomic
                0x000116dc       0x20 ./platform/emlib/src/em_core.o
                0x000116dc                CORE_EnterAtomic
 .text.CORE_ExitAtomic
                0x000116fc       0x1c ./platform/emlib/src/em_core.o
                0x000116fc                CORE_ExitAtomic
 .text.CORE_SetNvicRamTableHandler
                0x00011718       0x44 ./platform/emlib/src/em_core.o
                0x00011718                CORE_SetNvicRamTableHandler
 .text.CORE_InitNvicVectorTable
                0x0001175c       0xc8 ./platform/emlib/src/em_core.o
                0x0001175c                CORE_InitNvicVectorTable
 .text.CRYPTO_BurstFromCrypto
                0x00011824       0x40 ./platform/emlib/src/em_crypto.o
 .text.CRYPTO_ModulusSet
                0x00011864       0x88 ./platform/emlib/src/em_crypto.o
                0x00011864                CRYPTO_ModulusSet
 .text.CRYPTO_KeyRead
                0x000118ec       0x38 ./platform/emlib/src/em_crypto.o
                0x000118ec                CRYPTO_KeyRead
 .text.SystemCoreClockUpdate
                0x00011924        0xc ./platform/emlib/src/em_emu.o
 .text.BUS_RegBitWrite
                0x00011930       0x2c ./platform/emlib/src/em_emu.o
 .text.BUS_RegBitRead
                0x0001195c       0x2c ./platform/emlib/src/em_emu.o
 .text.EMU_Unlock
                0x00011988       0x18 ./platform/emlib/src/em_emu.o
 .text.CMU_Lock
                0x000119a0       0x18 ./platform/emlib/src/em_emu.o
 .text.CMU_Unlock
                0x000119b8       0x1c ./platform/emlib/src/em_emu.o
 .text.SYSTEM_GetDevinfoRev
                0x000119d4       0x18 ./platform/emlib/src/em_emu.o
 .text.emState  0x000119ec       0xcc ./platform/emlib/src/em_emu.o
 .text.dcdcFetCntSet
                0x00011ab8       0x50 ./platform/emlib/src/em_emu.o
 .text.dcdcHsFixLnBlock
                0x00011b08       0x48 ./platform/emlib/src/em_emu.o
 .text.EMU_EnterEM2
                0x00011b50       0x50 ./platform/emlib/src/em_emu.o
                0x00011b50                EMU_EnterEM2
 .text.EMU_EnterEM3
                0x00011ba0       0x78 ./platform/emlib/src/em_emu.o
                0x00011ba0                EMU_EnterEM3
 .text.EMU_Save
                0x00011c18        0xc ./platform/emlib/src/em_emu.o
                0x00011c18                EMU_Save
 .text.EMU_Restore
                0x00011c24        0xc ./platform/emlib/src/em_emu.o
                0x00011c24                EMU_Restore
 .text.EMU_EnterEM4
                0x00011c30       0xbc ./platform/emlib/src/em_emu.o
                0x00011c30                EMU_EnterEM4
 .text.dcdcConstCalibrationLoad
                0x00011cec       0xc4 ./platform/emlib/src/em_emu.o
 .text.dcdcValidatedConfigSet
                0x00011db0       0xb0 ./platform/emlib/src/em_emu.o
 .text.currentLimitersUpdate
                0x00011e60       0xe4 ./platform/emlib/src/em_emu.o
 .text.userCurrentLimitsSet
                0x00011f44       0x2c ./platform/emlib/src/em_emu.o
 .text.compCtrlSet
                0x00011f70       0x3c ./platform/emlib/src/em_emu.o
 .text.lpCmpHystCalibrationLoad
                0x00011fac       0xd0 ./platform/emlib/src/em_emu.o
 .text.lpGetDevinfoVrefLowHigh
                0x0001207c      0x164 ./platform/emlib/src/em_emu.o
 .text.EMU_DCDCModeSet
                0x000121e0       0xb8 ./platform/emlib/src/em_emu.o
                0x000121e0                EMU_DCDCModeSet
 .text.EMU_DCDCInit
                0x00012298      0x114 ./platform/emlib/src/em_emu.o
                0x00012298                EMU_DCDCInit
 .text.EMU_DCDCOutputVoltageSet
                0x000123ac      0x20c ./platform/emlib/src/em_emu.o
                0x000123ac                EMU_DCDCOutputVoltageSet
 .text.EMU_DCDCOptimizeSlice
                0x000125b8       0xd8 ./platform/emlib/src/em_emu.o
                0x000125b8                EMU_DCDCOptimizeSlice
 .text.EMU_DCDCLnRcoBandSet
                0x00012690       0x54 ./platform/emlib/src/em_emu.o
                0x00012690                EMU_DCDCLnRcoBandSet
 .text.EMU_SetBiasMode
                0x000126e4       0xa4 ./platform/emlib/src/em_emu.o
                0x000126e4                EMU_SetBiasMode
 .text.BUS_RegMaskedSet
                0x00012788       0x24 ./platform/emlib/src/em_gpio.o
 .text.BUS_RegMaskedClear
                0x000127ac       0x24 ./platform/emlib/src/em_gpio.o
 .text.BUS_RegMaskedWrite
                0x000127d0       0x24 ./platform/emlib/src/em_gpio.o
 .text.GPIO_PinOutClear
                0x000127f4       0x58 ./platform/emlib/src/em_gpio.o
 .text.GPIO_PinOutSet
                0x0001284c       0x58 ./platform/emlib/src/em_gpio.o
 .text.GPIO_DriveStrengthSet
                0x000128a4       0x60 ./platform/emlib/src/em_gpio.o
                0x000128a4                GPIO_DriveStrengthSet
 .text.GPIO_PinModeSet
                0x00012904      0x10c ./platform/emlib/src/em_gpio.o
                0x00012904                GPIO_PinModeSet
 .text.BUS_RegBitWrite
                0x00012a10       0x2c ./platform/emlib/src/em_i2c.o
 .text.BUS_RegMaskedSet
                0x00012a3c       0x24 ./platform/emlib/src/em_i2c.o
 .text.BUS_RegMaskedClear
                0x00012a60       0x24 ./platform/emlib/src/em_i2c.o
 .text.BUS_RegMaskedWrite
                0x00012a84       0x24 ./platform/emlib/src/em_i2c.o
 .text.I2C_BusFreqSet
                0x00012aa8       0xf8 ./platform/emlib/src/em_i2c.o
                0x00012aa8                I2C_BusFreqSet
 .text.I2C_Init
                0x00012ba0       0x5c ./platform/emlib/src/em_i2c.o
                0x00012ba0                I2C_Init
 .text.LETIMER_CompareSet
                0x00012bfc       0x58 ./platform/emlib/src/em_letimer.o
                0x00012bfc                LETIMER_CompareSet
 .text.LETIMER_Enable
                0x00012c54       0x2c ./platform/emlib/src/em_letimer.o
                0x00012c54                LETIMER_Enable
 .text.LETIMER_Init
                0x00012c80       0xd0 ./platform/emlib/src/em_letimer.o
                0x00012c80                LETIMER_Init
 .text.MSC_Init
                0x00012d50       0x24 ./platform/emlib/src/em_msc.o
                0x00012d50                MSC_Init
 .text.MSC_Deinit
                0x00012d74       0x24 ./platform/emlib/src/em_msc.o
                0x00012d74                MSC_Deinit
 .text.RMU_ResetCauseClear
                0x00012d98       0x18 ./platform/emlib/src/em_rmu.o
                0x00012d98                RMU_ResetCauseClear
 .text.RMU_ResetCauseGet
                0x00012db0       0xdc ./platform/emlib/src/em_rmu.o
                0x00012db0                RMU_ResetCauseGet
 .text.BUS_RegBitWrite
                0x00012e8c       0x2c ./platform/emlib/src/em_rtcc.o
 .text.RTCC_ChannelInit
                0x00012eb8       0x5c ./platform/emlib/src/em_rtcc.o
                0x00012eb8                RTCC_ChannelInit
 .text.RTCC_Enable
                0x00012f14       0x20 ./platform/emlib/src/em_rtcc.o
                0x00012f14                RTCC_Enable
 .text.RTCC_Init
                0x00012f34       0x94 ./platform/emlib/src/em_rtcc.o
                0x00012f34                RTCC_Init
 .text.SYSTEM_ChipRevisionGet
                0x00012fc8       0x78 ./platform/emlib/src/em_system.o
                0x00012fc8                SYSTEM_ChipRevisionGet
 .text.USART_BaudrateSyncSet
                0x00013040       0x40 ./platform/emlib/src/em_usart.o
                0x00013040                USART_BaudrateSyncSet
 .text.USART_InitSync
                0x00013080       0xf0 ./platform/emlib/src/em_usart.o
                0x00013080                USART_InitSync
 .text.USART_Reset
                0x00013170       0x9c ./platform/emlib/src/em_usart.o
                0x00013170                USART_Reset
 .text.USART_SpiTransfer
                0x0001320c       0x40 ./platform/emlib/src/em_usart.o
                0x0001320c                USART_SpiTransfer
 .text.USART_Tx
                0x0001324c       0x2c ./platform/emlib/src/em_usart.o
                0x0001324c                USART_Tx
 .text.USART_TxDouble
                0x00013278       0x2c ./platform/emlib/src/em_usart.o
                0x00013278                USART_TxDouble
 .text.cmu_init_letimer0
                0x000132a4       0x34 ./src/cmu.o
                0x000132a4                cmu_init_letimer0
 .text.cmu_init_i2c
                0x000132d8       0x20 ./src/cmu.o
                0x000132d8                cmu_init_i2c
 .text.gpio_init
                0x000132f8       0x24 ./src/gpio.o
                0x000132f8                gpio_init
 .text.BUS_RegMaskedSet
                0x0001331c       0x24 ./src/i2c.o
 .text.BUS_RegMaskedClear
                0x00013340       0x24 ./src/i2c.o
 .text.GPIO_PinOutClear
                0x00013364       0x58 ./src/i2c.o
 .text.GPIO_PinOutSet
                0x000133bc       0x58 ./src/i2c.o
 .text.i2c_init
                0x00013414       0x28 ./src/i2c.o
                0x00013414                i2c_init
 .text.i2c_temp_read
                0x0001343c       0xc8 ./src/i2c.o
                0x0001343c                i2c_temp_read
 *fill*         0x00013504        0x4 
 .text.i2c_temp_celcius
                0x00013508       0x94 ./src/i2c.o
                0x00013508                i2c_temp_celcius
 .text.i2c_enable
                0x0001359c       0x70 ./src/i2c.o
                0x0001359c                i2c_enable
 .text.i2c_reset
                0x0001360c       0x30 ./src/i2c.o
                0x0001360c                i2c_reset
 .text.NVIC_EnableIRQ
                0x0001363c       0x30 ./src/letimer.o
 .text.BUS_RegMaskedSet
                0x0001366c       0x24 ./src/letimer.o
 .text.BUS_RegMaskedClear
                0x00013690       0x24 ./src/letimer.o
 .text.GPIO_PinOutClear
                0x000136b4       0x58 ./src/letimer.o
 .text.GPIO_PinOutSet
                0x0001370c       0x58 ./src/letimer.o
 .text.LETIMER_IntClear
                0x00013764       0x1c ./src/letimer.o
 .text.LETIMER_IntGet
                0x00013780       0x18 ./src/letimer.o
 .text.gecko_cmd_le_connection_get_rssi
                0x00013798       0x50 ./src/letimer.o
 .text.gecko_cmd_gatt_server_send_characteristic_notification
                0x000137e8       0x98 ./src/letimer.o
 .text.gecko_cmd_flash_ps_save
                0x00013880       0x8c ./src/letimer.o
 .text.gecko_cmd_flash_ps_load
                0x0001390c       0x50 ./src/letimer.o
 .text.gecko_cmd_flash_ps_erase
                0x0001395c       0x50 ./src/letimer.o
 .text.letimer_init
                0x000139ac       0x48 ./src/letimer.o
                0x000139ac                letimer_init
 .text.letimer_set_prescalar
                0x000139f4       0x5c ./src/letimer.o
                0x000139f4                letimer_set_prescalar
 .text.letimer_set_compvalue
                0x00013a50       0x6c ./src/letimer.o
                0x00013a50                letimer_set_compvalue
 .text.letimer_enable
                0x00013abc       0x2c ./src/letimer.o
                0x00013abc                letimer_enable
 .text.letimer_service
                0x00013ae8      0x178 ./src/letimer.o
                0x00013ae8                letimer_service
 .text.LETIMER0_IRQHandler
                0x00013c60       0x3c ./src/letimer.o
                0x00013c60                LETIMER0_IRQHandler
 .text.eventDefault
                0x00013c9c        0x2 C:\Users\Preshit\SimplicityStudio\v4_workspace\IOT_project\platform\radio\rail_lib\autogen\librail_release\librail_efr32xg1_gcc_release.a(rail_rf_hal.o)
 *fill*         0x00013c9e        0x2 
 .text.setRssiPeriod
                0x00013ca0       0x18 C:\Users\Preshit\SimplicityStudio\v4_workspace\IOT_project\platform\radio\rail_lib\autogen\librail_release\librail_efr32xg1_gcc_release.a(rail_rf_hal.o)
 .text.RFHAL_NotifyUserOfIrCal
                0x00013cb8       0x80 C:\Users\Preshit\SimplicityStudio\v4_workspace\IOT_project\platform\radio\rail_lib\autogen\librail_release\librail_efr32xg1_gcc_release.a(rail_rf_hal.o)
 .text.GENERIC_PHY_EventCallback
                0x00013d38      0x19c C:\Users\Preshit\SimplicityStudio\v4_workspace\IOT_project\platform\radio\rail_lib\autogen\librail_release\librail_efr32xg1_gcc_release.a(rail_rf_hal.o)
                0x00013d38                GENERIC_PHY_EventCallback
 .text.RFHAL_IntEnable
                0x00013ed4       0x56 C:\Users\Preshit\SimplicityStudio\v4_workspace\IOT_project\platform\radio\rail_lib\autogen\librail_release\librail_efr32xg1_gcc_release.a(rail_rf_hal.o)
                0x00013ed4                RFHAL_IntEnable
 *fill*         0x00013f2a        0x2 
 .text.RFHAL_SetEventCallback
                0x00013f2c       0x18 C:\Users\Preshit\SimplicityStudio\v4_workspace\IOT_project\platform\radio\rail_lib\autogen\librail_release\librail_efr32xg1_gcc_release.a(rail_rf_hal.o)
                0x00013f2c                RFHAL_SetEventCallback
 .text.RFHAL_SetPtiProtocol
                0x00013f44       0x20 C:\Users\Preshit\SimplicityStudio\v4_workspace\IOT_project\platform\radio\rail_lib\autogen\librail_release\librail_efr32xg1_gcc_release.a(rail_rf_hal.o)
                0x00013f44                RFHAL_SetPtiProtocol
 .text.RFHAL_Idle
                0x00013f64       0x40 C:\Users\Preshit\SimplicityStudio\v4_workspace\IOT_project\platform\radio\rail_lib\autogen\librail_release\librail_efr32xg1_gcc_release.a(rail_rf_hal.o)
                0x00013f64                RFHAL_Idle
 .text.RFHAL_GetRadioState
                0x00013fa4       0x7c C:\Users\Preshit\SimplicityStudio\v4_workspace\IOT_project\platform\radio\rail_lib\autogen\librail_release\librail_efr32xg1_gcc_release.a(rail_rf_hal.o)
                0x00013fa4                RFHAL_GetRadioState
 .text.RFHAL_OkToTransmit
                0x00014020       0x14 C:\Users\Preshit\SimplicityStudio\v4_workspace\IOT_project\platform\radio\rail_lib\autogen\librail_release\librail_efr32xg1_gcc_release.a(rail_rf_hal.o)
                0x00014020                RFHAL_OkToTransmit
 .text.RFHAL_ScheduleRx
                0x00014034       0x74 C:\Users\Preshit\SimplicityStudio\v4_workspace\IOT_project\platform\radio\rail_lib\autogen\librail_release\librail_efr32xg1_gcc_release.a(rail_rf_hal.o)
                0x00014034                RFHAL_ScheduleRx
 .text.RFHAL_EnableRxRawCapture
                0x000140a8       0x5c C:\Users\Preshit\SimplicityStudio\v4_workspace\IOT_project\platform\radio\rail_lib\autogen\librail_release\librail_efr32xg1_gcc_release.a(rail_rf_hal.o)
                0x000140a8                RFHAL_EnableRxRawCapture
 .text.RFHAL_DisableRxRawCapture
                0x00014104       0x38 C:\Users\Preshit\SimplicityStudio\v4_workspace\IOT_project\platform\radio\rail_lib\autogen\librail_release\librail_efr32xg1_gcc_release.a(rail_rf_hal.o)
                0x00014104                RFHAL_DisableRxRawCapture
 .text.RFHAL_AcceptCrcErrors
                0x0001413c       0x18 C:\Users\Preshit\SimplicityStudio\v4_workspace\IOT_project\platform\radio\rail_lib\autogen\librail_release\librail_efr32xg1_gcc_release.a(rail_rf_hal.o)
                0x0001413c                RFHAL_AcceptCrcErrors
 .text.RFHAL_ConfigRxOptions
                0x00014154       0x74 C:\Users\Preshit\SimplicityStudio\v4_workspace\IOT_project\platform\radio\rail_lib\autogen\librail_release\librail_efr32xg1_gcc_release.a(rail_rf_hal.o)
                0x00014154                RFHAL_ConfigRxOptions
 .text.RFHAL_CancelTimer
                0x000141c8       0x28 C:\Users\Preshit\SimplicityStudio\v4_workspace\IOT_project\platform\radio\rail_lib\autogen\librail_release\librail_efr32xg1_gcc_release.a(rail_rf_hal.o)
                0x000141c8                RFHAL_CancelTimer
 .text.RFHAL_SetTimer
                0x000141f0       0x80 C:\Users\Preshit\SimplicityStudio\v4_workspace\IOT_project\platform\radio\rail_lib\autogen\librail_release\librail_efr32xg1_gcc_release.a(rail_rf_hal.o)
                0x000141f0                RFHAL_SetTimer
 .text.RFHAL_SetTxTransitions
                0x00014270       0x1c C:\Users\Preshit\SimplicityStudio\v4_workspace\IOT_project\platform\radio\rail_lib\autogen\librail_release\librail_efr32xg1_gcc_release.a(rail_rf_hal.o)
                0x00014270                RFHAL_SetTxTransitions
 .text.RFHAL_SetRxTransitions
                0x0001428c       0x1c C:\Users\Preshit\SimplicityStudio\v4_workspace\IOT_project\platform\radio\rail_lib\autogen\librail_release\librail_efr32xg1_gcc_release.a(rail_rf_hal.o)
                0x0001428c                RFHAL_SetRxTransitions
 .text.RFHAL_SetCRCInitVal
                0x000142a8        0x4 C:\Users\Preshit\SimplicityStudio\v4_workspace\IOT_project\platform\radio\rail_lib\autogen\librail_release\librail_efr32xg1_gcc_release.a(rail_rf_hal.o)
                0x000142a8                RFHAL_SetCRCInitVal
 .text.RFHAL_ConfigTxPower
                0x000142ac        0xc C:\Users\Preshit\SimplicityStudio\v4_workspace\IOT_project\platform\radio\rail_lib\autogen\librail_release\librail_efr32xg1_gcc_release.a(rail_rf_hal.o)
                0x000142ac                RFHAL_ConfigTxPower
 .text.RFHAL_SetTxPowerUnchecked
                0x000142b8       0x18 C:\Users\Preshit\SimplicityStudio\v4_workspace\IOT_project\platform\radio\rail_lib\autogen\librail_release\librail_efr32xg1_gcc_release.a(rail_rf_hal.o)
                0x000142b8                RFHAL_SetTxPowerUnchecked
 .text.RFHAL_SetTxPower
                0x000142d0       0x3c C:\Users\Preshit\SimplicityStudio\v4_workspace\IOT_project\platform\radio\rail_lib\autogen\librail_release\librail_efr32xg1_gcc_release.a(rail_rf_hal.o)
                0x000142d0                RFHAL_SetTxPower
 .text.RFHAL_GetTxPowerConfig
                0x0001430c        0xc C:\Users\Preshit\SimplicityStudio\v4_workspace\IOT_project\platform\radio\rail_lib\autogen\librail_release\librail_efr32xg1_gcc_release.a(rail_rf_hal.o)
                0x0001430c                RFHAL_GetTxPowerConfig
 .text.RFHAL_GetTxPower
                0x00014318        0x4 C:\Users\Preshit\SimplicityStudio\v4_workspace\IOT_project\platform\radio\rail_lib\autogen\librail_release\librail_efr32xg1_gcc_release.a(rail_rf_hal.o)
                0x00014318                RFHAL_GetTxPower
 .text.RFHAL_SetChannel
                0x0001431c       0x98 C:\Users\Preshit\SimplicityStudio\v4_workspace\IOT_project\platform\radio\rail_lib\autogen\librail_release\librail_efr32xg1_gcc_release.a(rail_rf_hal.o)
                0x0001431c                RFHAL_SetChannel
 .text.RFHAL_IsAutoAckEnabled
                0x000143b4        0x6 C:\Users\Preshit\SimplicityStudio\v4_workspace\IOT_project\platform\radio\rail_lib\autogen\librail_release\librail_efr32xg1_gcc_release.a(rail_rf_hal.o)
                0x000143b4                RFHAL_IsAutoAckEnabled
 *fill*         0x000143ba        0x2 
 .text.RFHAL_AutoAckWaitForAck
                0x000143bc       0x18 C:\Users\Preshit\SimplicityStudio\v4_workspace\IOT_project\platform\radio\rail_lib\autogen\librail_release\librail_efr32xg1_gcc_release.a(rail_rf_hal.o)
                0x000143bc                RFHAL_AutoAckWaitForAck
 .text.preTxOps
                0x000143d4       0xc4 C:\Users\Preshit\SimplicityStudio\v4_workspace\IOT_project\platform\radio\rail_lib\autogen\librail_release\librail_efr32xg1_gcc_release.a(rail_rf_hal.o)
 .text.RFHAL_StartTx
                0x00014498       0x12 C:\Users\Preshit\SimplicityStudio\v4_workspace\IOT_project\platform\radio\rail_lib\autogen\librail_release\librail_efr32xg1_gcc_release.a(rail_rf_hal.o)
                0x00014498                RFHAL_StartTx
 .text.RFHAL_StartScheduledTx
                0x000144aa       0x3a C:\Users\Preshit\SimplicityStudio\v4_workspace\IOT_project\platform\radio\rail_lib\autogen\librail_release\librail_efr32xg1_gcc_release.a(rail_rf_hal.o)
                0x000144aa                RFHAL_StartScheduledTx
 .text.RFHAL_GetRxPacketInfo
                0x000144e4       0x48 C:\Users\Preshit\SimplicityStudio\v4_workspace\IOT_project\platform\radio\rail_lib\autogen\librail_release\librail_efr32xg1_gcc_release.a(rail_rf_hal.o)
                0x000144e4                RFHAL_GetRxPacketInfo
 .text.RFHAL_GetRxPacketDetails
                0x0001452c       0xcc C:\Users\Preshit\SimplicityStudio\v4_workspace\IOT_project\platform\radio\rail_lib\autogen\librail_release\librail_efr32xg1_gcc_release.a(rail_rf_hal.o)
                0x0001452c                RFHAL_GetRxPacketDetails
 .text.RFHAL_SetTxBuffer
                0x000145f8       0x3a C:\Users\Preshit\SimplicityStudio\v4_workspace\IOT_project\platform\radio\rail_lib\autogen\librail_release\librail_efr32xg1_gcc_release.a(rail_rf_hal.o)
                0x000145f8                RFHAL_SetTxBuffer
 *fill*         0x00014632        0x2 
 .text.RFHAL_ResetTxFifo
                0x00014634       0x2c C:\Users\Preshit\SimplicityStudio\v4_workspace\IOT_project\platform\radio\rail_lib\autogen\librail_release\librail_efr32xg1_gcc_release.a(rail_rf_hal.o)
                0x00014634                RFHAL_ResetTxFifo
 .text.RFHAL_WriteTxFifo
                0x00014660       0x28 C:\Users\Preshit\SimplicityStudio\v4_workspace\IOT_project\platform\radio\rail_lib\autogen\librail_release\librail_efr32xg1_gcc_release.a(rail_rf_hal.o)
                0x00014660                RFHAL_WriteTxFifo
 .text.RFHAL_ResetRxFifo
                0x00014688       0x40 C:\Users\Preshit\SimplicityStudio\v4_workspace\IOT_project\platform\radio\rail_lib\autogen\librail_release\librail_efr32xg1_gcc_release.a(rail_rf_hal.o)
                0x00014688                RFHAL_ResetRxFifo
 .text.RFHAL_ConfigData
                0x000146c8       0x7c C:\Users\Preshit\SimplicityStudio\v4_workspace\IOT_project\platform\radio\rail_lib\autogen\librail_release\librail_efr32xg1_gcc_release.a(rail_rf_hal.o)
                0x000146c8                RFHAL_ConfigData
 .text.RFHAL_Init
                0x00014744       0xa0 C:\Users\Preshit\SimplicityStudio\v4_workspace\IOT_project\platform\radio\rail_lib\autogen\librail_release\librail_efr32xg1_gcc_release.a(rail_rf_hal.o)
                0x00014744                RFHAL_Init
 .text.RFHAL_SetFixedLength
                0x000147e4       0x8c C:\Users\Preshit\SimplicityStudio\v4_workspace\IOT_project\platform\radio\rail_lib\autogen\librail_release\librail_efr32xg1_gcc_release.a(rail_rf_hal.o)
                0x000147e4                RFHAL_SetFixedLength
 .text.RFHAL_SetAbortScheduledTxDuringRx
                0x00014870       0x18 C:\Users\Preshit\SimplicityStudio\v4_workspace\IOT_project\platform\radio\rail_lib\autogen\librail_release\librail_efr32xg1_gcc_release.a(rail_rf_hal.o)
                0x00014870                RFHAL_SetAbortScheduledTxDuringRx
 .text.RFHAL_ConfigRadio
                0x00014888       0xe0 C:\Users\Preshit\SimplicityStudio\v4_workspace\IOT_project\platform\radio\rail_lib\autogen\librail_release\librail_efr32xg1_gcc_release.a(rail_rf_hal.o)
                0x00014888                RFHAL_ConfigRadio
 .text.RFHAL_GetTime
                0x00014968        0xe C:\Users\Preshit\SimplicityStudio\v4_workspace\IOT_project\platform\radio\rail_lib\autogen\librail_release\librail_efr32xg1_gcc_release.a(rail_rf_hal.o)
                0x00014968                RFHAL_GetTime
 .text.RFHAL_GetRadioEntropy
                0x00014976        0x4 C:\Users\Preshit\SimplicityStudio\v4_workspace\IOT_project\platform\radio\rail_lib\autogen\librail_release\librail_efr32xg1_gcc_release.a(rail_rf_hal.o)
                0x00014976                RFHAL_GetRadioEntropy
 .text.RFHAL_SetStateTiming
                0x0001497a       0x4e C:\Users\Preshit\SimplicityStudio\v4_workspace\IOT_project\platform\radio\rail_lib\autogen\librail_release\librail_efr32xg1_gcc_release.a(rail_rf_hal.o)
                0x0001497a                RFHAL_SetStateTiming
 .text.RAIL_Init
                0x000149c8       0x20 C:\Users\Preshit\SimplicityStudio\v4_workspace\IOT_project\platform\radio\rail_lib\autogen\librail_release\librail_efr32xg1_gcc_release.a(rail_singleprotocol.o)
                0x000149c8                RAIL_Init
 .text.RAIL_GetSchedulerStatus
                0x000149e8        0x4 C:\Users\Preshit\SimplicityStudio\v4_workspace\IOT_project\platform\radio\rail_lib\autogen\librail_release\librail_efr32xg1_gcc_release.a(rail_singleprotocol.o)
                0x000149e8                RAIL_GetSchedulerStatus
 .text.RAIL_Idle
                0x000149ec        0x8 C:\Users\Preshit\SimplicityStudio\v4_workspace\IOT_project\platform\radio\rail_lib\autogen\librail_release\librail_efr32xg1_gcc_release.a(rail_singleprotocol.o)
                0x000149ec                RAIL_Idle
 .text.RAIL_YieldRadio
                0x000149f4        0x2 C:\Users\Preshit\SimplicityStudio\v4_workspace\IOT_project\platform\radio\rail_lib\autogen\librail_release\librail_efr32xg1_gcc_release.a(rail_singleprotocol.o)
                0x000149f4                RAIL_YieldRadio
 .text.RAIL_GetRadioEntropy
                0x000149f6        0x8 C:\Users\Preshit\SimplicityStudio\v4_workspace\IOT_project\platform\radio\rail_lib\autogen\librail_release\librail_efr32xg1_gcc_release.a(rail_singleprotocol.o)
                0x000149f6                RAIL_GetRadioEntropy
 .text.RAIL_SetTimer
                0x000149fe       0x14 C:\Users\Preshit\SimplicityStudio\v4_workspace\IOT_project\platform\radio\rail_lib\autogen\librail_release\librail_efr32xg1_gcc_release.a(rail_singleprotocol.o)
                0x000149fe                RAIL_SetTimer
 .text.RAIL_CancelTimer
                0x00014a12        0x4 C:\Users\Preshit\SimplicityStudio\v4_workspace\IOT_project\platform\radio\rail_lib\autogen\librail_release\librail_efr32xg1_gcc_release.a(rail_singleprotocol.o)
                0x00014a12                RAIL_CancelTimer
 .text.RAIL_StartTx
                0x00014a16        0xa C:\Users\Preshit\SimplicityStudio\v4_workspace\IOT_project\platform\radio\rail_lib\autogen\librail_release\librail_efr32xg1_gcc_release.a(rail_singleprotocol.o)
                0x00014a16                RAIL_StartTx
 .text.RAIL_StartScheduledTx
                0x00014a20        0xa C:\Users\Preshit\SimplicityStudio\v4_workspace\IOT_project\platform\radio\rail_lib\autogen\librail_release\librail_efr32xg1_gcc_release.a(rail_singleprotocol.o)
                0x00014a20                RAIL_StartScheduledTx
 .text.RAIL_ScheduleRx
                0x00014a2a        0xa C:\Users\Preshit\SimplicityStudio\v4_workspace\IOT_project\platform\radio\rail_lib\autogen\librail_release\librail_efr32xg1_gcc_release.a(rail_singleprotocol.o)
                0x00014a2a                RAIL_ScheduleRx
 .text.radioConfigChangedDefault
                0x00014a34        0x2 C:\Users\Preshit\SimplicityStudio\v4_workspace\IOT_project\platform\radio\rail_lib\autogen\librail_release\librail_efr32xg1_gcc_release.a(rail_rf.o)
 .text.isTransitionState
                0x00014a36       0x12 C:\Users\Preshit\SimplicityStudio\v4_workspace\IOT_project\platform\radio\rail_lib\autogen\librail_release\librail_efr32xg1_gcc_release.a(rail_rf.o)
 .text.RAILCore_Init
                0x00014a48       0x12 C:\Users\Preshit\SimplicityStudio\v4_workspace\IOT_project\platform\radio\rail_lib\autogen\librail_release\librail_efr32xg1_gcc_release.a(rail_rf.o)
                0x00014a48                RAILCore_Init
 *fill*         0x00014a5a        0x2 
 .text.RAILInt_SetCallbackConfig
                0x00014a5c       0x20 C:\Users\Preshit\SimplicityStudio\v4_workspace\IOT_project\platform\radio\rail_lib\autogen\librail_release\librail_efr32xg1_gcc_release.a(rail_rf.o)
                0x00014a5c                RAILInt_SetCallbackConfig
 .text.RAILCore_Idle
                0x00014a7c       0x14 C:\Users\Preshit\SimplicityStudio\v4_workspace\IOT_project\platform\radio\rail_lib\autogen\librail_release\librail_efr32xg1_gcc_release.a(rail_rf.o)
                0x00014a7c                RAILCore_Idle
 .text.RAILCore_GetRadioState
                0x00014a90        0x4 C:\Users\Preshit\SimplicityStudio\v4_workspace\IOT_project\platform\radio\rail_lib\autogen\librail_release\librail_efr32xg1_gcc_release.a(rail_rf.o)
                0x00014a90                RAILCore_GetRadioState
 .text.RAIL_SetStateTiming
                0x00014a94        0xa C:\Users\Preshit\SimplicityStudio\v4_workspace\IOT_project\platform\radio\rail_lib\autogen\librail_release\librail_efr32xg1_gcc_release.a(rail_rf.o)
                0x00014a94                RAIL_SetStateTiming
 *fill*         0x00014a9e        0x2 
 .text.RAILInt_IsPowerInRange
                0x00014aa0       0x3c C:\Users\Preshit\SimplicityStudio\v4_workspace\IOT_project\platform\radio\rail_lib\autogen\librail_release\librail_efr32xg1_gcc_release.a(rail_rf.o)
                0x00014aa0                RAILInt_IsPowerInRange
 .text.RAILInt_SetChannel
                0x00014adc      0x1d8 C:\Users\Preshit\SimplicityStudio\v4_workspace\IOT_project\platform\radio\rail_lib\autogen\librail_release\librail_efr32xg1_gcc_release.a(rail_rf.o)
                0x00014adc                RAILInt_SetChannel
 .text.RAILCore_ConfigChannels
                0x00014cb4       0x58 C:\Users\Preshit\SimplicityStudio\v4_workspace\IOT_project\platform\radio\rail_lib\autogen\librail_release\librail_efr32xg1_gcc_release.a(rail_rf.o)
                0x00014cb4                RAILCore_ConfigChannels
 .text.RAILInt_GetChannel
                0x00014d0c        0x4 C:\Users\Preshit\SimplicityStudio\v4_workspace\IOT_project\platform\radio\rail_lib\autogen\librail_release\librail_efr32xg1_gcc_release.a(rail_rf.o)
                0x00014d0c                RAILInt_GetChannel
 .text.RAILCore_SetTxTransitions
                0x00014d10       0x3c C:\Users\Preshit\SimplicityStudio\v4_workspace\IOT_project\platform\radio\rail_lib\autogen\librail_release\librail_efr32xg1_gcc_release.a(rail_rf.o)
                0x00014d10                RAILCore_SetTxTransitions
 .text.RAIL_SetTxTransitions
                0x00014d4c        0xa C:\Users\Preshit\SimplicityStudio\v4_workspace\IOT_project\platform\radio\rail_lib\autogen\librail_release\librail_efr32xg1_gcc_release.a(rail_rf.o)
                0x00014d4c                RAIL_SetTxTransitions
 .text.RAILCore_SetRxTransitions
                0x00014d56       0x38 C:\Users\Preshit\SimplicityStudio\v4_workspace\IOT_project\platform\radio\rail_lib\autogen\librail_release\librail_efr32xg1_gcc_release.a(rail_rf.o)
                0x00014d56                RAILCore_SetRxTransitions
 .text.RAIL_SetRxTransitions
                0x00014d8e        0xa C:\Users\Preshit\SimplicityStudio\v4_workspace\IOT_project\platform\radio\rail_lib\autogen\librail_release\librail_efr32xg1_gcc_release.a(rail_rf.o)
                0x00014d8e                RAIL_SetRxTransitions
 .text.RAIL_ConfigEvents
                0x00014d98       0x14 C:\Users\Preshit\SimplicityStudio\v4_workspace\IOT_project\platform\radio\rail_lib\autogen\librail_release\librail_efr32xg1_gcc_release.a(rail_rf.o)
                0x00014d98                RAIL_ConfigEvents
 .text.RAIL_ConfigRxOptions
                0x00014dac        0xa C:\Users\Preshit\SimplicityStudio\v4_workspace\IOT_project\platform\radio\rail_lib\autogen\librail_release\librail_efr32xg1_gcc_release.a(rail_rx.o)
                0x00014dac                RAIL_ConfigRxOptions
 .text.RAILCore_ScheduleRx
                0x00014db6       0x2c C:\Users\Preshit\SimplicityStudio\v4_workspace\IOT_project\platform\radio\rail_lib\autogen\librail_release\librail_efr32xg1_gcc_release.a(rail_rx.o)
                0x00014db6                RAILCore_ScheduleRx
 .text.RAILInt_PreTxOps
                0x00014de2       0x1c C:\Users\Preshit\SimplicityStudio\v4_workspace\IOT_project\platform\radio\rail_lib\autogen\librail_release\librail_efr32xg1_gcc_release.a(rail_tx.o)
                0x00014de2                RAILInt_PreTxOps
 .text.RAILCore_StartTx
                0x00014dfe       0x1a C:\Users\Preshit\SimplicityStudio\v4_workspace\IOT_project\platform\radio\rail_lib\autogen\librail_release\librail_efr32xg1_gcc_release.a(rail_tx.o)
                0x00014dfe                RAILCore_StartTx
 .text.RAILCore_StartScheduledTx
                0x00014e18       0x1e C:\Users\Preshit\SimplicityStudio\v4_workspace\IOT_project\platform\radio\rail_lib\autogen\librail_release\librail_efr32xg1_gcc_release.a(rail_tx.o)
                0x00014e18                RAILCore_StartScheduledTx
 .text.RAIL_SetTxPower
                0x00014e36        0xa C:\Users\Preshit\SimplicityStudio\v4_workspace\IOT_project\platform\radio\rail_lib\autogen\librail_release\librail_efr32xg1_gcc_release.a(rail_tx.o)
                0x00014e36                RAIL_SetTxPower
 .text.RAIL_GetTxPower
                0x00014e40        0xa C:\Users\Preshit\SimplicityStudio\v4_workspace\IOT_project\platform\radio\rail_lib\autogen\librail_release\librail_efr32xg1_gcc_release.a(rail_tx.o)
                0x00014e40                RAIL_GetTxPower
 .text.RAIL_ConfigTxPower
                0x00014e4a       0x1a C:\Users\Preshit\SimplicityStudio\v4_workspace\IOT_project\platform\radio\rail_lib\autogen\librail_release\librail_efr32xg1_gcc_release.a(rail_tx.o)
                0x00014e4a                RAIL_ConfigTxPower
 .text.RAILInt_PendCal
                0x00014e64       0x24 C:\Users\Preshit\SimplicityStudio\v4_workspace\IOT_project\platform\radio\rail_lib\autogen\librail_release\librail_efr32xg1_gcc_release.a(rail_calibration.o)
                0x00014e64                RAILInt_PendCal
 .text.RAILCb_AssertFailed
                0x00014e88       0x14 C:\Users\Preshit\SimplicityStudio\v4_workspace\IOT_project\platform\radio\rail_lib\autogen\librail_release\librail_efr32xg1_gcc_release.a(rail_assert.o)
                0x00014e88                RAILCb_AssertFailed
 .text.RAILInt_Assert
                0x00014e9c       0x1c C:\Users\Preshit\SimplicityStudio\v4_workspace\IOT_project\platform\radio\rail_lib\autogen\librail_release\librail_efr32xg1_gcc_release.a(rail_assert.o)
                0x00014e9c                RAILInt_Assert
 .text.RAILCore_GetRadioEntropy
                0x00014eb8        0x4 C:\Users\Preshit\SimplicityStudio\v4_workspace\IOT_project\platform\radio\rail_lib\autogen\librail_release\librail_efr32xg1_gcc_release.a(rail_rssi.o)
                0x00014eb8                RAILCore_GetRadioEntropy
 .text.BUFC_ReadHelper
                0x00014ebc       0x7c C:\Users\Preshit\SimplicityStudio\v4_workspace\IOT_project\platform\radio\rail_lib\autogen\librail_release\librail_efr32xg1_gcc_release.a(bufc.o)
 .text.checkAndAddRxLenOverflowEntry
                0x00014f38       0x3c C:\Users\Preshit\SimplicityStudio\v4_workspace\IOT_project\platform\radio\rail_lib\autogen\librail_release\librail_efr32xg1_gcc_release.a(bufc.o)
 .text.BUFC_SetTxBuffer
                0x00014f74       0x38 C:\Users\Preshit\SimplicityStudio\v4_workspace\IOT_project\platform\radio\rail_lib\autogen\librail_release\librail_efr32xg1_gcc_release.a(bufc.o)
                0x00014f74                BUFC_SetTxBuffer
 .text.BUFC_WriteBuffer
                0x00014fac       0xa8 C:\Users\Preshit\SimplicityStudio\v4_workspace\IOT_project\platform\radio\rail_lib\autogen\librail_release\librail_efr32xg1_gcc_release.a(bufc.o)
                0x00014fac                BUFC_WriteBuffer
 .text.BUFC_Peek
                0x00015054       0x12 C:\Users\Preshit\SimplicityStudio\v4_workspace\IOT_project\platform\radio\rail_lib\autogen\librail_release\librail_efr32xg1_gcc_release.a(bufc.o)
                0x00015054                BUFC_Peek
 .text.BUFC_PeekByte
                0x00015066       0x34 C:\Users\Preshit\SimplicityStudio\v4_workspace\IOT_project\platform\radio\rail_lib\autogen\librail_release\librail_efr32xg1_gcc_release.a(bufc.o)
                0x00015066                BUFC_PeekByte
 *fill*         0x0001509a        0x2 
 .text.BUFC_GetSpaceAvailable
                0x0001509c       0x28 C:\Users\Preshit\SimplicityStudio\v4_workspace\IOT_project\platform\radio\rail_lib\autogen\librail_release\librail_efr32xg1_gcc_release.a(bufc.o)
                0x0001509c                BUFC_GetSpaceAvailable
 .text.BUFC_GetBytesAvailable
                0x000150c4       0x14 C:\Users\Preshit\SimplicityStudio\v4_workspace\IOT_project\platform\radio\rail_lib\autogen\librail_release\librail_efr32xg1_gcc_release.a(bufc.o)
                0x000150c4                BUFC_GetBytesAvailable
 .text.BUFC_TxAckBufferSet
                0x000150d8       0x38 C:\Users\Preshit\SimplicityStudio\v4_workspace\IOT_project\platform\radio\rail_lib\autogen\librail_release\librail_efr32xg1_gcc_release.a(bufc.o)
                0x000150d8                BUFC_TxAckBufferSet
 .text.BUFC_TxAckBufferReset
                0x00015110        0x8 C:\Users\Preshit\SimplicityStudio\v4_workspace\IOT_project\platform\radio\rail_lib\autogen\librail_release\librail_efr32xg1_gcc_release.a(bufc.o)
                0x00015110                BUFC_TxAckBufferReset
 .text.BUFC_RxBufferReset
                0x00015118       0x5c C:\Users\Preshit\SimplicityStudio\v4_workspace\IOT_project\platform\radio\rail_lib\autogen\librail_release\librail_efr32xg1_gcc_release.a(bufc.o)
                0x00015118                BUFC_RxBufferReset
 .text.BUFC_Init
                0x00015174       0x98 C:\Users\Preshit\SimplicityStudio\v4_workspace\IOT_project\platform\radio\rail_lib\autogen\librail_release\librail_efr32xg1_gcc_release.a(bufc.o)
                0x00015174                BUFC_Init
 .text.BUFC_RxBufferBytesAvailable
                0x0001520c       0x10 C:\Users\Preshit\SimplicityStudio\v4_workspace\IOT_project\platform\radio\rail_lib\autogen\librail_release\librail_efr32xg1_gcc_release.a(bufc.o)
                0x0001520c                BUFC_RxBufferBytesAvailable
 .text.BUFC_ReleaseRxPacket
                0x0001521c      0x10c C:\Users\Preshit\SimplicityStudio\v4_workspace\IOT_project\platform\radio\rail_lib\autogen\librail_release\librail_efr32xg1_gcc_release.a(bufc.o)
                0x0001521c                BUFC_ReleaseRxPacket
 .text.BUFC_StartRxLenThrEvent
                0x00015328       0x8c C:\Users\Preshit\SimplicityStudio\v4_workspace\IOT_project\platform\radio\rail_lib\autogen\librail_release\librail_efr32xg1_gcc_release.a(bufc.o)
                0x00015328                BUFC_StartRxLenThrEvent
 .text.BUFC_EndRxLenThrEvent
                0x000153b4       0x1c C:\Users\Preshit\SimplicityStudio\v4_workspace\IOT_project\platform\radio\rail_lib\autogen\librail_release\librail_efr32xg1_gcc_release.a(bufc.o)
                0x000153b4                BUFC_EndRxLenThrEvent
 .text.BUFC_HandleRxLenOvfEvent
                0x000153d0       0x28 C:\Users\Preshit\SimplicityStudio\v4_workspace\IOT_project\platform\radio\rail_lib\autogen\librail_release\librail_efr32xg1_gcc_release.a(bufc.o)
                0x000153d0                BUFC_HandleRxLenOvfEvent
 .text.BUFC_GetRxPacketInfo
                0x000153f8      0x138 C:\Users\Preshit\SimplicityStudio\v4_workspace\IOT_project\platform\radio\rail_lib\autogen\librail_release\librail_efr32xg1_gcc_release.a(bufc.o)
                0x000153f8                BUFC_GetRxPacketInfo
 .text.IRCAL_Set
                0x00015530       0x1c C:\Users\Preshit\SimplicityStudio\v4_workspace\IOT_project\platform\radio\rail_lib\autogen\librail_release\librail_efr32xg1_gcc_release.a(ir_cal.o)
                0x00015530                IRCAL_Set
 .text.IRCAL_Init
                0x0001554c       0xa8 C:\Users\Preshit\SimplicityStudio\v4_workspace\IOT_project\platform\radio\rail_lib\autogen\librail_release\librail_efr32xg1_gcc_release.a(ir_cal.o)
                0x0001554c                IRCAL_Init
 .text.PA_ProtectPa
                0x000155f4       0xbc C:\Users\Preshit\SimplicityStudio\v4_workspace\IOT_project\platform\radio\rail_lib\autogen\librail_release\librail_efr32xg1_gcc_release.a(pa.o)
 .text.getRampTimeFromLevelAndRate
                0x000156b0       0x20 C:\Users\Preshit\SimplicityStudio\v4_workspace\IOT_project\platform\radio\rail_lib\autogen\librail_release\librail_efr32xg1_gcc_release.a(pa.o)
 .text.PA_GetTxPowerConfig
                0x000156d0       0x14 C:\Users\Preshit\SimplicityStudio\v4_workspace\IOT_project\platform\radio\rail_lib\autogen\librail_release\librail_efr32xg1_gcc_release.a(pa.o)
                0x000156d0                PA_GetTxPowerConfig
 .text.PA_GetPowerLevel
                0x000156e4        0xc C:\Users\Preshit\SimplicityStudio\v4_workspace\IOT_project\platform\radio\rail_lib\autogen\librail_release\librail_efr32xg1_gcc_release.a(pa.o)
                0x000156e4                PA_GetPowerLevel
 .text.PA_SetPowerLevel
                0x000156f0      0x194 C:\Users\Preshit\SimplicityStudio\v4_workspace\IOT_project\platform\radio\rail_lib\autogen\librail_release\librail_efr32xg1_gcc_release.a(pa.o)
                0x000156f0                PA_SetPowerLevel
 .text.PA_RunPeakDetectorHigh
                0x00015884       0x4c C:\Users\Preshit\SimplicityStudio\v4_workspace\IOT_project\platform\radio\rail_lib\autogen\librail_release\librail_efr32xg1_gcc_release.a(pa.o)
                0x00015884                PA_RunPeakDetectorHigh
 .text.PA_RunPeakDetectorLow
                0x000158d0        0x2 C:\Users\Preshit\SimplicityStudio\v4_workspace\IOT_project\platform\radio\rail_lib\autogen\librail_release\librail_efr32xg1_gcc_release.a(pa.o)
                0x000158d0                PA_RunPeakDetectorLow
 *fill*         0x000158d2        0x2 
 .text.PA_RunBatHigh
                0x000158d4       0x2c C:\Users\Preshit\SimplicityStudio\v4_workspace\IOT_project\platform\radio\rail_lib\autogen\librail_release\librail_efr32xg1_gcc_release.a(pa.o)
                0x000158d4                PA_RunBatHigh
 .text.PA_GetRampTime
                0x00015900        0xc C:\Users\Preshit\SimplicityStudio\v4_workspace\IOT_project\platform\radio\rail_lib\autogen\librail_release\librail_efr32xg1_gcc_release.a(pa.o)
                0x00015900                PA_GetRampTime
 .text.PA_ConfigRamp
                0x0001590c       0x20 C:\Users\Preshit\SimplicityStudio\v4_workspace\IOT_project\platform\radio\rail_lib\autogen\librail_release\librail_efr32xg1_gcc_release.a(pa.o)
                0x0001590c                PA_ConfigRamp
 .text.PA_CalcRampTime
                0x0001592c       0x44 C:\Users\Preshit\SimplicityStudio\v4_workspace\IOT_project\platform\radio\rail_lib\autogen\librail_release\librail_efr32xg1_gcc_release.a(pa.o)
                0x0001592c                PA_CalcRampTime
 .text.PA_SetRampTime
                0x00015970       0xac C:\Users\Preshit\SimplicityStudio\v4_workspace\IOT_project\platform\radio\rail_lib\autogen\librail_release\librail_efr32xg1_gcc_release.a(pa.o)
                0x00015970                PA_SetRampTime
 .text.PA_SelectBand
                0x00015a1c       0x50 C:\Users\Preshit\SimplicityStudio\v4_workspace\IOT_project\platform\radio\rail_lib\autogen\librail_release\librail_efr32xg1_gcc_release.a(pa.o)
                0x00015a1c                PA_SelectBand
 .text.PA_Config
                0x00015a6c      0x15c C:\Users\Preshit\SimplicityStudio\v4_workspace\IOT_project\platform\radio\rail_lib\autogen\librail_release\librail_efr32xg1_gcc_release.a(pa.o)
                0x00015a6c                PA_Config
 .text.PA_UpdateConfig
                0x00015bc8       0x38 C:\Users\Preshit\SimplicityStudio\v4_workspace\IOT_project\platform\radio\rail_lib\autogen\librail_release\librail_efr32xg1_gcc_release.a(pa.o)
                0x00015bc8                PA_UpdateConfig
 .text.PROTIMER_Init
                0x00015c00      0x108 C:\Users\Preshit\SimplicityStudio\v4_workspace\IOT_project\platform\radio\rail_lib\autogen\librail_release\librail_efr32xg1_gcc_release.a(protimer.o)
                0x00015c00                PROTIMER_Init
 .text.PROTIMER_Start
                0x00015d08       0x1c C:\Users\Preshit\SimplicityStudio\v4_workspace\IOT_project\platform\radio\rail_lib\autogen\librail_release\librail_efr32xg1_gcc_release.a(protimer.o)
                0x00015d08                PROTIMER_Start
 .text.PROTIMER_IsRunning
                0x00015d24       0x10 C:\Users\Preshit\SimplicityStudio\v4_workspace\IOT_project\platform\radio\rail_lib\autogen\librail_release\librail_efr32xg1_gcc_release.a(protimer.o)
                0x00015d24                PROTIMER_IsRunning
 .text.PROTIMER_ElapsedTime
                0x00015d34       0x18 C:\Users\Preshit\SimplicityStudio\v4_workspace\IOT_project\platform\radio\rail_lib\autogen\librail_release\librail_efr32xg1_gcc_release.a(protimer.o)
                0x00015d34                PROTIMER_ElapsedTime
 .text.PROTIMER_CCTimerStop
                0x00015d4c       0x20 C:\Users\Preshit\SimplicityStudio\v4_workspace\IOT_project\platform\radio\rail_lib\autogen\librail_release\librail_efr32xg1_gcc_release.a(protimer.o)
                0x00015d4c                PROTIMER_CCTimerStop
 .text.PROTIMER_CCTimerStart
                0x00015d6c      0x164 C:\Users\Preshit\SimplicityStudio\v4_workspace\IOT_project\platform\radio\rail_lib\autogen\librail_release\librail_efr32xg1_gcc_release.a(protimer.o)
                0x00015d6c                PROTIMER_CCTimerStart
 .text.PROTIMER_WrapMultiple
                0x00015ed0       0x12 C:\Users\Preshit\SimplicityStudio\v4_workspace\IOT_project\platform\radio\rail_lib\autogen\librail_release\librail_efr32xg1_gcc_release.a(protimer.o)
                0x00015ed0                PROTIMER_WrapMultiple
 *fill*         0x00015ee2        0x2 
 .text.PROTIMER_CCTimerIsEnabled
                0x00015ee4       0x10 C:\Users\Preshit\SimplicityStudio\v4_workspace\IOT_project\platform\radio\rail_lib\autogen\librail_release\librail_efr32xg1_gcc_release.a(protimer.o)
                0x00015ee4                PROTIMER_CCTimerIsEnabled
 .text.PROTIMER_CCTimerCapture
                0x00015ef4       0x14 C:\Users\Preshit\SimplicityStudio\v4_workspace\IOT_project\platform\radio\rail_lib\autogen\librail_release\librail_efr32xg1_gcc_release.a(protimer.o)
                0x00015ef4                PROTIMER_CCTimerCapture
 .text.PROTIMER_ScheduleTxEnable
                0x00015f08       0x2c C:\Users\Preshit\SimplicityStudio\v4_workspace\IOT_project\platform\radio\rail_lib\autogen\librail_release\librail_efr32xg1_gcc_release.a(protimer.o)
                0x00015f08                PROTIMER_ScheduleTxEnable
 .text.PROTIMER_ClearTxEnable
                0x00015f34        0xc C:\Users\Preshit\SimplicityStudio\v4_workspace\IOT_project\platform\radio\rail_lib\autogen\librail_release\librail_efr32xg1_gcc_release.a(protimer.o)
                0x00015f34                PROTIMER_ClearTxEnable
 .text.PROTIMER_ScheduleRxEnable
                0x00015f40       0x2c C:\Users\Preshit\SimplicityStudio\v4_workspace\IOT_project\platform\radio\rail_lib\autogen\librail_release\librail_efr32xg1_gcc_release.a(protimer.o)
                0x00015f40                PROTIMER_ScheduleRxEnable
 .text.PROTIMER_ScheduleRxDisable
                0x00015f6c       0x38 C:\Users\Preshit\SimplicityStudio\v4_workspace\IOT_project\platform\radio\rail_lib\autogen\librail_release\librail_efr32xg1_gcc_release.a(protimer.o)
                0x00015f6c                PROTIMER_ScheduleRxDisable
 .text.PROTIMER_ClearRxEnable
                0x00015fa4       0x10 C:\Users\Preshit\SimplicityStudio\v4_workspace\IOT_project\platform\radio\rail_lib\autogen\librail_release\librail_efr32xg1_gcc_release.a(protimer.o)
                0x00015fa4                PROTIMER_ClearRxEnable
 .text.PROTIMER_GetTime
                0x00015fb4        0xc C:\Users\Preshit\SimplicityStudio\v4_workspace\IOT_project\platform\radio\rail_lib\autogen\librail_release\librail_efr32xg1_gcc_release.a(protimer.o)
                0x00015fb4                PROTIMER_GetTime
 .text.PROTIMER_GetCCTime
                0x00015fc0        0xc C:\Users\Preshit\SimplicityStudio\v4_workspace\IOT_project\platform\radio\rail_lib\autogen\librail_release\librail_efr32xg1_gcc_release.a(protimer.o)
                0x00015fc0                PROTIMER_GetCCTime
 .text.PROTIMER_LBTStop
                0x00015fcc       0x18 C:\Users\Preshit\SimplicityStudio\v4_workspace\IOT_project\platform\radio\rail_lib\autogen\librail_release\librail_efr32xg1_gcc_release.a(protimer.o)
                0x00015fcc                PROTIMER_LBTStop
 .text.PROTIMER_PrecntOverflowToUs
                0x00015fe4       0x38 C:\Users\Preshit\SimplicityStudio\v4_workspace\IOT_project\platform\radio\rail_lib\autogen\librail_release\librail_efr32xg1_gcc_release.a(protimer.o)
                0x00015fe4                PROTIMER_PrecntOverflowToUs
 .text.PROTIMER_UsToPrecntOverflow
                0x0001601c       0x2c C:\Users\Preshit\SimplicityStudio\v4_workspace\IOT_project\platform\radio\rail_lib\autogen\librail_release\librail_efr32xg1_gcc_release.a(protimer.o)
                0x0001601c                PROTIMER_UsToPrecntOverflow
 .text.PROTIMER_DelayUs
                0x00016048       0x44 C:\Users\Preshit\SimplicityStudio\v4_workspace\IOT_project\platform\radio\rail_lib\autogen\librail_release\librail_efr32xg1_gcc_release.a(protimer.o)
                0x00016048                PROTIMER_DelayUs
 .text.PROTIMER_CheckCcaReallyFailed
                0x0001608c       0xbc C:\Users\Preshit\SimplicityStudio\v4_workspace\IOT_project\platform\radio\rail_lib\autogen\librail_release\librail_efr32xg1_gcc_release.a(protimer.o)
                0x0001608c                PROTIMER_CheckCcaReallyFailed
 .text.PTI_EnableAppendedInfo
                0x00016148       0x18 C:\Users\Preshit\SimplicityStudio\v4_workspace\IOT_project\platform\radio\rail_lib\autogen\librail_release\librail_efr32xg1_gcc_release.a(pti.o)
                0x00016148                PTI_EnableAppendedInfo
 .text.PTI_Enable
                0x00016160       0x58 C:\Users\Preshit\SimplicityStudio\v4_workspace\IOT_project\platform\radio\rail_lib\autogen\librail_release\librail_efr32xg1_gcc_release.a(pti.o)
                0x00016160                PTI_Enable
 .text.PTI_AuxdataOutput
                0x000161b8       0x1c C:\Users\Preshit\SimplicityStudio\v4_workspace\IOT_project\platform\radio\rail_lib\autogen\librail_release\librail_efr32xg1_gcc_release.a(pti.o)
                0x000161b8                PTI_AuxdataOutput
 .text.PTI_EnableSyncword
                0x000161d4       0x18 C:\Users\Preshit\SimplicityStudio\v4_workspace\IOT_project\platform\radio\rail_lib\autogen\librail_release\librail_efr32xg1_gcc_release.a(pti.o)
                0x000161d4                PTI_EnableSyncword
 .text.RADIO_SetAndForgetWrite
                0x000161ec       0x8c C:\Users\Preshit\SimplicityStudio\v4_workspace\IOT_project\platform\radio\rail_lib\autogen\librail_release\librail_efr32xg1_gcc_release.a(radio.o)
                0x000161ec                RADIO_SetAndForgetWrite
 .text.RADIO_SeqInit
                0x00016278       0x68 C:\Users\Preshit\SimplicityStudio\v4_workspace\IOT_project\platform\radio\rail_lib\autogen\librail_release\librail_efr32xg1_gcc_release.a(radio.o)
                0x00016278                RADIO_SeqInit
 .text.RADIO_CLKEnable
                0x000162e0       0x68 C:\Users\Preshit\SimplicityStudio\v4_workspace\IOT_project\platform\radio\rail_lib\autogen\librail_release\librail_efr32xg1_gcc_release.a(radio.o)
                0x000162e0                RADIO_CLKEnable
 .text.RADIO_Init
                0x00016348       0x40 C:\Users\Preshit\SimplicityStudio\v4_workspace\IOT_project\platform\radio\rail_lib\autogen\librail_release\librail_efr32xg1_gcc_release.a(radio.o)
                0x00016348                RADIO_Init
 .text.RADIO_Config
                0x00016388       0xa8 C:\Users\Preshit\SimplicityStudio\v4_workspace\IOT_project\platform\radio\rail_lib\autogen\librail_release\librail_efr32xg1_gcc_release.a(radio.o)
                0x00016388                RADIO_Config
 .text.RADIO_IsRxOnForRssi
                0x00016430       0x18 C:\Users\Preshit\SimplicityStudio\v4_workspace\IOT_project\platform\radio\rail_lib\autogen\librail_release\librail_efr32xg1_gcc_release.a(radio.o)
                0x00016430                RADIO_IsRxOnForRssi
 .text.RADIO_RxTrailDataLength
                0x00016448       0x3c C:\Users\Preshit\SimplicityStudio\v4_workspace\IOT_project\platform\radio\rail_lib\autogen\librail_release\librail_efr32xg1_gcc_release.a(radio.o)
                0x00016448                RADIO_RxTrailDataLength
 .text.RADIO_FrameControlDescrBufferIdSet
                0x00016484       0x20 C:\Users\Preshit\SimplicityStudio\v4_workspace\IOT_project\platform\radio\rail_lib\autogen\librail_release\librail_efr32xg1_gcc_release.a(radio.o)
                0x00016484                RADIO_FrameControlDescrBufferIdSet
 .text.RADIO_ComputeTxBaudrate
                0x000164a4       0x28 C:\Users\Preshit\SimplicityStudio\v4_workspace\IOT_project\platform\radio\rail_lib\autogen\librail_release\librail_efr32xg1_gcc_release.a(radio.o)
                0x000164a4                RADIO_ComputeTxBaudrate
 .text.RADIO_ComputeTxSymbolRate
                0x000164cc       0x2c C:\Users\Preshit\SimplicityStudio\v4_workspace\IOT_project\platform\radio\rail_lib\autogen\librail_release\librail_efr32xg1_gcc_release.a(radio.o)
                0x000164cc                RADIO_ComputeTxSymbolRate
 .text.RADIO_ComputeTxBitRate
                0x000164f8       0x50 C:\Users\Preshit\SimplicityStudio\v4_workspace\IOT_project\platform\radio\rail_lib\autogen\librail_release\librail_efr32xg1_gcc_release.a(radio.o)
                0x000164f8                RADIO_ComputeTxBitRate
 .text.RADIO_GetRssi
                0x00016548       0x54 C:\Users\Preshit\SimplicityStudio\v4_workspace\IOT_project\platform\radio\rail_lib\autogen\librail_release\librail_efr32xg1_gcc_release.a(radio.o)
                0x00016548                RADIO_GetRssi
 .text.RADIO_SetCRCInitVal
                0x0001659c       0x10 C:\Users\Preshit\SimplicityStudio\v4_workspace\IOT_project\platform\radio\rail_lib\autogen\librail_release\librail_efr32xg1_gcc_release.a(radio.o)
                0x0001659c                RADIO_SetCRCInitVal
 .text.RADIO_RACClearRxOverflow
                0x000165ac       0x20 C:\Users\Preshit\SimplicityStudio\v4_workspace\IOT_project\platform\radio\rail_lib\autogen\librail_release\librail_efr32xg1_gcc_release.a(radio.o)
                0x000165ac                RADIO_RACClearRxOverflow
 .text.RFSENSE_Disable
                0x000165cc       0x44 C:\Users\Preshit\SimplicityStudio\v4_workspace\IOT_project\platform\radio\rail_lib\autogen\librail_release\librail_efr32xg1_gcc_release.a(rfsense.o)
 .text.RFSENSE_Sensed
                0x00016610       0x50 C:\Users\Preshit\SimplicityStudio\v4_workspace\IOT_project\platform\radio\rail_lib\autogen\librail_release\librail_efr32xg1_gcc_release.a(rfsense.o)
                0x00016610                RFSENSE_Sensed
 .text.RFSENSE_IRQHandler
                0x00016660        0x4 C:\Users\Preshit\SimplicityStudio\v4_workspace\IOT_project\platform\radio\rail_lib\autogen\librail_release\librail_efr32xg1_gcc_release.a(rfsense.o)
                0x00016660                RFSENSE_IRQHandler
 .text.RTCCSYNC_RTCCClockFreqGet
                0x00016664       0x30 C:\Users\Preshit\SimplicityStudio\v4_workspace\IOT_project\platform\radio\rail_lib\autogen\librail_release\librail_efr32xg1_gcc_release.a(rtccsync.o)
 .text.RTCCSYNC_Init
                0x00016694       0x10 C:\Users\Preshit\SimplicityStudio\v4_workspace\IOT_project\platform\radio\rail_lib\autogen\librail_release\librail_efr32xg1_gcc_release.a(rtccsync.o)
                0x00016694                RTCCSYNC_Init
 .text.RTCCSYNC_PreSleep
                0x000166a4      0x260 C:\Users\Preshit\SimplicityStudio\v4_workspace\IOT_project\platform\radio\rail_lib\autogen\librail_release\librail_efr32xg1_gcc_release.a(rtccsync.o)
                0x000166a4                RTCCSYNC_PreSleep
 .text.RTCCSYNC_PostWakeUp
                0x00016904      0x1c4 C:\Users\Preshit\SimplicityStudio\v4_workspace\IOT_project\platform\radio\rail_lib\autogen\librail_release\librail_efr32xg1_gcc_release.a(rtccsync.o)
                0x00016904                RTCCSYNC_PostWakeUp
 .text.SYNTH_RfFreqGet
                0x00016ac8        0xc C:\Users\Preshit\SimplicityStudio\v4_workspace\IOT_project\platform\radio\rail_lib\autogen\librail_release\librail_efr32xg1_gcc_release.a(synth.o)
                0x00016ac8                SYNTH_RfFreqGet
 .text.SYNTH_ChSpacingGet
                0x00016ad4        0xc C:\Users\Preshit\SimplicityStudio\v4_workspace\IOT_project\platform\radio\rail_lib\autogen\librail_release\librail_efr32xg1_gcc_release.a(synth.o)
                0x00016ad4                SYNTH_ChSpacingGet
 .text.SYNTH_LoDivGet
                0x00016ae0       0x20 C:\Users\Preshit\SimplicityStudio\v4_workspace\IOT_project\platform\radio\rail_lib\autogen\librail_release\librail_efr32xg1_gcc_release.a(synth.o)
                0x00016ae0                SYNTH_LoDivGet
 .text.SYNTH_Is2p4GHz
                0x00016b00       0x14 C:\Users\Preshit\SimplicityStudio\v4_workspace\IOT_project\platform\radio\rail_lib\autogen\librail_release\librail_efr32xg1_gcc_release.a(synth.o)
                0x00016b00                SYNTH_Is2p4GHz
 .text.SYNTH_VcoRangeIsValid
                0x00016b14       0x30 C:\Users\Preshit\SimplicityStudio\v4_workspace\IOT_project\platform\radio\rail_lib\autogen\librail_release\librail_efr32xg1_gcc_release.a(synth.o)
                0x00016b14                SYNTH_VcoRangeIsValid
 .text.SYNTH_RetimeLimitsConfig
                0x00016b44       0x64 C:\Users\Preshit\SimplicityStudio\v4_workspace\IOT_project\platform\radio\rail_lib\autogen\librail_release\librail_efr32xg1_gcc_release.a(synth.o)
                0x00016b44                SYNTH_RetimeLimitsConfig
 .text.SYNTH_RetimeClkConfig
                0x00016ba8       0xb4 C:\Users\Preshit\SimplicityStudio\v4_workspace\IOT_project\platform\radio\rail_lib\autogen\librail_release\librail_efr32xg1_gcc_release.a(synth.o)
                0x00016ba8                SYNTH_RetimeClkConfig
 .text.SYNTH_Config
                0x00016c5c      0x108 C:\Users\Preshit\SimplicityStudio\v4_workspace\IOT_project\platform\radio\rail_lib\autogen\librail_release\librail_efr32xg1_gcc_release.a(synth.o)
                0x00016c5c                SYNTH_Config
 .text.SYNTH_ChannelSet
                0x00016d64       0x40 C:\Users\Preshit\SimplicityStudio\v4_workspace\IOT_project\platform\radio\rail_lib\autogen\librail_release\librail_efr32xg1_gcc_release.a(synth.o)
                0x00016d64                SYNTH_ChannelSet
 .text.SYNTH_DCDCRetimeClkSet
                0x00016da4       0x6c C:\Users\Preshit\SimplicityStudio\v4_workspace\IOT_project\platform\radio\rail_lib\autogen\librail_release\librail_efr32xg1_gcc_release.a(synth.o)
                0x00016da4                SYNTH_DCDCRetimeClkSet
 .text.SYNTH_DCDCRetimeEnable
                0x00016e10       0x18 C:\Users\Preshit\SimplicityStudio\v4_workspace\IOT_project\platform\radio\rail_lib\autogen\librail_release\librail_efr32xg1_gcc_release.a(synth.o)
                0x00016e10                SYNTH_DCDCRetimeEnable
 .text.SYNTH_DCDCRetimeDisable
                0x00016e28       0x18 C:\Users\Preshit\SimplicityStudio\v4_workspace\IOT_project\platform\radio\rail_lib\autogen\librail_release\librail_efr32xg1_gcc_release.a(synth.o)
                0x00016e28                SYNTH_DCDCRetimeDisable
 .text.SYNTH_KvnFreqCompensationEnable
                0x00016e40        0xc C:\Users\Preshit\SimplicityStudio\v4_workspace\IOT_project\platform\radio\rail_lib\autogen\librail_release\librail_efr32xg1_gcc_release.a(synth.o)
                0x00016e40                SYNTH_KvnFreqCompensationEnable
 .text.RADIOCMU_ClockEnable
                0x00016e4c       0x40 C:\Users\Preshit\SimplicityStudio\v4_workspace\IOT_project\platform\radio\rail_lib\autogen\librail_release\librail_efr32xg1_gcc_release.a(radio_cmu.o)
                0x00016e4c                RADIOCMU_ClockEnable
 .text.RADIOCMU_ClockFreqGet
                0x00016e8c       0x88 C:\Users\Preshit\SimplicityStudio\v4_workspace\IOT_project\platform\radio\rail_lib\autogen\librail_release\librail_efr32xg1_gcc_release.a(radio_cmu.o)
                0x00016e8c                RADIOCMU_ClockFreqGet
 .text.RADIOCMU_ClockPrescGet
                0x00016f14       0x1c C:\Users\Preshit\SimplicityStudio\v4_workspace\IOT_project\platform\radio\rail_lib\autogen\librail_release\librail_efr32xg1_gcc_release.a(radio_cmu.o)
                0x00016f14                RADIOCMU_ClockPrescGet
 .text.TEMPCAL_Init
                0x00016f30       0x40 C:\Users\Preshit\SimplicityStudio\v4_workspace\IOT_project\platform\radio\rail_lib\autogen\librail_release\librail_efr32xg1_gcc_release.a(tempcal.o)
                0x00016f30                TEMPCAL_Init
 .text.TIMING_PreambleSyncBits